<!doctype html public "-//w3c//dtd html 4.0 transitional//en">
<html><head>
<title>Static Call Graph - [.\CompileOutput\Main.axf]</title></head>
<body><HR>
<H1>Static Call Graph for image .\CompileOutput\Main.axf</H1><HR>
<BR><P>#&#060CALLGRAPH&#062# ARM Linker, RVCT4.0 [Build 728]: Last Updated: Thu Aug 20 08:45:49 2015
<BR><P>
<H3>Maximum Stack Usage =          0 bytes + Unknown(Cycles, Untraceable Function Pointers)</H3><H3>
Call chain for Maximum Stack Depth:</H3>

<P>
<H3>
Mutually Recursive functions
</H3> <LI><a href="#[16deb30]">ADC1_2_IRQHandler</a>&nbsp;&nbsp;&nbsp;&rArr;&nbsp;&nbsp;&nbsp;<a href="#[16deb30]">ADC1_2_IRQHandler</a><BR>
</UL>
<P>
<H3>
Function Pointers
</H3><UL>
 <LI><a href="#[1663294]">Message_delete_this</a>
 <LI><a href="#[16632d0]">Message_delete_all</a>
 <LI><a href="#[1663618]">WriteMessage</a>
 <LI><a href="#[16631e0]">ReceiveMailBox</a>
 <LI><a href="#[1663744]">MobileQQ</a>
 <LI><a href="#[16636cc]">SendedMessage</a>
 <LI><a href="#[1663708]">SendedBox</a>
 <LI><a href="#[16638e8]">DraftBox</a>
 <LI><a href="#[1663780]">MessageSet</a>
 <LI><a href="#[16637bc]">MessageCapacity</a>
 <LI><a href="#[1663960]">ColorWriteMessage</a>
 <LI><a href="#[1663a14]">ColorReceiveMailBox</a>
 <LI><a href="#[166399c]">ColorSendedMessage</a>
 <LI><a href="#[16639d8]">ColorSendedBox</a>
 <LI><a href="#[1663ac8]">ColorDraftBox</a>
 <LI><a href="#[1663a50]">ColorMessageSet</a>
 <LI><a href="#[1663a8c]">ColorMessageCapacity</a>
 <LI><a href="#[1663b7c]">BroadCastRead</a>
 <LI><a href="#[1663b40]">BroadCastStart</a>
 <LI><a href="#[1663bf4]">BroadCastChannelSet</a>
 <LI><a href="#[1663bb8]">BroadCastLanguageSelect</a>
 <LI><a href="#[1663654]">VoiceBoxReceive</a>
 <LI><a href="#[1663690]">VoiceBoxNumberSet</a>
 <LI><a href="#[1663870]">MainMenuScreen_Message_ShortMessage</a>
 <LI><a href="#[16638ac]">MainMenuScreen_Message_ColorMessage</a>
 <LI><a href="#[16637f8]">MainMenuScreen_Message_XiaoquGuanbo</a>
 <LI><a href="#[1663834]">MainMenuScreen_Message_VoiceMailbox</a>
 <LI><a href="#[16e6a74]">TemporaryNotProvideThisFunction</a>
 <LI><a href="#[16e6a74]">TemporaryNotProvideThisFunction</a>
 <LI><a href="#[16e75b4]">ExternalSerail1_GSMModule</a>
 <LI><a href="#[16e6c90]">ReadEepromPage</a>
 <LI><a href="#[16e7668]">EraseEepromPage</a>
 <LI><a href="#[16e735c]">SelfTest_ReadEepromPage0_30</a>
 <LI><a href="#[16e762c]">EraseEepromPage0_30</a>
 <LI><a href="#[16e75f0]">EraseFlashPage</a>
 <LI><a href="#[16e7578]">ReadFlashPage</a>
 <LI><a href="#[16e72a8]">WriteFlashPage</a>
 <LI><a href="#[16e6b28]">SelfTest_Soft</a>
 <LI><a href="#[16e6ee8]">FromInput_Test</a>
 <LI><a href="#[16e74c4]">SelfTest_Key</a>
 <LI><a href="#[16e7488]">SelfTest_LED</a>
 <LI><a href="#[16e744c]">SelfTest_MagCard</a>
 <LI><a href="#[16e753c]">SelfTest_BatVoltage</a>
 <LI><a href="#[16e73d4]">SelfTest_Printer</a>
 <LI><a href="#[16e7410]">SelfTest_MakeCall</a>
 <LI><a href="#[16e7320]">SelfTest_SendSMS</a>
 <LI><a href="#[16e6c18]">SelfTest_PSAM1Test</a>
 <LI><a href="#[16e6bdc]">SelfTest_PSAM2Test</a>
 <LI><a href="#[16e6c54]">SelfTest_ICTest</a>
 <LI><a href="#[16e6a74]">TemporaryNotProvideThisFunction</a>
 <LI><a href="#[16e6a74]">TemporaryNotProvideThisFunction</a>
 <LI><a href="#[16e7500]">SelfTest_DisplayFont</a>
 <LI><a href="#[16e7398]">SelfTest_PrinterFont</a>
 <LI><a href="#[16e72e4]">UpgradeChinese</a>
 <LI><a href="#[16e6b64]">SelfTest_ReceiveMessage</a>
 <LI><a href="#[16631e0]">ReceiveMailBox</a>
 <LI><a href="#[16e6ab0]">SoftWare_Debug</a>
 <LI><a href="#[16e6a74]">TemporaryNotProvideThisFunction</a>
 <LI><a href="#[16e3b1c]">Polish_Display_Keytone_Close</a>
 <LI><a href="#[16e3ae0]">Polish_Display_Keytone_Open</a>
 <LI><a href="#[16e3dec]">LanguageSet_Chinese</a>
 <LI><a href="#[16e3db0]">LanguageSet_English</a>
 <LI><a href="#[16e41e8]">BasicApnSetApn</a>
 <LI><a href="#[16e4170]">BasicApnSetUsername</a>
 <LI><a href="#[16e41ac]">BasicApnSetPassword</a>
 <LI><a href="#[16e294c]">DisplayVersion</a>
 <LI><a href="#[16e4044]">DisplayCID</a>
 <LI><a href="#[16e3fcc]">Display_IMEI</a>
 <LI><a href="#[16e4008]">Display_ChipId</a>
 <LI><a href="#[16e3f54]">Display_RandomNumber</a>
 <LI><a href="#[16e3f90]">Display_KMY_LibVersion</a>
 <LI><a href="#[16e3cc0]">NetworkSet_GPRS</a>
 <LI><a href="#[16e3c84]">NetworkSet_WiFi</a>
 <LI><a href="#[16e3f18]">Download_File</a>
 <LI><a href="#[16e3a2c]">PrintLogo</a>
 <LI><a href="#[16e40f8]">ContrastSet</a>
 <LI><a href="#[16e3a68]">PrintDensitySet</a>
 <LI><a href="#[16e4134]">BasicKeyTone</a>
 <LI><a href="#[16e39b4]">TimeDateSet</a>
 <LI><a href="#[16e3978]">TimeZoneSet</a>
 <LI><a href="#[16e3aa4]">PowerOffScreenTime</a>
 <LI><a href="#[16e3e28]">LanguageSet</a>
 <LI><a href="#[16e2c58]">ReadSomeMessage</a>
 <LI><a href="#[16e3cfc]">NetworkSet</a>
 <LI><a href="#[16e3b58]">PIN_OpenClose</a>
 <LI><a href="#[16e3b94]">PIN_Change</a>
 <LI><a href="#[1663078]">PIN_Store</a>
 <LI><a href="#[16e3c48]">Network_Close</a>
 <LI><a href="#[16e3c0c]">Network_Open</a>
 <LI><a href="#[16e3bd0]">OpPsword</a>
 <LI><a href="#[16e3090]">InitParameterSet</a>
 <LI><a href="#[16e2dfc]">PinSet</a>
 <LI><a href="#[16e39f0]">RestoreChuChangSet</a>
 <LI><a href="#[16e3edc]">FormatEEPROM</a>
 <LI><a href="#[16e2b68]">TerminalIDSet</a>
 <LI><a href="#[16e2b2c]">TerminalPasswordSet</a>
 <LI><a href="#[16e3d74]">LoclaIPSet</a>
 <LI><a href="#[16e3ea0]">GatewaySet</a>
 <LI><a href="#[16e3d38]">MaskSet</a>
 <LI><a href="#[16e40bc]">DNSSet</a>
 <LI><a href="#[16e2820]">Search_Wifi</a>
 <LI><a href="#[16e3900]">WIFIParmeterSet</a>
 <LI><a href="#[16e2a00]">WANSet</a>
 <LI><a href="#[16e285c]">Reset_WiFi</a>
 <LI><a href="#[16e27e4]">WPManage</a>
 <LI><a href="#[16e4080]">DhcpSet</a>
 <LI><a href="#[16e393c]">WIFIParStore</a>
 <LI><a href="#[16e393c]">WIFIParStore</a>
 <LI><a href="#[16ded88]">Reset_Handler</a>
 <LI><a href="#[16df454]">NMI_Handler</a>
 <LI><a href="#[16df4cc]">HardFault_Handler</a>
 <LI><a href="#[16df490]">MemManage_Handler</a>
 <LI><a href="#[16df544]">BusFault_Handler</a>
 <LI><a href="#[16df364]">UsageFault_Handler</a>
 <LI><a href="#[16df3dc]">SVC_Handler</a>
 <LI><a href="#[16df508]">DebugMon_Handler</a>
 <LI><a href="#[16df418]">PendSV_Handler</a>
 <LI><a href="#[16df3a0]">SysTick_Handler</a>
 <LI><a href="#[16ddd5c]">WWDG_IRQHandler</a>
 <LI><a href="#[16de4a0]">PVD_IRQHandler</a>
 <LI><a href="#[16de2c0]">TAMPER_IRQHandler</a>
 <LI><a href="#[16de3ec]">RTC_IRQHandler</a>
 <LI><a href="#[16de608]">FLASH_IRQHandler</a>
 <LI><a href="#[16de464]">RCC_IRQHandler</a>
 <LI><a href="#[16de7ac]">EXTI0_IRQHandler</a>
 <LI><a href="#[16de734]">EXTI1_IRQHandler</a>
 <LI><a href="#[16de6f8]">EXTI2_IRQHandler</a>
 <LI><a href="#[16de6bc]">EXTI3_IRQHandler</a>
 <LI><a href="#[16de680]">EXTI4_IRQHandler</a>
 <LI><a href="#[16dea40]">DMA1_Channel1_IRQHandler</a>
 <LI><a href="#[16dea04]">DMA1_Channel2_IRQHandler</a>
 <LI><a href="#[16de9c8]">DMA1_Channel3_IRQHandler</a>
 <LI><a href="#[16de98c]">DMA1_Channel4_IRQHandler</a>
 <LI><a href="#[16de950]">DMA1_Channel5_IRQHandler</a>
 <LI><a href="#[16de914]">DMA1_Channel6_IRQHandler</a>
 <LI><a href="#[16de8d8]">DMA1_Channel7_IRQHandler</a>
 <LI><a href="#[16deb30]">ADC1_2_IRQHandler</a>
 <LI><a href="#[16dddd4]">USB_HP_CAN1_TX_IRQHandler</a>
 <LI><a href="#[16ddd98]">USB_LP_CAN1_RX0_IRQHandler</a>
 <LI><a href="#[16deab8]">CAN1_RX1_IRQHandler</a>
 <LI><a href="#[16dea7c]">CAN1_SCE_IRQHandler</a>
 <LI><a href="#[16de644]">EXTI9_5_IRQHandler</a>
 <LI><a href="#[16de284]">TIM1_BRK_IRQHandler</a>
 <LI><a href="#[16de1d0]">TIM1_UP_IRQHandler</a>
 <LI><a href="#[16de20c]">TIM1_TRG_COM_IRQHandler</a>
 <LI><a href="#[16de248]">TIM1_CC_IRQHandler</a>
 <LI><a href="#[17187dc]">TIM2_IRQHandler</a>
 <LI><a href="#[17187a0]">TIM3_IRQHandler</a>
 <LI><a href="#[16de11c]">TIM4_IRQHandler</a>
 <LI><a href="#[16de554]">I2C1_EV_IRQHandler</a>
 <LI><a href="#[16de590]">I2C1_ER_IRQHandler</a>
 <LI><a href="#[16de4dc]">I2C2_EV_IRQHandler</a>
 <LI><a href="#[16de518]">I2C2_ER_IRQHandler</a>
 <LI><a href="#[16de374]">SPI1_IRQHandler</a>
 <LI><a href="#[16de338]">SPI2_IRQHandler</a>
 <LI><a href="#[171850c]">USART1_IRQHandler</a>
 <LI><a href="#[1718bd8]">USART2_IRQHandler</a>
 <LI><a href="#[16dde4c]">USART3_IRQHandler</a>
 <LI><a href="#[171ab40]">EXTI15_10_IRQHandler</a>
 <LI><a href="#[16de428]">RTCAlarm_IRQHandler</a>
 <LI><a href="#[16dde10]">USBWakeUp_IRQHandler</a>
 <LI><a href="#[16de02c]">TIM8_BRK_IRQHandler</a>
 <LI><a href="#[16ddf78]">TIM8_UP_IRQHandler</a>
 <LI><a href="#[16ddfb4]">TIM8_TRG_COM_IRQHandler</a>
 <LI><a href="#[16ddff0]">TIM8_CC_IRQHandler</a>
 <LI><a href="#[16deaf4]">ADC3_IRQHandler</a>
 <LI><a href="#[16de5cc]">FSMC_IRQHandler</a>
 <LI><a href="#[16de3b0]">SDIO_IRQHandler</a>
 <LI><a href="#[16de0e0]">TIM5_IRQHandler</a>
 <LI><a href="#[16de2fc]">SPI3_IRQHandler</a>
 <LI><a href="#[17182f0]">UART4_IRQHandler</a>
 <LI><a href="#[171805c]">UART5_IRQHandler</a>
 <LI><a href="#[16de0a4]">TIM6_IRQHandler</a>
 <LI><a href="#[16de068]">TIM7_IRQHandler</a>
 <LI><a href="#[16de89c]">DMA2_Channel1_IRQHandler</a>
 <LI><a href="#[16de860]">DMA2_Channel2_IRQHandler</a>
 <LI><a href="#[16de824]">DMA2_Channel3_IRQHandler</a>
 <LI><a href="#[16de7e8]">DMA2_Channel4_5_IRQHandler</a>
 <LI><a href="#[166588c]">main</a>
 <LI><a href="#[16df094]">SystemInit</a>
 <LI><a href="#[22c3400]">__main</a>
 <LI><a href="#[1665ee0]">ProcStandbyKey</a>
 <LI><a href="#[1665a6c]">MainMenuScreen</a>
 <LI><a href="#[1665ee0]">ProcStandbyKey</a>
 <LI><a href="#[166579c]">MainMenuScreen_Settings</a>
 <LI><a href="#[16656ac]">SelfTest</a>
 <LI><a href="#[1662a9c]">fputc</a>
 <LI><a href="#[22bb6d8]">_sputc</a>
 <LI><a href="#[1665ee0]">ProcStandbyKey</a>
 <LI><a href="#[166aa1c]">AcceptOrder</a>
 <LI><a href="#[166a1ac]">RejectOrder</a>
 <LI><a href="#[166a314]">Latest_Orders</a>
 <LI><a href="#[166a7c4]">Confirm_Orders</a>
 <LI><a href="#[166a170]">Reject_Orders</a>
 <LI><a href="#[166a74c]">Delete_Orders</a>
 <LI><a href="#[16e2ab4]">UpdateParameter</a>
 <LI><a href="#[16e41e8]">BasicApnSetApn</a>
 <LI><a href="#[16e4170]">BasicApnSetUsername</a>
 <LI><a href="#[16e41ac]">BasicApnSetPassword</a>
 <LI><a href="#[16e3e64]">IpAddSet</a>
 <LI><a href="#[16e2a3c]">VersionURL_Set</a>
 <LI><a href="#[16e2a78]">UpgradeURL_Set</a>
 <LI><a href="#[16e2e38]">OrderURL_set</a>
 <LI><a href="#[16e31f8]">Callback_set</a>
 <LI><a href="#[16e2be0]">RestaurantID_set</a>
 <LI><a href="#[16e2fdc]">LoginUsername_set</a>
 <LI><a href="#[16e3018]">LoginPassword_set</a>
 <LI><a href="#[16e4134]">BasicKeyTone</a>
 <LI><a href="#[16e3180]">CheckOrderInterval_set</a>
 <LI><a href="#[16e2eb0]">NetOpenTime_set</a>
 <LI><a href="#[16e2eec]">NetCloseTime_set</a>
 <LI><a href="#[16e3234]">BeepDuration_set</a>
 <LI><a href="#[16e2c1c]">RejectReason_set</a>
 <LI><a href="#[16e2d0c]">PrintPageHeader_set</a>
 <LI><a href="#[16e2d48]">PrintPageFooter_set</a>
 <LI><a href="#[16e3360]">AcceptTimeMode_set</a>
 <LI><a href="#[16e2e74]">NetworkONOFF_set</a>
 <LI><a href="#[16e3270]">BasicSettings</a>
 <LI><a href="#[16e3324]">AdvancedSet</a>
 <LI><a href="#[16e29c4]">WIFISet</a>
 <LI><a href="#[1663294]">Message_delete_this</a>
 <LI><a href="#[16632d0]">Message_delete_all</a>
 <LI><a href="#[1663618]">WriteMessage</a>
 <LI><a href="#[16631e0]">ReceiveMailBox</a>
 <LI><a href="#[1663744]">MobileQQ</a>
 <LI><a href="#[16636cc]">SendedMessage</a>
 <LI><a href="#[1663708]">SendedBox</a>
 <LI><a href="#[16638e8]">DraftBox</a>
 <LI><a href="#[1663780]">MessageSet</a>
 <LI><a href="#[16637bc]">MessageCapacity</a>
 <LI><a href="#[1663960]">ColorWriteMessage</a>
 <LI><a href="#[1663a14]">ColorReceiveMailBox</a>
 <LI><a href="#[166399c]">ColorSendedMessage</a>
 <LI><a href="#[16639d8]">ColorSendedBox</a>
 <LI><a href="#[1663ac8]">ColorDraftBox</a>
 <LI><a href="#[1663a50]">ColorMessageSet</a>
 <LI><a href="#[1663a8c]">ColorMessageCapacity</a>
 <LI><a href="#[1663b7c]">BroadCastRead</a>
 <LI><a href="#[1663b40]">BroadCastStart</a>
 <LI><a href="#[1663bf4]">BroadCastChannelSet</a>
 <LI><a href="#[1663bb8]">BroadCastLanguageSelect</a>
 <LI><a href="#[1663654]">VoiceBoxReceive</a>
 <LI><a href="#[1663690]">VoiceBoxNumberSet</a>
 <LI><a href="#[1663870]">MainMenuScreen_Message_ShortMessage</a>
 <LI><a href="#[16638ac]">MainMenuScreen_Message_ColorMessage</a>
 <LI><a href="#[16637f8]">MainMenuScreen_Message_XiaoquGuanbo</a>
 <LI><a href="#[1663834]">MainMenuScreen_Message_VoiceMailbox</a>
 <LI><a href="#[16e6a74]">TemporaryNotProvideThisFunction</a>
 <LI><a href="#[16e6a74]">TemporaryNotProvideThisFunction</a>
 <LI><a href="#[16e75b4]">ExternalSerail1_GSMModule</a>
 <LI><a href="#[16e6c90]">ReadEepromPage</a>
 <LI><a href="#[16e7668]">EraseEepromPage</a>
 <LI><a href="#[16e735c]">SelfTest_ReadEepromPage0_30</a>
 <LI><a href="#[16e762c]">EraseEepromPage0_30</a>
 <LI><a href="#[16e75f0]">EraseFlashPage</a>
 <LI><a href="#[16e7578]">ReadFlashPage</a>
 <LI><a href="#[16e72a8]">WriteFlashPage</a>
 <LI><a href="#[16e6b28]">SelfTest_Soft</a>
 <LI><a href="#[16e6ee8]">FromInput_Test</a>
 <LI><a href="#[16e74c4]">SelfTest_Key</a>
 <LI><a href="#[16e7488]">SelfTest_LED</a>
 <LI><a href="#[16e744c]">SelfTest_MagCard</a>
 <LI><a href="#[16e753c]">SelfTest_BatVoltage</a>
 <LI><a href="#[16e73d4]">SelfTest_Printer</a>
 <LI><a href="#[16e7410]">SelfTest_MakeCall</a>
 <LI><a href="#[16e7320]">SelfTest_SendSMS</a>
 <LI><a href="#[16e6c18]">SelfTest_PSAM1Test</a>
 <LI><a href="#[16e6bdc]">SelfTest_PSAM2Test</a>
 <LI><a href="#[16e6c54]">SelfTest_ICTest</a>
 <LI><a href="#[16e6a74]">TemporaryNotProvideThisFunction</a>
 <LI><a href="#[16e6a74]">TemporaryNotProvideThisFunction</a>
 <LI><a href="#[16e7500]">SelfTest_DisplayFont</a>
 <LI><a href="#[16e7398]">SelfTest_PrinterFont</a>
 <LI><a href="#[16e72e4]">UpgradeChinese</a>
 <LI><a href="#[16e6b64]">SelfTest_ReceiveMessage</a>
 <LI><a href="#[16631e0]">ReceiveMailBox</a>
 <LI><a href="#[16e6ab0]">SoftWare_Debug</a>
 <LI><a href="#[16e6a74]">TemporaryNotProvideThisFunction</a>
 <LI><a href="#[16e3b1c]">Polish_Display_Keytone_Close</a>
 <LI><a href="#[16e3ae0]">Polish_Display_Keytone_Open</a>
 <LI><a href="#[16e3dec]">LanguageSet_Chinese</a>
 <LI><a href="#[16e3db0]">LanguageSet_English</a>
 <LI><a href="#[16e41e8]">BasicApnSetApn</a>
 <LI><a href="#[16e4170]">BasicApnSetUsername</a>
 <LI><a href="#[16e41ac]">BasicApnSetPassword</a>
 <LI><a href="#[16e294c]">DisplayVersion</a>
 <LI><a href="#[16e4044]">DisplayCID</a>
 <LI><a href="#[16e3fcc]">Display_IMEI</a>
 <LI><a href="#[16e4008]">Display_ChipId</a>
 <LI><a href="#[16e3f54]">Display_RandomNumber</a>
 <LI><a href="#[16e3f90]">Display_KMY_LibVersion</a>
 <LI><a href="#[16e3cc0]">NetworkSet_GPRS</a>
 <LI><a href="#[16e3c84]">NetworkSet_WiFi</a>
 <LI><a href="#[16e3f18]">Download_File</a>
 <LI><a href="#[16e3a2c]">PrintLogo</a>
 <LI><a href="#[16e40f8]">ContrastSet</a>
 <LI><a href="#[16e3a68]">PrintDensitySet</a>
 <LI><a href="#[16e4134]">BasicKeyTone</a>
 <LI><a href="#[16e39b4]">TimeDateSet</a>
 <LI><a href="#[16e3978]">TimeZoneSet</a>
 <LI><a href="#[16e3aa4]">PowerOffScreenTime</a>
 <LI><a href="#[16e3e28]">LanguageSet</a>
 <LI><a href="#[16e2c58]">ReadSomeMessage</a>
 <LI><a href="#[16e3cfc]">NetworkSet</a>
 <LI><a href="#[16e3b58]">PIN_OpenClose</a>
 <LI><a href="#[16e3b94]">PIN_Change</a>
 <LI><a href="#[1663078]">PIN_Store</a>
 <LI><a href="#[16e3c48]">Network_Close</a>
 <LI><a href="#[16e3c0c]">Network_Open</a>
 <LI><a href="#[16e3bd0]">OpPsword</a>
 <LI><a href="#[16e3090]">InitParameterSet</a>
 <LI><a href="#[16e2dfc]">PinSet</a>
 <LI><a href="#[16e39f0]">RestoreChuChangSet</a>
 <LI><a href="#[16e3edc]">FormatEEPROM</a>
 <LI><a href="#[16e2b68]">TerminalIDSet</a>
 <LI><a href="#[16e2b2c]">TerminalPasswordSet</a>
 <LI><a href="#[16e3d74]">LoclaIPSet</a>
 <LI><a href="#[16e3ea0]">GatewaySet</a>
 <LI><a href="#[16e3d38]">MaskSet</a>
 <LI><a href="#[16e40bc]">DNSSet</a>
 <LI><a href="#[16e2820]">Search_Wifi</a>
 <LI><a href="#[16e3900]">WIFIParmeterSet</a>
 <LI><a href="#[16e2a00]">WANSet</a>
 <LI><a href="#[16e285c]">Reset_WiFi</a>
 <LI><a href="#[16e27e4]">WPManage</a>
 <LI><a href="#[16e4080]">DhcpSet</a>
 <LI><a href="#[16e393c]">WIFIParStore</a>
 <LI><a href="#[16e393c]">WIFIParStore</a>
</UL>
<P>
<H3>
Global Symbols
</H3>
<P><STRONG><a name="[22c3400]"></a>__main</STRONG> (Thumb, 0 bytes, Stack size 0 bytes, entry.o(.ARM.Collect$$$$00000000))
<BR>[Address Reference Count : 1]<UL><LI> startup_stm32f10x_hd.o(.text)
</UL>
<P><STRONG><a name="[22b9284]"></a>_main_scatterload</STRONG> (Thumb, 0 bytes, Stack size 0 bytes, entry5.o(.ARM.Collect$$$$00000004))
<BR><BR>[Calls]<UL><LI><a href="#[22b7d6c]">&gt;&gt;</a>&nbsp;&nbsp;&nbsp;__scatterload
</UL>

<P><STRONG><a name="[22b9248]"></a>__main_after_scatterload</STRONG> (Thumb, 0 bytes, Stack size 0 bytes, entry5.o(.ARM.Collect$$$$00000004))
<BR><BR>[Called By]<UL><LI><a href="#[22b7d6c]">&gt;&gt;</a>&nbsp;&nbsp;&nbsp;__scatterload
</UL>

<P><STRONG><a name="[16ded88]"></a>Reset_Handler</STRONG> (Thumb, 8 bytes, Stack size 0 bytes, startup_stm32f10x_hd.o(.text))
<BR>[Address Reference Count : 1]<UL><LI> startup_stm32f10x_hd.o(RESET)
</UL>
<P><STRONG><a name="[16deb30]"></a>ADC1_2_IRQHandler</STRONG> (Thumb, 0 bytes, Stack size 0 bytes, startup_stm32f10x_hd.o(.text))
<BR><BR>[Calls]<UL><LI><a href="#[16deb30]">&gt;&gt;</a>&nbsp;&nbsp;&nbsp;ADC1_2_IRQHandler
</UL>
<BR>[Called By]<UL><LI><a href="#[16deb30]">&gt;&gt;</a>&nbsp;&nbsp;&nbsp;ADC1_2_IRQHandler
</UL>
<BR>[Address Reference Count : 1]<UL><LI> startup_stm32f10x_hd.o(RESET)
</UL>
<P><STRONG><a name="[16deaf4]"></a>ADC3_IRQHandler</STRONG> (Thumb, 0 bytes, Stack size 0 bytes, startup_stm32f10x_hd.o(.text))
<BR>[Address Reference Count : 1]<UL><LI> startup_stm32f10x_hd.o(RESET)
</UL>
<P><STRONG><a name="[16deab8]"></a>CAN1_RX1_IRQHandler</STRONG> (Thumb, 0 bytes, Stack size 0 bytes, startup_stm32f10x_hd.o(.text))
<BR>[Address Reference Count : 1]<UL><LI> startup_stm32f10x_hd.o(RESET)
</UL>
<P><STRONG><a name="[16dea7c]"></a>CAN1_SCE_IRQHandler</STRONG> (Thumb, 0 bytes, Stack size 0 bytes, startup_stm32f10x_hd.o(.text))
<BR>[Address Reference Count : 1]<UL><LI> startup_stm32f10x_hd.o(RESET)
</UL>
<P><STRONG><a name="[16dea40]"></a>DMA1_Channel1_IRQHandler</STRONG> (Thumb, 0 bytes, Stack size 0 bytes, startup_stm32f10x_hd.o(.text))
<BR>[Address Reference Count : 1]<UL><LI> startup_stm32f10x_hd.o(RESET)
</UL>
<P><STRONG><a name="[16dea04]"></a>DMA1_Channel2_IRQHandler</STRONG> (Thumb, 0 bytes, Stack size 0 bytes, startup_stm32f10x_hd.o(.text))
<BR>[Address Reference Count : 1]<UL><LI> startup_stm32f10x_hd.o(RESET)
</UL>
<P><STRONG><a name="[16de9c8]"></a>DMA1_Channel3_IRQHandler</STRONG> (Thumb, 0 bytes, Stack size 0 bytes, startup_stm32f10x_hd.o(.text))
<BR>[Address Reference Count : 1]<UL><LI> startup_stm32f10x_hd.o(RESET)
</UL>
<P><STRONG><a name="[16de98c]"></a>DMA1_Channel4_IRQHandler</STRONG> (Thumb, 0 bytes, Stack size 0 bytes, startup_stm32f10x_hd.o(.text))
<BR>[Address Reference Count : 1]<UL><LI> startup_stm32f10x_hd.o(RESET)
</UL>
<P><STRONG><a name="[16de950]"></a>DMA1_Channel5_IRQHandler</STRONG> (Thumb, 0 bytes, Stack size 0 bytes, startup_stm32f10x_hd.o(.text))
<BR>[Address Reference Count : 1]<UL><LI> startup_stm32f10x_hd.o(RESET)
</UL>
<P><STRONG><a name="[16de914]"></a>DMA1_Channel6_IRQHandler</STRONG> (Thumb, 0 bytes, Stack size 0 bytes, startup_stm32f10x_hd.o(.text))
<BR>[Address Reference Count : 1]<UL><LI> startup_stm32f10x_hd.o(RESET)
</UL>
<P><STRONG><a name="[16de8d8]"></a>DMA1_Channel7_IRQHandler</STRONG> (Thumb, 0 bytes, Stack size 0 bytes, startup_stm32f10x_hd.o(.text))
<BR>[Address Reference Count : 1]<UL><LI> startup_stm32f10x_hd.o(RESET)
</UL>
<P><STRONG><a name="[16de89c]"></a>DMA2_Channel1_IRQHandler</STRONG> (Thumb, 0 bytes, Stack size 0 bytes, startup_stm32f10x_hd.o(.text))
<BR>[Address Reference Count : 1]<UL><LI> startup_stm32f10x_hd.o(RESET)
</UL>
<P><STRONG><a name="[16de860]"></a>DMA2_Channel2_IRQHandler</STRONG> (Thumb, 0 bytes, Stack size 0 bytes, startup_stm32f10x_hd.o(.text))
<BR>[Address Reference Count : 1]<UL><LI> startup_stm32f10x_hd.o(RESET)
</UL>
<P><STRONG><a name="[16de824]"></a>DMA2_Channel3_IRQHandler</STRONG> (Thumb, 0 bytes, Stack size 0 bytes, startup_stm32f10x_hd.o(.text))
<BR>[Address Reference Count : 1]<UL><LI> startup_stm32f10x_hd.o(RESET)
</UL>
<P><STRONG><a name="[16de7e8]"></a>DMA2_Channel4_5_IRQHandler</STRONG> (Thumb, 0 bytes, Stack size 0 bytes, startup_stm32f10x_hd.o(.text))
<BR>[Address Reference Count : 1]<UL><LI> startup_stm32f10x_hd.o(RESET)
</UL>
<P><STRONG><a name="[16de7ac]"></a>EXTI0_IRQHandler</STRONG> (Thumb, 0 bytes, Stack size 0 bytes, startup_stm32f10x_hd.o(.text))
<BR>[Address Reference Count : 1]<UL><LI> startup_stm32f10x_hd.o(RESET)
</UL>
<P><STRONG><a name="[16de734]"></a>EXTI1_IRQHandler</STRONG> (Thumb, 0 bytes, Stack size 0 bytes, startup_stm32f10x_hd.o(.text))
<BR>[Address Reference Count : 1]<UL><LI> startup_stm32f10x_hd.o(RESET)
</UL>
<P><STRONG><a name="[16de6f8]"></a>EXTI2_IRQHandler</STRONG> (Thumb, 0 bytes, Stack size 0 bytes, startup_stm32f10x_hd.o(.text))
<BR>[Address Reference Count : 1]<UL><LI> startup_stm32f10x_hd.o(RESET)
</UL>
<P><STRONG><a name="[16de6bc]"></a>EXTI3_IRQHandler</STRONG> (Thumb, 0 bytes, Stack size 0 bytes, startup_stm32f10x_hd.o(.text))
<BR>[Address Reference Count : 1]<UL><LI> startup_stm32f10x_hd.o(RESET)
</UL>
<P><STRONG><a name="[16de680]"></a>EXTI4_IRQHandler</STRONG> (Thumb, 0 bytes, Stack size 0 bytes, startup_stm32f10x_hd.o(.text))
<BR>[Address Reference Count : 1]<UL><LI> startup_stm32f10x_hd.o(RESET)
</UL>
<P><STRONG><a name="[16de644]"></a>EXTI9_5_IRQHandler</STRONG> (Thumb, 0 bytes, Stack size 0 bytes, startup_stm32f10x_hd.o(.text))
<BR>[Address Reference Count : 1]<UL><LI> startup_stm32f10x_hd.o(RESET)
</UL>
<P><STRONG><a name="[16de608]"></a>FLASH_IRQHandler</STRONG> (Thumb, 0 bytes, Stack size 0 bytes, startup_stm32f10x_hd.o(.text))
<BR>[Address Reference Count : 1]<UL><LI> startup_stm32f10x_hd.o(RESET)
</UL>
<P><STRONG><a name="[16de5cc]"></a>FSMC_IRQHandler</STRONG> (Thumb, 0 bytes, Stack size 0 bytes, startup_stm32f10x_hd.o(.text))
<BR>[Address Reference Count : 1]<UL><LI> startup_stm32f10x_hd.o(RESET)
</UL>
<P><STRONG><a name="[16de590]"></a>I2C1_ER_IRQHandler</STRONG> (Thumb, 0 bytes, Stack size 0 bytes, startup_stm32f10x_hd.o(.text))
<BR>[Address Reference Count : 1]<UL><LI> startup_stm32f10x_hd.o(RESET)
</UL>
<P><STRONG><a name="[16de554]"></a>I2C1_EV_IRQHandler</STRONG> (Thumb, 0 bytes, Stack size 0 bytes, startup_stm32f10x_hd.o(.text))
<BR>[Address Reference Count : 1]<UL><LI> startup_stm32f10x_hd.o(RESET)
</UL>
<P><STRONG><a name="[16de518]"></a>I2C2_ER_IRQHandler</STRONG> (Thumb, 0 bytes, Stack size 0 bytes, startup_stm32f10x_hd.o(.text))
<BR>[Address Reference Count : 1]<UL><LI> startup_stm32f10x_hd.o(RESET)
</UL>
<P><STRONG><a name="[16de4dc]"></a>I2C2_EV_IRQHandler</STRONG> (Thumb, 0 bytes, Stack size 0 bytes, startup_stm32f10x_hd.o(.text))
<BR>[Address Reference Count : 1]<UL><LI> startup_stm32f10x_hd.o(RESET)
</UL>
<P><STRONG><a name="[16de4a0]"></a>PVD_IRQHandler</STRONG> (Thumb, 0 bytes, Stack size 0 bytes, startup_stm32f10x_hd.o(.text))
<BR>[Address Reference Count : 1]<UL><LI> startup_stm32f10x_hd.o(RESET)
</UL>
<P><STRONG><a name="[16de464]"></a>RCC_IRQHandler</STRONG> (Thumb, 0 bytes, Stack size 0 bytes, startup_stm32f10x_hd.o(.text))
<BR>[Address Reference Count : 1]<UL><LI> startup_stm32f10x_hd.o(RESET)
</UL>
<P><STRONG><a name="[16de428]"></a>RTCAlarm_IRQHandler</STRONG> (Thumb, 0 bytes, Stack size 0 bytes, startup_stm32f10x_hd.o(.text))
<BR>[Address Reference Count : 1]<UL><LI> startup_stm32f10x_hd.o(RESET)
</UL>
<P><STRONG><a name="[16de3ec]"></a>RTC_IRQHandler</STRONG> (Thumb, 0 bytes, Stack size 0 bytes, startup_stm32f10x_hd.o(.text))
<BR>[Address Reference Count : 1]<UL><LI> startup_stm32f10x_hd.o(RESET)
</UL>
<P><STRONG><a name="[16de3b0]"></a>SDIO_IRQHandler</STRONG> (Thumb, 0 bytes, Stack size 0 bytes, startup_stm32f10x_hd.o(.text))
<BR>[Address Reference Count : 1]<UL><LI> startup_stm32f10x_hd.o(RESET)
</UL>
<P><STRONG><a name="[16de374]"></a>SPI1_IRQHandler</STRONG> (Thumb, 0 bytes, Stack size 0 bytes, startup_stm32f10x_hd.o(.text))
<BR>[Address Reference Count : 1]<UL><LI> startup_stm32f10x_hd.o(RESET)
</UL>
<P><STRONG><a name="[16de338]"></a>SPI2_IRQHandler</STRONG> (Thumb, 0 bytes, Stack size 0 bytes, startup_stm32f10x_hd.o(.text))
<BR>[Address Reference Count : 1]<UL><LI> startup_stm32f10x_hd.o(RESET)
</UL>
<P><STRONG><a name="[16de2fc]"></a>SPI3_IRQHandler</STRONG> (Thumb, 0 bytes, Stack size 0 bytes, startup_stm32f10x_hd.o(.text))
<BR>[Address Reference Count : 1]<UL><LI> startup_stm32f10x_hd.o(RESET)
</UL>
<P><STRONG><a name="[16de2c0]"></a>TAMPER_IRQHandler</STRONG> (Thumb, 0 bytes, Stack size 0 bytes, startup_stm32f10x_hd.o(.text))
<BR>[Address Reference Count : 1]<UL><LI> startup_stm32f10x_hd.o(RESET)
</UL>
<P><STRONG><a name="[16de284]"></a>TIM1_BRK_IRQHandler</STRONG> (Thumb, 0 bytes, Stack size 0 bytes, startup_stm32f10x_hd.o(.text))
<BR>[Address Reference Count : 1]<UL><LI> startup_stm32f10x_hd.o(RESET)
</UL>
<P><STRONG><a name="[16de248]"></a>TIM1_CC_IRQHandler</STRONG> (Thumb, 0 bytes, Stack size 0 bytes, startup_stm32f10x_hd.o(.text))
<BR>[Address Reference Count : 1]<UL><LI> startup_stm32f10x_hd.o(RESET)
</UL>
<P><STRONG><a name="[16de20c]"></a>TIM1_TRG_COM_IRQHandler</STRONG> (Thumb, 0 bytes, Stack size 0 bytes, startup_stm32f10x_hd.o(.text))
<BR>[Address Reference Count : 1]<UL><LI> startup_stm32f10x_hd.o(RESET)
</UL>
<P><STRONG><a name="[16de1d0]"></a>TIM1_UP_IRQHandler</STRONG> (Thumb, 0 bytes, Stack size 0 bytes, startup_stm32f10x_hd.o(.text))
<BR>[Address Reference Count : 1]<UL><LI> startup_stm32f10x_hd.o(RESET)
</UL>
<P><STRONG><a name="[16de11c]"></a>TIM4_IRQHandler</STRONG> (Thumb, 0 bytes, Stack size 0 bytes, startup_stm32f10x_hd.o(.text))
<BR>[Address Reference Count : 1]<UL><LI> startup_stm32f10x_hd.o(RESET)
</UL>
<P><STRONG><a name="[16de0e0]"></a>TIM5_IRQHandler</STRONG> (Thumb, 0 bytes, Stack size 0 bytes, startup_stm32f10x_hd.o(.text))
<BR>[Address Reference Count : 1]<UL><LI> startup_stm32f10x_hd.o(RESET)
</UL>
<P><STRONG><a name="[16de0a4]"></a>TIM6_IRQHandler</STRONG> (Thumb, 0 bytes, Stack size 0 bytes, startup_stm32f10x_hd.o(.text))
<BR>[Address Reference Count : 1]<UL><LI> startup_stm32f10x_hd.o(RESET)
</UL>
<P><STRONG><a name="[16de068]"></a>TIM7_IRQHandler</STRONG> (Thumb, 0 bytes, Stack size 0 bytes, startup_stm32f10x_hd.o(.text))
<BR>[Address Reference Count : 1]<UL><LI> startup_stm32f10x_hd.o(RESET)
</UL>
<P><STRONG><a name="[16de02c]"></a>TIM8_BRK_IRQHandler</STRONG> (Thumb, 0 bytes, Stack size 0 bytes, startup_stm32f10x_hd.o(.text))
<BR>[Address Reference Count : 1]<UL><LI> startup_stm32f10x_hd.o(RESET)
</UL>
<P><STRONG><a name="[16ddff0]"></a>TIM8_CC_IRQHandler</STRONG> (Thumb, 0 bytes, Stack size 0 bytes, startup_stm32f10x_hd.o(.text))
<BR>[Address Reference Count : 1]<UL><LI> startup_stm32f10x_hd.o(RESET)
</UL>
<P><STRONG><a name="[16ddfb4]"></a>TIM8_TRG_COM_IRQHandler</STRONG> (Thumb, 0 bytes, Stack size 0 bytes, startup_stm32f10x_hd.o(.text))
<BR>[Address Reference Count : 1]<UL><LI> startup_stm32f10x_hd.o(RESET)
</UL>
<P><STRONG><a name="[16ddf78]"></a>TIM8_UP_IRQHandler</STRONG> (Thumb, 0 bytes, Stack size 0 bytes, startup_stm32f10x_hd.o(.text))
<BR>[Address Reference Count : 1]<UL><LI> startup_stm32f10x_hd.o(RESET)
</UL>
<P><STRONG><a name="[16dde4c]"></a>USART3_IRQHandler</STRONG> (Thumb, 0 bytes, Stack size 0 bytes, startup_stm32f10x_hd.o(.text))
<BR>[Address Reference Count : 1]<UL><LI> startup_stm32f10x_hd.o(RESET)
</UL>
<P><STRONG><a name="[16dde10]"></a>USBWakeUp_IRQHandler</STRONG> (Thumb, 0 bytes, Stack size 0 bytes, startup_stm32f10x_hd.o(.text))
<BR>[Address Reference Count : 1]<UL><LI> startup_stm32f10x_hd.o(RESET)
</UL>
<P><STRONG><a name="[16dddd4]"></a>USB_HP_CAN1_TX_IRQHandler</STRONG> (Thumb, 0 bytes, Stack size 0 bytes, startup_stm32f10x_hd.o(.text))
<BR>[Address Reference Count : 1]<UL><LI> startup_stm32f10x_hd.o(RESET)
</UL>
<P><STRONG><a name="[16ddd98]"></a>USB_LP_CAN1_RX0_IRQHandler</STRONG> (Thumb, 0 bytes, Stack size 0 bytes, startup_stm32f10x_hd.o(.text))
<BR>[Address Reference Count : 1]<UL><LI> startup_stm32f10x_hd.o(RESET)
</UL>
<P><STRONG><a name="[16ddd5c]"></a>WWDG_IRQHandler</STRONG> (Thumb, 0 bytes, Stack size 0 bytes, startup_stm32f10x_hd.o(.text))
<BR>[Address Reference Count : 1]<UL><LI> startup_stm32f10x_hd.o(RESET)
</UL>
<P><STRONG><a name="[1665490]"></a>kmy_BatInit</STRONG> (Thumb, 62 bytes, Stack size 0 bytes, kmy_battarydrv.o(.text))
<BR><BR>[Calls]<UL><LI><a href="#[16e6984]">&gt;&gt;</a>&nbsp;&nbsp;&nbsp;GPIO_Init
<LI><a href="#[172174c]">&gt;&gt;</a>&nbsp;&nbsp;&nbsp;RCC_APB2PeriphClockCmd
</UL>
<BR>[Called By]<UL><LI><a href="#[1665b5c]">&gt;&gt;</a>&nbsp;&nbsp;&nbsp;ApplicationInit
</UL>

<P><STRONG><a name="[16654cc]"></a>kmy_BatGetChargeStatus</STRONG> (Thumb, 28 bytes, Stack size 0 bytes, kmy_battarydrv.o(.text))
<BR><BR>[Calls]<UL><LI><a href="#[1723984]">&gt;&gt;</a>&nbsp;&nbsp;&nbsp;GPIO_ReadInputDataBit
</UL>
<BR>[Called By]<UL><LI><a href="#[16659f4]">&gt;&gt;</a>&nbsp;&nbsp;&nbsp;UpgradeElectricity
</UL>

<P><STRONG><a name="[1665508]"></a>kmy_BatGetACStatus</STRONG> (Thumb, 26 bytes, Stack size 0 bytes, kmy_battarydrv.o(.text))
<BR><BR>[Calls]<UL><LI><a href="#[1723984]">&gt;&gt;</a>&nbsp;&nbsp;&nbsp;GPIO_ReadInputDataBit
</UL>
<BR>[Called By]<UL><LI><a href="#[16659f4]">&gt;&gt;</a>&nbsp;&nbsp;&nbsp;UpgradeElectricity
</UL>

<P><STRONG><a name="[1665454]"></a>kmy_BeepInit</STRONG> (Thumb, 32 bytes, Stack size 0 bytes, kmy_beepdrv.o(.text))
<BR><BR>[Calls]<UL><LI><a href="#[16e6984]">&gt;&gt;</a>&nbsp;&nbsp;&nbsp;GPIO_Init
</UL>
<BR>[Called By]<UL><LI><a href="#[1665b5c]">&gt;&gt;</a>&nbsp;&nbsp;&nbsp;ApplicationInit
</UL>

<P><STRONG><a name="[16693d8]"></a>kmy_BeepOn</STRONG> (Thumb, 14 bytes, Stack size 0 bytes, kmy_beepdrv.o(.text))
<BR><BR>[Calls]<UL><LI><a href="#[17238d0]">&gt;&gt;</a>&nbsp;&nbsp;&nbsp;GPIO_SetBits
</UL>
<BR>[Called By]<UL><LI><a href="#[1669ea0]">&gt;&gt;</a>&nbsp;&nbsp;&nbsp;BeepNormal
<LI><a href="#[166a8f0]">&gt;&gt;</a>&nbsp;&nbsp;&nbsp;BeepLound
<LI><a href="#[16e7488]">&gt;&gt;</a>&nbsp;&nbsp;&nbsp;SelfTest_LED
</UL>

<P><STRONG><a name="[1669414]"></a>kmy_BeepOff</STRONG> (Thumb, 14 bytes, Stack size 0 bytes, kmy_beepdrv.o(.text))
<BR><BR>[Calls]<UL><LI><a href="#[16e6948]">&gt;&gt;</a>&nbsp;&nbsp;&nbsp;GPIO_ResetBits
</UL>
<BR>[Called By]<UL><LI><a href="#[1669ea0]">&gt;&gt;</a>&nbsp;&nbsp;&nbsp;BeepNormal
<LI><a href="#[166a8f0]">&gt;&gt;</a>&nbsp;&nbsp;&nbsp;BeepLound
<LI><a href="#[16e7488]">&gt;&gt;</a>&nbsp;&nbsp;&nbsp;SelfTest_LED
</UL>

<P><STRONG><a name="[166939c]"></a>kmy_EepromReadByte</STRONG> (Thumb, 104 bytes, Stack size 0 bytes, kmy_eepromdrv.o(.text))
<BR><BR>[Calls]<UL><LI><a href="#[171b20c]">&gt;&gt;</a>&nbsp;&nbsp;&nbsp;IIC_Read_Byte
<LI><a href="#[171b248]">&gt;&gt;</a>&nbsp;&nbsp;&nbsp;IIC_Send_Byte
<LI><a href="#[171b284]">&gt;&gt;</a>&nbsp;&nbsp;&nbsp;IIC_NAck
<LI><a href="#[171b2fc]">&gt;&gt;</a>&nbsp;&nbsp;&nbsp;IIC_Wait_Ack
<LI><a href="#[171b338]">&gt;&gt;</a>&nbsp;&nbsp;&nbsp;IIC_Stop
<LI><a href="#[171b374]">&gt;&gt;</a>&nbsp;&nbsp;&nbsp;IIC_Start
</UL>
<BR>[Called By]<UL><LI><a href="#[166a0f8]">&gt;&gt;</a>&nbsp;&nbsp;&nbsp;StoreAnOrder
<LI><a href="#[166a170]">&gt;&gt;</a>&nbsp;&nbsp;&nbsp;Reject_Orders
<LI><a href="#[166a1e8]">&gt;&gt;</a>&nbsp;&nbsp;&nbsp;ReadOutOrders
<LI><a href="#[166a7c4]">&gt;&gt;</a>&nbsp;&nbsp;&nbsp;Confirm_Orders
<LI><a href="#[166bef8]">&gt;&gt;</a>&nbsp;&nbsp;&nbsp;kmy_EepromWriteByte
</UL>

<P><STRONG><a name="[166bef8]"></a>kmy_EepromWriteByte</STRONG> (Thumb, 112 bytes, Stack size 0 bytes, kmy_eepromdrv.o(.text))
<BR><BR>[Calls]<UL><LI><a href="#[1668fa0]">&gt;&gt;</a>&nbsp;&nbsp;&nbsp;msleep
<LI><a href="#[166939c]">&gt;&gt;</a>&nbsp;&nbsp;&nbsp;kmy_EepromReadByte
<LI><a href="#[171b248]">&gt;&gt;</a>&nbsp;&nbsp;&nbsp;IIC_Send_Byte
<LI><a href="#[171b2fc]">&gt;&gt;</a>&nbsp;&nbsp;&nbsp;IIC_Wait_Ack
<LI><a href="#[171b338]">&gt;&gt;</a>&nbsp;&nbsp;&nbsp;IIC_Stop
<LI><a href="#[171b374]">&gt;&gt;</a>&nbsp;&nbsp;&nbsp;IIC_Start
</UL>
<BR>[Called By]<UL><LI><a href="#[166a0f8]">&gt;&gt;</a>&nbsp;&nbsp;&nbsp;StoreAnOrder
<LI><a href="#[166a1e8]">&gt;&gt;</a>&nbsp;&nbsp;&nbsp;ReadOutOrders
<LI><a href="#[166a74c]">&gt;&gt;</a>&nbsp;&nbsp;&nbsp;Delete_Orders
<LI><a href="#[166bfe8]">&gt;&gt;</a>&nbsp;&nbsp;&nbsp;InitOrder
<LI><a href="#[166c204]">&gt;&gt;</a>&nbsp;&nbsp;&nbsp;EepromFile_SetTotalFiles
</UL>

<P><STRONG><a name="[166bebc]"></a>kmy_EepromWritePage</STRONG> (Thumb, 128 bytes, Stack size 0 bytes, kmy_eepromdrv.o(.text))
<BR><BR>[Calls]<UL><LI><a href="#[1668fa0]">&gt;&gt;</a>&nbsp;&nbsp;&nbsp;msleep
<LI><a href="#[171b248]">&gt;&gt;</a>&nbsp;&nbsp;&nbsp;IIC_Send_Byte
<LI><a href="#[171b2fc]">&gt;&gt;</a>&nbsp;&nbsp;&nbsp;IIC_Wait_Ack
<LI><a href="#[171b338]">&gt;&gt;</a>&nbsp;&nbsp;&nbsp;IIC_Stop
<LI><a href="#[171b374]">&gt;&gt;</a>&nbsp;&nbsp;&nbsp;IIC_Start
</UL>
<BR>[Called By]<UL><LI><a href="#[1669360]">&gt;&gt;</a>&nbsp;&nbsp;&nbsp;kmy_EepromWrite
<LI><a href="#[166c114]">&gt;&gt;</a>&nbsp;&nbsp;&nbsp;EepromFile_WritePage
<LI><a href="#[166c18c]">&gt;&gt;</a>&nbsp;&nbsp;&nbsp;EepromFile_Write
</UL>

<P><STRONG><a name="[166bf34]"></a>kmy_EepromReadSequent</STRONG> (Thumb, 128 bytes, Stack size 0 bytes, kmy_eepromdrv.o(.text))
<BR><BR>[Calls]<UL><LI><a href="#[171b20c]">&gt;&gt;</a>&nbsp;&nbsp;&nbsp;IIC_Read_Byte
<LI><a href="#[171b248]">&gt;&gt;</a>&nbsp;&nbsp;&nbsp;IIC_Send_Byte
<LI><a href="#[171b284]">&gt;&gt;</a>&nbsp;&nbsp;&nbsp;IIC_NAck
<LI><a href="#[171b2c0]">&gt;&gt;</a>&nbsp;&nbsp;&nbsp;IIC_Ack
<LI><a href="#[171b2fc]">&gt;&gt;</a>&nbsp;&nbsp;&nbsp;IIC_Wait_Ack
<LI><a href="#[171b338]">&gt;&gt;</a>&nbsp;&nbsp;&nbsp;IIC_Stop
<LI><a href="#[171b374]">&gt;&gt;</a>&nbsp;&nbsp;&nbsp;IIC_Start
</UL>
<BR>[Called By]<UL><LI><a href="#[16653dc]">&gt;&gt;</a>&nbsp;&nbsp;&nbsp;kmy_EepromCheckWhetherBlankChip
<LI><a href="#[1669360]">&gt;&gt;</a>&nbsp;&nbsp;&nbsp;kmy_EepromWrite
<LI><a href="#[166a170]">&gt;&gt;</a>&nbsp;&nbsp;&nbsp;Reject_Orders
<LI><a href="#[166a1e8]">&gt;&gt;</a>&nbsp;&nbsp;&nbsp;ReadOutOrders
<LI><a href="#[166a7c4]">&gt;&gt;</a>&nbsp;&nbsp;&nbsp;Confirm_Orders
<LI><a href="#[166c060]">&gt;&gt;</a>&nbsp;&nbsp;&nbsp;EepromFile_readPage
<LI><a href="#[166c2f4]">&gt;&gt;</a>&nbsp;&nbsp;&nbsp;EepromFile_GetTotalFiles
<LI><a href="#[171b1d0]">&gt;&gt;</a>&nbsp;&nbsp;&nbsp;kmy_Eepromtest
</UL>

<P><STRONG><a name="[1669360]"></a>kmy_EepromWrite</STRONG> (Thumb, 506 bytes, Stack size 0 bytes, kmy_eepromdrv.o(.text))
<BR><BR>[Calls]<UL><LI><a href="#[1668fa0]">&gt;&gt;</a>&nbsp;&nbsp;&nbsp;msleep
<LI><a href="#[166bebc]">&gt;&gt;</a>&nbsp;&nbsp;&nbsp;kmy_EepromWritePage
<LI><a href="#[166bf34]">&gt;&gt;</a>&nbsp;&nbsp;&nbsp;kmy_EepromReadSequent
<LI><a href="#[22c217c]">&gt;&gt;</a>&nbsp;&nbsp;&nbsp;__aeabi_memclr4
</UL>
<BR>[Called By]<UL><LI><a href="#[166a0f8]">&gt;&gt;</a>&nbsp;&nbsp;&nbsp;StoreAnOrder
<LI><a href="#[171b1d0]">&gt;&gt;</a>&nbsp;&nbsp;&nbsp;kmy_Eepromtest
</UL>

<P><STRONG><a name="[16653a0]"></a>kmy_EepromInit</STRONG> (Thumb, 8 bytes, Stack size 0 bytes, kmy_eepromdrv.o(.text))
<BR><BR>[Calls]<UL><LI><a href="#[171b3b0]">&gt;&gt;</a>&nbsp;&nbsp;&nbsp;IIC_Init
</UL>
<BR>[Called By]<UL><LI><a href="#[1665b5c]">&gt;&gt;</a>&nbsp;&nbsp;&nbsp;ApplicationInit
</UL>

<P><STRONG><a name="[171b1d0]"></a>kmy_Eepromtest</STRONG> (Thumb, 54 bytes, Stack size 0 bytes, kmy_eepromdrv.o(.text), UNUSED)
<BR><BR>[Calls]<UL><LI><a href="#[1668fa0]">&gt;&gt;</a>&nbsp;&nbsp;&nbsp;msleep
<LI><a href="#[1669360]">&gt;&gt;</a>&nbsp;&nbsp;&nbsp;kmy_EepromWrite
<LI><a href="#[166bf34]">&gt;&gt;</a>&nbsp;&nbsp;&nbsp;kmy_EepromReadSequent
<LI><a href="#[22c1d80]">&gt;&gt;</a>&nbsp;&nbsp;&nbsp;strlen
<LI><a href="#[22c235c]">&gt;&gt;</a>&nbsp;&nbsp;&nbsp;__aeabi_memcpy4
</UL>

<P><STRONG><a name="[16653dc]"></a>kmy_EepromCheckWhetherBlankChip</STRONG> (Thumb, 216 bytes, Stack size 0 bytes, kmy_eepromdrv.o(.text))
<BR><BR>[Calls]<UL><LI><a href="#[166bf34]">&gt;&gt;</a>&nbsp;&nbsp;&nbsp;kmy_EepromReadSequent
</UL>
<BR>[Called By]<UL><LI><a href="#[1665b5c]">&gt;&gt;</a>&nbsp;&nbsp;&nbsp;ApplicationInit
</UL>

<P><STRONG><a name="[171b11c]"></a>SPIGpioInit</STRONG> (Thumb, 100 bytes, Stack size 0 bytes, kmy_flashdrv.o(.text))
<BR><BR>[Calls]<UL><LI><a href="#[16e6984]">&gt;&gt;</a>&nbsp;&nbsp;&nbsp;GPIO_Init
<LI><a href="#[172174c]">&gt;&gt;</a>&nbsp;&nbsp;&nbsp;RCC_APB2PeriphClockCmd
</UL>
<BR>[Called By]<UL><LI><a href="#[1665364]">&gt;&gt;</a>&nbsp;&nbsp;&nbsp;kmy_FlashInit
</UL>

<P><STRONG><a name="[171b0e0]"></a>kmy_FlashSendByte</STRONG> (Thumb, 50 bytes, Stack size 0 bytes, kmy_flashdrv.o(.text))
<BR><BR>[Calls]<UL><LI><a href="#[171f2bc]">&gt;&gt;</a>&nbsp;&nbsp;&nbsp;SPI_I2S_SendData
<LI><a href="#[171f2f8]">&gt;&gt;</a>&nbsp;&nbsp;&nbsp;SPI_I2S_ReceiveData
<LI><a href="#[171f3ac]">&gt;&gt;</a>&nbsp;&nbsp;&nbsp;SPI_I2S_GetFlagStatus
</UL>
<BR>[Called By]<UL><LI><a href="#[1665364]">&gt;&gt;</a>&nbsp;&nbsp;&nbsp;kmy_FlashInit
<LI><a href="#[16692e8]">&gt;&gt;</a>&nbsp;&nbsp;&nbsp;kmy_FlashReadBuffer
<LI><a href="#[1669324]">&gt;&gt;</a>&nbsp;&nbsp;&nbsp;kmy_FlashEraseSector
<LI><a href="#[16e672c]">&gt;&gt;</a>&nbsp;&nbsp;&nbsp;kmy_FlashEraseBulk
<LI><a href="#[171aff0]">&gt;&gt;</a>&nbsp;&nbsp;&nbsp;kmy_FlashWritePage
<LI><a href="#[171b02c]">&gt;&gt;</a>&nbsp;&nbsp;&nbsp;kmy_FlashWaitForWriteEnd
<LI><a href="#[171b068]">&gt;&gt;</a>&nbsp;&nbsp;&nbsp;kmy_FlashWriteEnable
<LI><a href="#[171b0a4]">&gt;&gt;</a>&nbsp;&nbsp;&nbsp;kmy_FlashReadID
</UL>

<P><STRONG><a name="[1665364]"></a>kmy_FlashInit</STRONG> (Thumb, 128 bytes, Stack size 0 bytes, kmy_flashdrv.o(.text))
<BR><BR>[Calls]<UL><LI><a href="#[16e6948]">&gt;&gt;</a>&nbsp;&nbsp;&nbsp;GPIO_ResetBits
<LI><a href="#[171b0e0]">&gt;&gt;</a>&nbsp;&nbsp;&nbsp;kmy_FlashSendByte
<LI><a href="#[171b11c]">&gt;&gt;</a>&nbsp;&nbsp;&nbsp;SPIGpioInit
<LI><a href="#[171f208]">&gt;&gt;</a>&nbsp;&nbsp;&nbsp;SPI_SSOutputCmd
<LI><a href="#[171f280]">&gt;&gt;</a>&nbsp;&nbsp;&nbsp;SPI_Init
<LI><a href="#[171f58c]">&gt;&gt;</a>&nbsp;&nbsp;&nbsp;SPI_Cmd
<LI><a href="#[17238d0]">&gt;&gt;</a>&nbsp;&nbsp;&nbsp;GPIO_SetBits
</UL>
<BR>[Called By]<UL><LI><a href="#[1665b5c]">&gt;&gt;</a>&nbsp;&nbsp;&nbsp;ApplicationInit
</UL>

<P><STRONG><a name="[171b0a4]"></a>kmy_FlashReadID</STRONG> (Thumb, 74 bytes, Stack size 0 bytes, kmy_flashdrv.o(.text), UNUSED)
<BR><BR>[Calls]<UL><LI><a href="#[16e6948]">&gt;&gt;</a>&nbsp;&nbsp;&nbsp;GPIO_ResetBits
<LI><a href="#[171b0e0]">&gt;&gt;</a>&nbsp;&nbsp;&nbsp;kmy_FlashSendByte
<LI><a href="#[17238d0]">&gt;&gt;</a>&nbsp;&nbsp;&nbsp;GPIO_SetBits
</UL>

<P><STRONG><a name="[171b068]"></a>kmy_FlashWriteEnable</STRONG> (Thumb, 26 bytes, Stack size 0 bytes, kmy_flashdrv.o(.text))
<BR><BR>[Calls]<UL><LI><a href="#[16e6948]">&gt;&gt;</a>&nbsp;&nbsp;&nbsp;GPIO_ResetBits
<LI><a href="#[171b0e0]">&gt;&gt;</a>&nbsp;&nbsp;&nbsp;kmy_FlashSendByte
<LI><a href="#[17238d0]">&gt;&gt;</a>&nbsp;&nbsp;&nbsp;GPIO_SetBits
</UL>
<BR>[Called By]<UL><LI><a href="#[1669324]">&gt;&gt;</a>&nbsp;&nbsp;&nbsp;kmy_FlashEraseSector
<LI><a href="#[16e672c]">&gt;&gt;</a>&nbsp;&nbsp;&nbsp;kmy_FlashEraseBulk
<LI><a href="#[171aff0]">&gt;&gt;</a>&nbsp;&nbsp;&nbsp;kmy_FlashWritePage
</UL>

<P><STRONG><a name="[171b02c]"></a>kmy_FlashWaitForWriteEnd</STRONG> (Thumb, 46 bytes, Stack size 0 bytes, kmy_flashdrv.o(.text))
<BR><BR>[Calls]<UL><LI><a href="#[16e6948]">&gt;&gt;</a>&nbsp;&nbsp;&nbsp;GPIO_ResetBits
<LI><a href="#[171b0e0]">&gt;&gt;</a>&nbsp;&nbsp;&nbsp;kmy_FlashSendByte
<LI><a href="#[17238d0]">&gt;&gt;</a>&nbsp;&nbsp;&nbsp;GPIO_SetBits
</UL>
<BR>[Called By]<UL><LI><a href="#[1669324]">&gt;&gt;</a>&nbsp;&nbsp;&nbsp;kmy_FlashEraseSector
<LI><a href="#[16e672c]">&gt;&gt;</a>&nbsp;&nbsp;&nbsp;kmy_FlashEraseBulk
<LI><a href="#[171aff0]">&gt;&gt;</a>&nbsp;&nbsp;&nbsp;kmy_FlashWritePage
</UL>

<P><STRONG><a name="[1669324]"></a>kmy_FlashEraseSector</STRONG> (Thumb, 58 bytes, Stack size 0 bytes, kmy_flashdrv.o(.text))
<BR><BR>[Calls]<UL><LI><a href="#[16e6948]">&gt;&gt;</a>&nbsp;&nbsp;&nbsp;GPIO_ResetBits
<LI><a href="#[171b02c]">&gt;&gt;</a>&nbsp;&nbsp;&nbsp;kmy_FlashWaitForWriteEnd
<LI><a href="#[171b068]">&gt;&gt;</a>&nbsp;&nbsp;&nbsp;kmy_FlashWriteEnable
<LI><a href="#[171b0e0]">&gt;&gt;</a>&nbsp;&nbsp;&nbsp;kmy_FlashSendByte
<LI><a href="#[17238d0]">&gt;&gt;</a>&nbsp;&nbsp;&nbsp;GPIO_SetBits
</UL>
<BR>[Called By]<UL><LI><a href="#[166a0f8]">&gt;&gt;</a>&nbsp;&nbsp;&nbsp;StoreAnOrder
<LI><a href="#[166a74c]">&gt;&gt;</a>&nbsp;&nbsp;&nbsp;Delete_Orders
<LI><a href="#[16e3f18]">&gt;&gt;</a>&nbsp;&nbsp;&nbsp;Download_File
<LI><a href="#[16e75f0]">&gt;&gt;</a>&nbsp;&nbsp;&nbsp;EraseFlashPage
</UL>

<P><STRONG><a name="[16e672c]"></a>kmy_FlashEraseBulk</STRONG> (Thumb, 34 bytes, Stack size 0 bytes, kmy_flashdrv.o(.text))
<BR><BR>[Calls]<UL><LI><a href="#[16e6948]">&gt;&gt;</a>&nbsp;&nbsp;&nbsp;GPIO_ResetBits
<LI><a href="#[171b02c]">&gt;&gt;</a>&nbsp;&nbsp;&nbsp;kmy_FlashWaitForWriteEnd
<LI><a href="#[171b068]">&gt;&gt;</a>&nbsp;&nbsp;&nbsp;kmy_FlashWriteEnable
<LI><a href="#[171b0e0]">&gt;&gt;</a>&nbsp;&nbsp;&nbsp;kmy_FlashSendByte
<LI><a href="#[17238d0]">&gt;&gt;</a>&nbsp;&nbsp;&nbsp;GPIO_SetBits
</UL>
<BR>[Called By]<UL><LI><a href="#[16e72e4]">&gt;&gt;</a>&nbsp;&nbsp;&nbsp;UpgradeChinese
</UL>

<P><STRONG><a name="[171aff0]"></a>kmy_FlashWritePage</STRONG> (Thumb, 82 bytes, Stack size 0 bytes, kmy_flashdrv.o(.text))
<BR><BR>[Calls]<UL><LI><a href="#[16e6948]">&gt;&gt;</a>&nbsp;&nbsp;&nbsp;GPIO_ResetBits
<LI><a href="#[171b02c]">&gt;&gt;</a>&nbsp;&nbsp;&nbsp;kmy_FlashWaitForWriteEnd
<LI><a href="#[171b068]">&gt;&gt;</a>&nbsp;&nbsp;&nbsp;kmy_FlashWriteEnable
<LI><a href="#[171b0e0]">&gt;&gt;</a>&nbsp;&nbsp;&nbsp;kmy_FlashSendByte
<LI><a href="#[17238d0]">&gt;&gt;</a>&nbsp;&nbsp;&nbsp;GPIO_SetBits
</UL>
<BR>[Called By]<UL><LI><a href="#[16692ac]">&gt;&gt;</a>&nbsp;&nbsp;&nbsp;kmy_FlashWriteBuffer
</UL>

<P><STRONG><a name="[16692ac]"></a>kmy_FlashWriteBuffer</STRONG> (Thumb, 276 bytes, Stack size 0 bytes, kmy_flashdrv.o(.text))
<BR><BR>[Calls]<UL><LI><a href="#[171aff0]">&gt;&gt;</a>&nbsp;&nbsp;&nbsp;kmy_FlashWritePage
</UL>
<BR>[Called By]<UL><LI><a href="#[166a0f8]">&gt;&gt;</a>&nbsp;&nbsp;&nbsp;StoreAnOrder
<LI><a href="#[16e3f18]">&gt;&gt;</a>&nbsp;&nbsp;&nbsp;Download_File
<LI><a href="#[16e72a8]">&gt;&gt;</a>&nbsp;&nbsp;&nbsp;WriteFlashPage
<LI><a href="#[16e72e4]">&gt;&gt;</a>&nbsp;&nbsp;&nbsp;UpgradeChinese
</UL>

<P><STRONG><a name="[16692e8]"></a>kmy_FlashReadBuffer</STRONG> (Thumb, 76 bytes, Stack size 0 bytes, kmy_flashdrv.o(.text))
<BR><BR>[Calls]<UL><LI><a href="#[16e6948]">&gt;&gt;</a>&nbsp;&nbsp;&nbsp;GPIO_ResetBits
<LI><a href="#[171b0e0]">&gt;&gt;</a>&nbsp;&nbsp;&nbsp;kmy_FlashSendByte
<LI><a href="#[17238d0]">&gt;&gt;</a>&nbsp;&nbsp;&nbsp;GPIO_SetBits
</UL>
<BR>[Called By]<UL><LI><a href="#[16691f8]">&gt;&gt;</a>&nbsp;&nbsp;&nbsp;kmy_PrintFlashBitmap
<LI><a href="#[166a170]">&gt;&gt;</a>&nbsp;&nbsp;&nbsp;Reject_Orders
<LI><a href="#[166a7c4]">&gt;&gt;</a>&nbsp;&nbsp;&nbsp;Confirm_Orders
<LI><a href="#[16e72e4]">&gt;&gt;</a>&nbsp;&nbsp;&nbsp;UpgradeChinese
<LI><a href="#[16e7578]">&gt;&gt;</a>&nbsp;&nbsp;&nbsp;ReadFlashPage
<LI><a href="#[171940c]">&gt;&gt;</a>&nbsp;&nbsp;&nbsp;GetPrintData
<LI><a href="#[17196dc]">&gt;&gt;</a>&nbsp;&nbsp;&nbsp;ProPrintData16
<LI><a href="#[1719754]">&gt;&gt;</a>&nbsp;&nbsp;&nbsp;ProPrintData
<LI><a href="#[171a6cc]">&gt;&gt;</a>&nbsp;&nbsp;&nbsp;kmy_LcdGetChineseDot
</UL>

<P><STRONG><a name="[16652ec]"></a>kmy_GprsOnOff</STRONG> (Thumb, 42 bytes, Stack size 0 bytes, kmy_gprsdrv.o(.text))
<BR><BR>[Calls]<UL><LI><a href="#[1668fa0]">&gt;&gt;</a>&nbsp;&nbsp;&nbsp;msleep
<LI><a href="#[16e6948]">&gt;&gt;</a>&nbsp;&nbsp;&nbsp;GPIO_ResetBits
<LI><a href="#[17238d0]">&gt;&gt;</a>&nbsp;&nbsp;&nbsp;GPIO_SetBits
</UL>
<BR>[Called By]<UL><LI><a href="#[1665328]">&gt;&gt;</a>&nbsp;&nbsp;&nbsp;kmy_GprsInit
<LI><a href="#[1665b5c]">&gt;&gt;</a>&nbsp;&nbsp;&nbsp;ApplicationInit
<LI><a href="#[16e31bc]">&gt;&gt;</a>&nbsp;&nbsp;&nbsp;ChangeNetwork
</UL>

<P><STRONG><a name="[1665328]"></a>kmy_GprsInit</STRONG> (Thumb, 92 bytes, Stack size 0 bytes, kmy_gprsdrv.o(.text))
<BR><BR>[Calls]<UL><LI><a href="#[16652ec]">&gt;&gt;</a>&nbsp;&nbsp;&nbsp;kmy_GprsOnOff
<LI><a href="#[1668fa0]">&gt;&gt;</a>&nbsp;&nbsp;&nbsp;msleep
<LI><a href="#[16e6948]">&gt;&gt;</a>&nbsp;&nbsp;&nbsp;GPIO_ResetBits
<LI><a href="#[16e6984]">&gt;&gt;</a>&nbsp;&nbsp;&nbsp;GPIO_Init
<LI><a href="#[171af3c]">&gt;&gt;</a>&nbsp;&nbsp;&nbsp;kmy_USART2Init
<LI><a href="#[172174c]">&gt;&gt;</a>&nbsp;&nbsp;&nbsp;RCC_APB2PeriphClockCmd
<LI><a href="#[17238d0]">&gt;&gt;</a>&nbsp;&nbsp;&nbsp;GPIO_SetBits
</UL>
<BR>[Called By]<UL><LI><a href="#[1665b5c]">&gt;&gt;</a>&nbsp;&nbsp;&nbsp;ApplicationInit
<LI><a href="#[16e31bc]">&gt;&gt;</a>&nbsp;&nbsp;&nbsp;ChangeNetwork
</UL>

<P><STRONG><a name="[171ace4]"></a>kmy_KeyUsedInterruptScanInit</STRONG> (Thumb, 78 bytes, Stack size 0 bytes, kmy_keydrv.o(.text), UNUSED)
<BR><BR>[Calls]<UL><LI><a href="#[16ddbb8]">&gt;&gt;</a>&nbsp;&nbsp;&nbsp;NVIC_Init
<LI><a href="#[1723aec]">&gt;&gt;</a>&nbsp;&nbsp;&nbsp;GPIO_EXTILineConfig
<LI><a href="#[172570c]">&gt;&gt;</a>&nbsp;&nbsp;&nbsp;EXTI_Init
<LI><a href="#[1725838]">&gt;&gt;</a>&nbsp;&nbsp;&nbsp;EXTI_ClearITPendingBit
</UL>
<BR>[Called By]<UL><LI><a href="#[171ab7c]">&gt;&gt;</a>&nbsp;&nbsp;&nbsp;kmy_EnterPowerDownMode
</UL>

<P><STRONG><a name="[16652b0]"></a>kmy_KeyInit</STRONG> (Thumb, 114 bytes, Stack size 0 bytes, kmy_keydrv.o(.text))
<BR><BR>[Calls]<UL><LI><a href="#[16e6984]">&gt;&gt;</a>&nbsp;&nbsp;&nbsp;GPIO_Init
<LI><a href="#[172174c]">&gt;&gt;</a>&nbsp;&nbsp;&nbsp;RCC_APB2PeriphClockCmd
</UL>
<BR>[Called By]<UL><LI><a href="#[1665b5c]">&gt;&gt;</a>&nbsp;&nbsp;&nbsp;ApplicationInit
</UL>

<P><STRONG><a name="[171aca8]"></a>SetRow</STRONG> (Thumb, 590 bytes, Stack size 0 bytes, kmy_keydrv.o(.text))
<BR><BR>[Calls]<UL><LI><a href="#[16e6984]">&gt;&gt;</a>&nbsp;&nbsp;&nbsp;GPIO_Init
<LI><a href="#[172381c]">&gt;&gt;</a>&nbsp;&nbsp;&nbsp;GPIO_WriteBit
</UL>
<BR>[Called By]<UL><LI><a href="#[171abf4]">&gt;&gt;</a>&nbsp;&nbsp;&nbsp;__KeyScan
</UL>

<P><STRONG><a name="[171ac6c]"></a>GetRow</STRONG> (Thumb, 1290 bytes, Stack size 0 bytes, kmy_keydrv.o(.text))
<BR><BR>[Calls]<UL><LI><a href="#[1668fa0]">&gt;&gt;</a>&nbsp;&nbsp;&nbsp;msleep
<LI><a href="#[1723984]">&gt;&gt;</a>&nbsp;&nbsp;&nbsp;GPIO_ReadInputDataBit
</UL>
<BR>[Called By]<UL><LI><a href="#[171abf4]">&gt;&gt;</a>&nbsp;&nbsp;&nbsp;__KeyScan
</UL>

<P><STRONG><a name="[171ac30]"></a>ResetRow</STRONG> (Thumb, 124 bytes, Stack size 0 bytes, kmy_keydrv.o(.text))
<BR><BR>[Calls]<UL><LI><a href="#[16e6984]">&gt;&gt;</a>&nbsp;&nbsp;&nbsp;GPIO_Init
<LI><a href="#[17238d0]">&gt;&gt;</a>&nbsp;&nbsp;&nbsp;GPIO_SetBits
</UL>
<BR>[Called By]<UL><LI><a href="#[171ab7c]">&gt;&gt;</a>&nbsp;&nbsp;&nbsp;kmy_EnterPowerDownMode
<LI><a href="#[171abb8]">&gt;&gt;</a>&nbsp;&nbsp;&nbsp;KeyScan
</UL>

<P><STRONG><a name="[171abf4]"></a>__KeyScan</STRONG> (Thumb, 118 bytes, Stack size 0 bytes, kmy_keydrv.o(.text))
<BR><BR>[Calls]<UL><LI><a href="#[1668fa0]">&gt;&gt;</a>&nbsp;&nbsp;&nbsp;msleep
<LI><a href="#[171ac6c]">&gt;&gt;</a>&nbsp;&nbsp;&nbsp;GetRow
<LI><a href="#[171aca8]">&gt;&gt;</a>&nbsp;&nbsp;&nbsp;SetRow
</UL>
<BR>[Called By]<UL><LI><a href="#[171abb8]">&gt;&gt;</a>&nbsp;&nbsp;&nbsp;KeyScan
</UL>

<P><STRONG><a name="[171abb8]"></a>KeyScan</STRONG> (Thumb, 38 bytes, Stack size 0 bytes, kmy_keydrv.o(.text))
<BR><BR>[Calls]<UL><LI><a href="#[171abf4]">&gt;&gt;</a>&nbsp;&nbsp;&nbsp;__KeyScan
<LI><a href="#[171ac30]">&gt;&gt;</a>&nbsp;&nbsp;&nbsp;ResetRow
<LI><a href="#[1723984]">&gt;&gt;</a>&nbsp;&nbsp;&nbsp;GPIO_ReadInputDataBit
</UL>
<BR>[Called By]<UL><LI><a href="#[166e040]">&gt;&gt;</a>&nbsp;&nbsp;&nbsp;kmy_GetKeyValue
</UL>

<P><STRONG><a name="[166e040]"></a>kmy_GetKeyValue</STRONG> (Thumb, 152 bytes, Stack size 0 bytes, kmy_keydrv.o(.text))
<BR><BR>[Calls]<UL><LI><a href="#[1669270]">&gt;&gt;</a>&nbsp;&nbsp;&nbsp;kmy_LcdBlackLightOff
<LI><a href="#[171abb8]">&gt;&gt;</a>&nbsp;&nbsp;&nbsp;KeyScan
<LI><a href="#[1720cfc]">&gt;&gt;</a>&nbsp;&nbsp;&nbsp;RTC_GetCounter
</UL>
<BR>[Called By]<UL><LI><a href="#[1662f4c]">&gt;&gt;</a>&nbsp;&nbsp;&nbsp;my_DisplayBuff
<LI><a href="#[16631e0]">&gt;&gt;</a>&nbsp;&nbsp;&nbsp;ReceiveMailBox
<LI><a href="#[1664b30]">&gt;&gt;</a>&nbsp;&nbsp;&nbsp;MenuHandler_Language2_Pic
<LI><a href="#[1665ee0]">&gt;&gt;</a>&nbsp;&nbsp;&nbsp;ProcStandbyKey
<LI><a href="#[166600c]">&gt;&gt;</a>&nbsp;&nbsp;&nbsp;DisplayPleaseCharge
<LI><a href="#[1667c2c]">&gt;&gt;</a>&nbsp;&nbsp;&nbsp;set_apn
<LI><a href="#[1667ce0]">&gt;&gt;</a>&nbsp;&nbsp;&nbsp;send_at_cmd_and_receive
<LI><a href="#[1667e0c]">&gt;&gt;</a>&nbsp;&nbsp;&nbsp;ReadDatasFromSIM300_OKstr
<LI><a href="#[1667f38]">&gt;&gt;</a>&nbsp;&nbsp;&nbsp;send_at_cmd_and_return_3errs
<LI><a href="#[166858c]">&gt;&gt;</a>&nbsp;&nbsp;&nbsp;abcReadCode
<LI><a href="#[1668730]">&gt;&gt;</a>&nbsp;&nbsp;&nbsp;FormInput
<LI><a href="#[166876c]">&gt;&gt;</a>&nbsp;&nbsp;&nbsp;ABCReadCode
<LI><a href="#[1668ba4]">&gt;&gt;</a>&nbsp;&nbsp;&nbsp;tcp_receive
<LI><a href="#[16696a8]">&gt;&gt;</a>&nbsp;&nbsp;&nbsp;WiFi_Receive
<LI><a href="#[1669798]">&gt;&gt;</a>&nbsp;&nbsp;&nbsp;WaitKeyRelease
<LI><a href="#[1669b94]">&gt;&gt;</a>&nbsp;&nbsp;&nbsp;MenuHandler_Orders
<LI><a href="#[166a3c8]">&gt;&gt;</a>&nbsp;&nbsp;&nbsp;HaveReceiveOrder
<LI><a href="#[166a4f4]">&gt;&gt;</a>&nbsp;&nbsp;&nbsp;GetSelectItemOfMenus
<LI><a href="#[166e25c]">&gt;&gt;</a>&nbsp;&nbsp;&nbsp;WaitkeyAndAutoExit
<LI><a href="#[166e2d4]">&gt;&gt;</a>&nbsp;&nbsp;&nbsp;MenuHandler_Language2
<LI><a href="#[16e17f4]">&gt;&gt;</a>&nbsp;&nbsp;&nbsp;_GetString_abcABC123PYWuBi
<LI><a href="#[16e1830]">&gt;&gt;</a>&nbsp;&nbsp;&nbsp;_GetString_123TimeInput
<LI><a href="#[16e1920]">&gt;&gt;</a>&nbsp;&nbsp;&nbsp;my_abcReadCode
<LI><a href="#[16e1998]">&gt;&gt;</a>&nbsp;&nbsp;&nbsp;my_ABCReadCode
<LI><a href="#[16e1a4c]">&gt;&gt;</a>&nbsp;&nbsp;&nbsp;abcReadCode
<LI><a href="#[16e1a88]">&gt;&gt;</a>&nbsp;&nbsp;&nbsp;_PassWordInput_XposStartDisplay
<LI><a href="#[16e1ac4]">&gt;&gt;</a>&nbsp;&nbsp;&nbsp;_PassWordInput_MiddledDisplay
<LI><a href="#[16e1c68]">&gt;&gt;</a>&nbsp;&nbsp;&nbsp;ABCReadCode
<LI><a href="#[16e2910]">&gt;&gt;</a>&nbsp;&nbsp;&nbsp;GetRejectReasonAndInput
<LI><a href="#[16e2ab4]">&gt;&gt;</a>&nbsp;&nbsp;&nbsp;UpdateParameter
<LI><a href="#[16e39b4]">&gt;&gt;</a>&nbsp;&nbsp;&nbsp;TimeDateSet
<LI><a href="#[16e3a68]">&gt;&gt;</a>&nbsp;&nbsp;&nbsp;PrintDensitySet
<LI><a href="#[16e3f18]">&gt;&gt;</a>&nbsp;&nbsp;&nbsp;Download_File
<LI><a href="#[16e40f8]">&gt;&gt;</a>&nbsp;&nbsp;&nbsp;ContrastSet
<LI><a href="#[16e6678]">&gt;&gt;</a>&nbsp;&nbsp;&nbsp;kmy_MagcardRead
<LI><a href="#[16e6b64]">&gt;&gt;</a>&nbsp;&nbsp;&nbsp;SelfTest_ReceiveMessage
<LI><a href="#[16e72e4]">&gt;&gt;</a>&nbsp;&nbsp;&nbsp;UpgradeChinese
<LI><a href="#[16e7488]">&gt;&gt;</a>&nbsp;&nbsp;&nbsp;SelfTest_LED
<LI><a href="#[16e74c4]">&gt;&gt;</a>&nbsp;&nbsp;&nbsp;SelfTest_Key
<LI><a href="#[16e753c]">&gt;&gt;</a>&nbsp;&nbsp;&nbsp;SelfTest_BatVoltage
<LI><a href="#[16e75b4]">&gt;&gt;</a>&nbsp;&nbsp;&nbsp;ExternalSerail1_GSMModule
</UL>

<P><STRONG><a name="[1667614]"></a>kmy_AutoOffLcdLight</STRONG> (Thumb, 30 bytes, Stack size 0 bytes, kmy_keydrv.o(.text))
<BR><BR>[Calls]<UL><LI><a href="#[1720cfc]">&gt;&gt;</a>&nbsp;&nbsp;&nbsp;RTC_GetCounter
</UL>
<BR>[Called By]<UL><LI><a href="#[166588c]">&gt;&gt;</a>&nbsp;&nbsp;&nbsp;main
<LI><a href="#[1665ee0]">&gt;&gt;</a>&nbsp;&nbsp;&nbsp;ProcStandbyKey
<LI><a href="#[1667a88]">&gt;&gt;</a>&nbsp;&nbsp;&nbsp;SetBLOverTime
<LI><a href="#[166e25c]">&gt;&gt;</a>&nbsp;&nbsp;&nbsp;WaitkeyAndAutoExit
<LI><a href="#[166e34c]">&gt;&gt;</a>&nbsp;&nbsp;&nbsp;KeyEventPost
<LI><a href="#[16e17f4]">&gt;&gt;</a>&nbsp;&nbsp;&nbsp;_GetString_abcABC123PYWuBi
<LI><a href="#[16e1830]">&gt;&gt;</a>&nbsp;&nbsp;&nbsp;_GetString_123TimeInput
<LI><a href="#[16e72e4]">&gt;&gt;</a>&nbsp;&nbsp;&nbsp;UpgradeChinese
<LI><a href="#[16e7488]">&gt;&gt;</a>&nbsp;&nbsp;&nbsp;SelfTest_LED
<LI><a href="#[16e75b4]">&gt;&gt;</a>&nbsp;&nbsp;&nbsp;ExternalSerail1_GSMModule
</UL>

<P><STRONG><a name="[1669450]"></a>kmy_AutoPostKey</STRONG> (Thumb, 30 bytes, Stack size 0 bytes, kmy_keydrv.o(.text))
<BR><BR>[Calls]<UL><LI><a href="#[1720cfc]">&gt;&gt;</a>&nbsp;&nbsp;&nbsp;RTC_GetCounter
</UL>
<BR>[Called By]<UL><LI><a href="#[1665ee0]">&gt;&gt;</a>&nbsp;&nbsp;&nbsp;ProcStandbyKey
<LI><a href="#[1667ac4]">&gt;&gt;</a>&nbsp;&nbsp;&nbsp;SetAutoExitTime
<LI><a href="#[16696a8]">&gt;&gt;</a>&nbsp;&nbsp;&nbsp;WiFi_Receive
<LI><a href="#[166a3c8]">&gt;&gt;</a>&nbsp;&nbsp;&nbsp;HaveReceiveOrder
<LI><a href="#[166e25c]">&gt;&gt;</a>&nbsp;&nbsp;&nbsp;WaitkeyAndAutoExit
<LI><a href="#[166e34c]">&gt;&gt;</a>&nbsp;&nbsp;&nbsp;KeyEventPost
<LI><a href="#[16e17f4]">&gt;&gt;</a>&nbsp;&nbsp;&nbsp;_GetString_abcABC123PYWuBi
<LI><a href="#[16e1830]">&gt;&gt;</a>&nbsp;&nbsp;&nbsp;_GetString_123TimeInput
<LI><a href="#[16e72e4]">&gt;&gt;</a>&nbsp;&nbsp;&nbsp;UpgradeChinese
<LI><a href="#[16e7488]">&gt;&gt;</a>&nbsp;&nbsp;&nbsp;SelfTest_LED
<LI><a href="#[16e75b4]">&gt;&gt;</a>&nbsp;&nbsp;&nbsp;ExternalSerail1_GSMModule
</UL>

<P><STRONG><a name="[16675d8]"></a>kmy_PostKey</STRONG> (Thumb, 6 bytes, Stack size 0 bytes, kmy_keydrv.o(.text))
<BR><BR>[Called By]<UL><LI><a href="#[1669a2c]">&gt;&gt;</a>&nbsp;&nbsp;&nbsp;PostKey
<LI><a href="#[16e39b4]">&gt;&gt;</a>&nbsp;&nbsp;&nbsp;TimeDateSet
<LI><a href="#[16e6bdc]">&gt;&gt;</a>&nbsp;&nbsp;&nbsp;SelfTest_PSAM2Test
<LI><a href="#[16e6c18]">&gt;&gt;</a>&nbsp;&nbsp;&nbsp;SelfTest_PSAM1Test
<LI><a href="#[16e6c54]">&gt;&gt;</a>&nbsp;&nbsp;&nbsp;SelfTest_ICTest
</UL>

<P><STRONG><a name="[171ab7c]"></a>kmy_EnterPowerDownMode</STRONG> (Thumb, 34 bytes, Stack size 0 bytes, kmy_keydrv.o(.text), UNUSED)
<BR><BR>[Calls]<UL><LI><a href="#[1669270]">&gt;&gt;</a>&nbsp;&nbsp;&nbsp;kmy_LcdBlackLightOff
<LI><a href="#[166e004]">&gt;&gt;</a>&nbsp;&nbsp;&nbsp;kmy_LcdClear
<LI><a href="#[171ac30]">&gt;&gt;</a>&nbsp;&nbsp;&nbsp;ResetRow
<LI><a href="#[171ace4]">&gt;&gt;</a>&nbsp;&nbsp;&nbsp;kmy_KeyUsedInterruptScanInit
<LI><a href="#[172219c]">&gt;&gt;</a>&nbsp;&nbsp;&nbsp;PWR_EnterSTOPMode
</UL>

<P><STRONG><a name="[171ab40]"></a>EXTI15_10_IRQHandler</STRONG> (Thumb, 46 bytes, Stack size 0 bytes, kmy_keydrv.o(.text))
<BR><BR>[Calls]<UL><LI><a href="#[16650d0]">&gt;&gt;</a>&nbsp;&nbsp;&nbsp;kmy_RCCInit
<LI><a href="#[1725748]">&gt;&gt;</a>&nbsp;&nbsp;&nbsp;EXTI_GetITStatus
<LI><a href="#[1725838]">&gt;&gt;</a>&nbsp;&nbsp;&nbsp;EXTI_ClearITPendingBit
</UL>
<BR>[Address Reference Count : 1]<UL><LI> startup_stm32f10x_hd.o(RESET)
</UL>
<P><STRONG><a name="[171a8e8]"></a>LcdInitGPIO</STRONG> (Thumb, 96 bytes, Stack size 0 bytes, kmy_lcddrv.o(.text))
<BR><BR>[Calls]<UL><LI><a href="#[16e6984]">&gt;&gt;</a>&nbsp;&nbsp;&nbsp;GPIO_Init
<LI><a href="#[172174c]">&gt;&gt;</a>&nbsp;&nbsp;&nbsp;RCC_APB2PeriphClockCmd
</UL>
<BR>[Called By]<UL><LI><a href="#[1665274]">&gt;&gt;</a>&nbsp;&nbsp;&nbsp;kmy_LcdInit
</UL>

<P><STRONG><a name="[171a8ac]"></a>data_send</STRONG> (Thumb, 82 bytes, Stack size 0 bytes, kmy_lcddrv.o(.text))
<BR><BR>[Calls]<UL><LI><a href="#[172381c]">&gt;&gt;</a>&nbsp;&nbsp;&nbsp;GPIO_WriteBit
</UL>
<BR>[Called By]<UL><LI><a href="#[171a834]">&gt;&gt;</a>&nbsp;&nbsp;&nbsp;write_data
<LI><a href="#[171a870]">&gt;&gt;</a>&nbsp;&nbsp;&nbsp;write_command
</UL>

<P><STRONG><a name="[171a870]"></a>write_command</STRONG> (Thumb, 36 bytes, Stack size 0 bytes, kmy_lcddrv.o(.text))
<BR><BR>[Calls]<UL><LI><a href="#[171a8ac]">&gt;&gt;</a>&nbsp;&nbsp;&nbsp;data_send
<LI><a href="#[172381c]">&gt;&gt;</a>&nbsp;&nbsp;&nbsp;GPIO_WriteBit
</UL>
<BR>[Called By]<UL><LI><a href="#[1666ad4]">&gt;&gt;</a>&nbsp;&nbsp;&nbsp;kmy_LcdSetContrast
<LI><a href="#[171a780]">&gt;&gt;</a>&nbsp;&nbsp;&nbsp;LcdInitLCDC
<LI><a href="#[171a7f8]">&gt;&gt;</a>&nbsp;&nbsp;&nbsp;LCDSetXY
</UL>

<P><STRONG><a name="[171a834]"></a>write_data</STRONG> (Thumb, 34 bytes, Stack size 0 bytes, kmy_lcddrv.o(.text))
<BR><BR>[Calls]<UL><LI><a href="#[171a8ac]">&gt;&gt;</a>&nbsp;&nbsp;&nbsp;data_send
<LI><a href="#[172381c]">&gt;&gt;</a>&nbsp;&nbsp;&nbsp;GPIO_WriteBit
</UL>
<BR>[Called By]<UL><LI><a href="#[171a9d8]">&gt;&gt;</a>&nbsp;&nbsp;&nbsp;AccordingLcdRamDisplay
</UL>

<P><STRONG><a name="[171a7f8]"></a>LCDSetXY</STRONG> (Thumb, 38 bytes, Stack size 0 bytes, kmy_lcddrv.o(.text))
<BR><BR>[Calls]<UL><LI><a href="#[171a870]">&gt;&gt;</a>&nbsp;&nbsp;&nbsp;write_command
</UL>
<BR>[Called By]<UL><LI><a href="#[171a9d8]">&gt;&gt;</a>&nbsp;&nbsp;&nbsp;AccordingLcdRamDisplay
</UL>

<P><STRONG><a name="[171a7bc]"></a>lcd_delay_us</STRONG> (Thumb, 10 bytes, Stack size 0 bytes, kmy_lcddrv.o(.text))
<BR><BR>[Called By]<UL><LI><a href="#[171a780]">&gt;&gt;</a>&nbsp;&nbsp;&nbsp;LcdInitLCDC
</UL>

<P><STRONG><a name="[171a780]"></a>LcdInitLCDC</STRONG> (Thumb, 178 bytes, Stack size 0 bytes, kmy_lcddrv.o(.text))
<BR><BR>[Calls]<UL><LI><a href="#[171a7bc]">&gt;&gt;</a>&nbsp;&nbsp;&nbsp;lcd_delay_us
<LI><a href="#[171a870]">&gt;&gt;</a>&nbsp;&nbsp;&nbsp;write_command
<LI><a href="#[172381c]">&gt;&gt;</a>&nbsp;&nbsp;&nbsp;GPIO_WriteBit
</UL>
<BR>[Called By]<UL><LI><a href="#[1665274]">&gt;&gt;</a>&nbsp;&nbsp;&nbsp;kmy_LcdInit
</UL>

<P><STRONG><a name="[1665274]"></a>kmy_LcdInit</STRONG> (Thumb, 12 bytes, Stack size 0 bytes, kmy_lcddrv.o(.text))
<BR><BR>[Calls]<UL><LI><a href="#[171a780]">&gt;&gt;</a>&nbsp;&nbsp;&nbsp;LcdInitLCDC
<LI><a href="#[171a8e8]">&gt;&gt;</a>&nbsp;&nbsp;&nbsp;LcdInitGPIO
</UL>
<BR>[Called By]<UL><LI><a href="#[1665b5c]">&gt;&gt;</a>&nbsp;&nbsp;&nbsp;ApplicationInit
</UL>

<P><STRONG><a name="[166e004]"></a>kmy_LcdClear</STRONG> (Thumb, 48 bytes, Stack size 0 bytes, kmy_lcddrv.o(.text))
<BR><BR>[Calls]<UL><LI><a href="#[171a9d8]">&gt;&gt;</a>&nbsp;&nbsp;&nbsp;AccordingLcdRamDisplay
</UL>
<BR>[Called By]<UL><LI><a href="#[1662f88]">&gt;&gt;</a>&nbsp;&nbsp;&nbsp;abeyant
<LI><a href="#[166303c]">&gt;&gt;</a>&nbsp;&nbsp;&nbsp;PassWordInput2
<LI><a href="#[1663078]">&gt;&gt;</a>&nbsp;&nbsp;&nbsp;PIN_Store
<LI><a href="#[16631e0]">&gt;&gt;</a>&nbsp;&nbsp;&nbsp;ReceiveMailBox
<LI><a href="#[166330c]">&gt;&gt;</a>&nbsp;&nbsp;&nbsp;MessageDisplayContext
<LI><a href="#[16637f8]">&gt;&gt;</a>&nbsp;&nbsp;&nbsp;MainMenuScreen_Message_XiaoquGuanbo
<LI><a href="#[1663834]">&gt;&gt;</a>&nbsp;&nbsp;&nbsp;MainMenuScreen_Message_VoiceMailbox
<LI><a href="#[1663870]">&gt;&gt;</a>&nbsp;&nbsp;&nbsp;MainMenuScreen_Message_ShortMessage
<LI><a href="#[16638ac]">&gt;&gt;</a>&nbsp;&nbsp;&nbsp;MainMenuScreen_Message_ColorMessage
<LI><a href="#[1663b04]">&gt;&gt;</a>&nbsp;&nbsp;&nbsp;CheckPINAndPUK
<LI><a href="#[1665670]">&gt;&gt;</a>&nbsp;&nbsp;&nbsp;Sim900B_init
<LI><a href="#[16656ac]">&gt;&gt;</a>&nbsp;&nbsp;&nbsp;SelfTest
<LI><a href="#[166579c]">&gt;&gt;</a>&nbsp;&nbsp;&nbsp;MainMenuScreen_Settings
<LI><a href="#[1665940]">&gt;&gt;</a>&nbsp;&nbsp;&nbsp;UpgradeWiFiSignal
<LI><a href="#[16659f4]">&gt;&gt;</a>&nbsp;&nbsp;&nbsp;UpgradeElectricity
<LI><a href="#[1665a6c]">&gt;&gt;</a>&nbsp;&nbsp;&nbsp;MainMenuScreen
<LI><a href="#[1665ae4]">&gt;&gt;</a>&nbsp;&nbsp;&nbsp;EventFunction
<LI><a href="#[1665b5c]">&gt;&gt;</a>&nbsp;&nbsp;&nbsp;ApplicationInit
<LI><a href="#[1665ee0]">&gt;&gt;</a>&nbsp;&nbsp;&nbsp;ProcStandbyKey
<LI><a href="#[166600c]">&gt;&gt;</a>&nbsp;&nbsp;&nbsp;DisplayPleaseCharge
<LI><a href="#[1667c2c]">&gt;&gt;</a>&nbsp;&nbsp;&nbsp;set_apn
<LI><a href="#[1668730]">&gt;&gt;</a>&nbsp;&nbsp;&nbsp;FormInput
<LI><a href="#[1669cfc]">&gt;&gt;</a>&nbsp;&nbsp;&nbsp;GetString_123TimeInput
<LI><a href="#[166a170]">&gt;&gt;</a>&nbsp;&nbsp;&nbsp;Reject_Orders
<LI><a href="#[166a1ac]">&gt;&gt;</a>&nbsp;&nbsp;&nbsp;RejectOrder
<LI><a href="#[166a1e8]">&gt;&gt;</a>&nbsp;&nbsp;&nbsp;ReadOutOrders
<LI><a href="#[166a260]">&gt;&gt;</a>&nbsp;&nbsp;&nbsp;PrintOrder
<LI><a href="#[166a29c]">&gt;&gt;</a>&nbsp;&nbsp;&nbsp;PrintAcceptOrReject
<LI><a href="#[166a314]">&gt;&gt;</a>&nbsp;&nbsp;&nbsp;Latest_Orders
<LI><a href="#[166a350]">&gt;&gt;</a>&nbsp;&nbsp;&nbsp;InputDeliveryTime
<LI><a href="#[166a38c]">&gt;&gt;</a>&nbsp;&nbsp;&nbsp;HaveUpgrade
<LI><a href="#[166a3c8]">&gt;&gt;</a>&nbsp;&nbsp;&nbsp;HaveReceiveOrder
<LI><a href="#[166a4f4]">&gt;&gt;</a>&nbsp;&nbsp;&nbsp;GetSelectItemOfMenus
<LI><a href="#[166a74c]">&gt;&gt;</a>&nbsp;&nbsp;&nbsp;Delete_Orders
<LI><a href="#[166a7c4]">&gt;&gt;</a>&nbsp;&nbsp;&nbsp;Confirm_Orders
<LI><a href="#[166a878]">&gt;&gt;</a>&nbsp;&nbsp;&nbsp;CheckOrderFailWarn
<LI><a href="#[166a9e0]">&gt;&gt;</a>&nbsp;&nbsp;&nbsp;AcceptRejectMenu
<LI><a href="#[166aa1c]">&gt;&gt;</a>&nbsp;&nbsp;&nbsp;AcceptOrder
<LI><a href="#[16e27e4]">&gt;&gt;</a>&nbsp;&nbsp;&nbsp;WPManage
<LI><a href="#[16e2820]">&gt;&gt;</a>&nbsp;&nbsp;&nbsp;Search_Wifi
<LI><a href="#[16e285c]">&gt;&gt;</a>&nbsp;&nbsp;&nbsp;Reset_WiFi
<LI><a href="#[16e28d4]">&gt;&gt;</a>&nbsp;&nbsp;&nbsp;GetString_abcABC123PYWuBi2
<LI><a href="#[16e2910]">&gt;&gt;</a>&nbsp;&nbsp;&nbsp;GetRejectReasonAndInput
<LI><a href="#[16e294c]">&gt;&gt;</a>&nbsp;&nbsp;&nbsp;DisplayVersion
<LI><a href="#[16e29c4]">&gt;&gt;</a>&nbsp;&nbsp;&nbsp;WIFISet
<LI><a href="#[16e2a00]">&gt;&gt;</a>&nbsp;&nbsp;&nbsp;WANSet
<LI><a href="#[16e2a3c]">&gt;&gt;</a>&nbsp;&nbsp;&nbsp;VersionURL_Set
<LI><a href="#[16e2a78]">&gt;&gt;</a>&nbsp;&nbsp;&nbsp;UpgradeURL_Set
<LI><a href="#[16e2ab4]">&gt;&gt;</a>&nbsp;&nbsp;&nbsp;UpdateParameter
<LI><a href="#[16e2b2c]">&gt;&gt;</a>&nbsp;&nbsp;&nbsp;TerminalPasswordSet
<LI><a href="#[16e2b68]">&gt;&gt;</a>&nbsp;&nbsp;&nbsp;TerminalIDSet
<LI><a href="#[16e2be0]">&gt;&gt;</a>&nbsp;&nbsp;&nbsp;RestaurantID_set
<LI><a href="#[16e2c1c]">&gt;&gt;</a>&nbsp;&nbsp;&nbsp;RejectReason_set
<LI><a href="#[16e2c58]">&gt;&gt;</a>&nbsp;&nbsp;&nbsp;ReadSomeMessage
<LI><a href="#[16e2d0c]">&gt;&gt;</a>&nbsp;&nbsp;&nbsp;PrintPageHeader_set
<LI><a href="#[16e2d48]">&gt;&gt;</a>&nbsp;&nbsp;&nbsp;PrintPageFooter_set
<LI><a href="#[16e2dfc]">&gt;&gt;</a>&nbsp;&nbsp;&nbsp;PinSet
<LI><a href="#[16e2e38]">&gt;&gt;</a>&nbsp;&nbsp;&nbsp;OrderURL_set
<LI><a href="#[16e2e74]">&gt;&gt;</a>&nbsp;&nbsp;&nbsp;NetworkONOFF_set
<LI><a href="#[16e2eb0]">&gt;&gt;</a>&nbsp;&nbsp;&nbsp;NetOpenTime_set
<LI><a href="#[16e2eec]">&gt;&gt;</a>&nbsp;&nbsp;&nbsp;NetCloseTime_set
<LI><a href="#[16e2fdc]">&gt;&gt;</a>&nbsp;&nbsp;&nbsp;LoginUsername_set
<LI><a href="#[16e3018]">&gt;&gt;</a>&nbsp;&nbsp;&nbsp;LoginPassword_set
<LI><a href="#[16e3090]">&gt;&gt;</a>&nbsp;&nbsp;&nbsp;InitParameterSet
<LI><a href="#[16e3180]">&gt;&gt;</a>&nbsp;&nbsp;&nbsp;CheckOrderInterval_set
<LI><a href="#[16e31bc]">&gt;&gt;</a>&nbsp;&nbsp;&nbsp;ChangeNetwork
<LI><a href="#[16e31f8]">&gt;&gt;</a>&nbsp;&nbsp;&nbsp;Callback_set
<LI><a href="#[16e3234]">&gt;&gt;</a>&nbsp;&nbsp;&nbsp;BeepDuration_set
<LI><a href="#[16e3270]">&gt;&gt;</a>&nbsp;&nbsp;&nbsp;BasicSettings
<LI><a href="#[16e3324]">&gt;&gt;</a>&nbsp;&nbsp;&nbsp;AdvancedSet
<LI><a href="#[16e3360]">&gt;&gt;</a>&nbsp;&nbsp;&nbsp;AcceptTimeMode_set
<LI><a href="#[16e3900]">&gt;&gt;</a>&nbsp;&nbsp;&nbsp;WIFIParmeterSet
<LI><a href="#[16e393c]">&gt;&gt;</a>&nbsp;&nbsp;&nbsp;WIFIParStore
<LI><a href="#[16e3978]">&gt;&gt;</a>&nbsp;&nbsp;&nbsp;TimeZoneSet
<LI><a href="#[16e39b4]">&gt;&gt;</a>&nbsp;&nbsp;&nbsp;TimeDateSet
<LI><a href="#[16e39f0]">&gt;&gt;</a>&nbsp;&nbsp;&nbsp;RestoreChuChangSet
<LI><a href="#[16e3a2c]">&gt;&gt;</a>&nbsp;&nbsp;&nbsp;PrintLogo
<LI><a href="#[16e3a68]">&gt;&gt;</a>&nbsp;&nbsp;&nbsp;PrintDensitySet
<LI><a href="#[16e3aa4]">&gt;&gt;</a>&nbsp;&nbsp;&nbsp;PowerOffScreenTime
<LI><a href="#[16e3bd0]">&gt;&gt;</a>&nbsp;&nbsp;&nbsp;OpPsword
<LI><a href="#[16e3c0c]">&gt;&gt;</a>&nbsp;&nbsp;&nbsp;Network_Open
<LI><a href="#[16e3c48]">&gt;&gt;</a>&nbsp;&nbsp;&nbsp;Network_Close
<LI><a href="#[16e3cfc]">&gt;&gt;</a>&nbsp;&nbsp;&nbsp;NetworkSet
<LI><a href="#[16e3d38]">&gt;&gt;</a>&nbsp;&nbsp;&nbsp;MaskSet
<LI><a href="#[16e3d74]">&gt;&gt;</a>&nbsp;&nbsp;&nbsp;LoclaIPSet
<LI><a href="#[16e3e28]">&gt;&gt;</a>&nbsp;&nbsp;&nbsp;LanguageSet
<LI><a href="#[16e3e64]">&gt;&gt;</a>&nbsp;&nbsp;&nbsp;IpAddSet
<LI><a href="#[16e3ea0]">&gt;&gt;</a>&nbsp;&nbsp;&nbsp;GatewaySet
<LI><a href="#[16e3edc]">&gt;&gt;</a>&nbsp;&nbsp;&nbsp;FormatEEPROM
<LI><a href="#[16e3f18]">&gt;&gt;</a>&nbsp;&nbsp;&nbsp;Download_File
<LI><a href="#[16e3f54]">&gt;&gt;</a>&nbsp;&nbsp;&nbsp;Display_RandomNumber
<LI><a href="#[16e3f90]">&gt;&gt;</a>&nbsp;&nbsp;&nbsp;Display_KMY_LibVersion
<LI><a href="#[16e3fcc]">&gt;&gt;</a>&nbsp;&nbsp;&nbsp;Display_IMEI
<LI><a href="#[16e4008]">&gt;&gt;</a>&nbsp;&nbsp;&nbsp;Display_ChipId
<LI><a href="#[16e4044]">&gt;&gt;</a>&nbsp;&nbsp;&nbsp;DisplayCID
<LI><a href="#[16e4080]">&gt;&gt;</a>&nbsp;&nbsp;&nbsp;DhcpSet
<LI><a href="#[16e40bc]">&gt;&gt;</a>&nbsp;&nbsp;&nbsp;DNSSet
<LI><a href="#[16e40f8]">&gt;&gt;</a>&nbsp;&nbsp;&nbsp;ContrastSet
<LI><a href="#[16e4134]">&gt;&gt;</a>&nbsp;&nbsp;&nbsp;BasicKeyTone
<LI><a href="#[16e4170]">&gt;&gt;</a>&nbsp;&nbsp;&nbsp;BasicApnSetUsername
<LI><a href="#[16e41ac]">&gt;&gt;</a>&nbsp;&nbsp;&nbsp;BasicApnSetPassword
<LI><a href="#[16e41e8]">&gt;&gt;</a>&nbsp;&nbsp;&nbsp;BasicApnSetApn
<LI><a href="#[16e690c]">&gt;&gt;</a>&nbsp;&nbsp;&nbsp;PassWordInput_MiddledDisplay
<LI><a href="#[16e6a74]">&gt;&gt;</a>&nbsp;&nbsp;&nbsp;TemporaryNotProvideThisFunction
<LI><a href="#[16e6ab0]">&gt;&gt;</a>&nbsp;&nbsp;&nbsp;SoftWare_Debug
<LI><a href="#[16e6b28]">&gt;&gt;</a>&nbsp;&nbsp;&nbsp;SelfTest_Soft
<LI><a href="#[16e6b64]">&gt;&gt;</a>&nbsp;&nbsp;&nbsp;SelfTest_ReceiveMessage
<LI><a href="#[16e6bdc]">&gt;&gt;</a>&nbsp;&nbsp;&nbsp;SelfTest_PSAM2Test
<LI><a href="#[16e6c18]">&gt;&gt;</a>&nbsp;&nbsp;&nbsp;SelfTest_PSAM1Test
<LI><a href="#[16e6c54]">&gt;&gt;</a>&nbsp;&nbsp;&nbsp;SelfTest_ICTest
<LI><a href="#[16e72e4]">&gt;&gt;</a>&nbsp;&nbsp;&nbsp;UpgradeChinese
<LI><a href="#[16e7320]">&gt;&gt;</a>&nbsp;&nbsp;&nbsp;SelfTest_SendSMS
<LI><a href="#[16e7398]">&gt;&gt;</a>&nbsp;&nbsp;&nbsp;SelfTest_PrinterFont
<LI><a href="#[16e73d4]">&gt;&gt;</a>&nbsp;&nbsp;&nbsp;SelfTest_Printer
<LI><a href="#[16e7410]">&gt;&gt;</a>&nbsp;&nbsp;&nbsp;SelfTest_MakeCall
<LI><a href="#[16e744c]">&gt;&gt;</a>&nbsp;&nbsp;&nbsp;SelfTest_MagCard
<LI><a href="#[16e7488]">&gt;&gt;</a>&nbsp;&nbsp;&nbsp;SelfTest_LED
<LI><a href="#[16e74c4]">&gt;&gt;</a>&nbsp;&nbsp;&nbsp;SelfTest_Key
<LI><a href="#[16e7500]">&gt;&gt;</a>&nbsp;&nbsp;&nbsp;SelfTest_DisplayFont
<LI><a href="#[16e753c]">&gt;&gt;</a>&nbsp;&nbsp;&nbsp;SelfTest_BatVoltage
<LI><a href="#[16e75b4]">&gt;&gt;</a>&nbsp;&nbsp;&nbsp;ExternalSerail1_GSMModule
<LI><a href="#[16e75f0]">&gt;&gt;</a>&nbsp;&nbsp;&nbsp;EraseFlashPage
<LI><a href="#[16e762c]">&gt;&gt;</a>&nbsp;&nbsp;&nbsp;EraseEepromPage0_30
<LI><a href="#[16e82d4]">&gt;&gt;</a>&nbsp;&nbsp;&nbsp;GetString_abcABC123PYWuBi_Language2
<LI><a href="#[171ab7c]">&gt;&gt;</a>&nbsp;&nbsp;&nbsp;kmy_EnterPowerDownMode
</UL>

<P><STRONG><a name="[1669234]"></a>kmy_LcdBlackLightOn</STRONG> (Thumb, 14 bytes, Stack size 0 bytes, kmy_lcddrv.o(.text))
<BR><BR>[Calls]<UL><LI><a href="#[172381c]">&gt;&gt;</a>&nbsp;&nbsp;&nbsp;GPIO_WriteBit
</UL>
<BR>[Called By]<UL><LI><a href="#[166588c]">&gt;&gt;</a>&nbsp;&nbsp;&nbsp;main
<LI><a href="#[1665b5c]">&gt;&gt;</a>&nbsp;&nbsp;&nbsp;ApplicationInit
<LI><a href="#[1665ee0]">&gt;&gt;</a>&nbsp;&nbsp;&nbsp;ProcStandbyKey
<LI><a href="#[166a698]">&gt;&gt;</a>&nbsp;&nbsp;&nbsp;GPRS_Thread
<LI><a href="#[166e25c]">&gt;&gt;</a>&nbsp;&nbsp;&nbsp;WaitkeyAndAutoExit
<LI><a href="#[166e34c]">&gt;&gt;</a>&nbsp;&nbsp;&nbsp;KeyEventPost
<LI><a href="#[16e17f4]">&gt;&gt;</a>&nbsp;&nbsp;&nbsp;_GetString_abcABC123PYWuBi
<LI><a href="#[16e1830]">&gt;&gt;</a>&nbsp;&nbsp;&nbsp;_GetString_123TimeInput
<LI><a href="#[16e7488]">&gt;&gt;</a>&nbsp;&nbsp;&nbsp;SelfTest_LED
</UL>

<P><STRONG><a name="[1669270]"></a>kmy_LcdBlackLightOff</STRONG> (Thumb, 16 bytes, Stack size 0 bytes, kmy_lcddrv.o(.text))
<BR><BR>[Calls]<UL><LI><a href="#[172381c]">&gt;&gt;</a>&nbsp;&nbsp;&nbsp;GPIO_WriteBit
</UL>
<BR>[Called By]<UL><LI><a href="#[166a698]">&gt;&gt;</a>&nbsp;&nbsp;&nbsp;GPRS_Thread
<LI><a href="#[166e040]">&gt;&gt;</a>&nbsp;&nbsp;&nbsp;kmy_GetKeyValue
<LI><a href="#[171ab7c]">&gt;&gt;</a>&nbsp;&nbsp;&nbsp;kmy_EnterPowerDownMode
</UL>

<P><STRONG><a name="[171a744]"></a>ClearBuffAnyByte_bits</STRONG> (Thumb, 20 bytes, Stack size 0 bytes, kmy_lcddrv.o(.text))
<BR><BR>[Called By]<UL><LI><a href="#[1666b88]">&gt;&gt;</a>&nbsp;&nbsp;&nbsp;kmy_LcdDrawBitMap
</UL>

<P><STRONG><a name="[1666b88]"></a>kmy_LcdDrawBitMap</STRONG> (Thumb, 646 bytes, Stack size 0 bytes, kmy_lcddrv.o(.text))
<BR><BR>[Calls]<UL><LI><a href="#[171a744]">&gt;&gt;</a>&nbsp;&nbsp;&nbsp;ClearBuffAnyByte_bits
<LI><a href="#[171a99c]">&gt;&gt;</a>&nbsp;&nbsp;&nbsp;byteCombine
<LI><a href="#[171a9d8]">&gt;&gt;</a>&nbsp;&nbsp;&nbsp;AccordingLcdRamDisplay
</UL>
<BR>[Called By]<UL><LI><a href="#[1666c00]">&gt;&gt;</a>&nbsp;&nbsp;&nbsp;steaddraw_pic_to_row_x
<LI><a href="#[1666da4]">&gt;&gt;</a>&nbsp;&nbsp;&nbsp;draw_pic
<LI><a href="#[16684d8]">&gt;&gt;</a>&nbsp;&nbsp;&nbsp;kmy_LcdTextOut
</UL>

<P><STRONG><a name="[171a6cc]"></a>kmy_LcdGetChineseDot</STRONG> (Thumb, 18 bytes, Stack size 0 bytes, kmy_lcddrv.o(.text), UNUSED)
<BR><BR>[Calls]<UL><LI><a href="#[16692e8]">&gt;&gt;</a>&nbsp;&nbsp;&nbsp;kmy_FlashReadBuffer
</UL>

<P><STRONG><a name="[16684d8]"></a>kmy_LcdTextOut</STRONG> (Thumb, 60 bytes, Stack size 0 bytes, kmy_lcddrv.o(.text))
<BR><BR>[Calls]<UL><LI><a href="#[1666b88]">&gt;&gt;</a>&nbsp;&nbsp;&nbsp;kmy_LcdDrawBitMap
</UL>
<BR>[Called By]<UL><LI><a href="#[16659b8]">&gt;&gt;</a>&nbsp;&nbsp;&nbsp;UpgradeNetworkState
<LI><a href="#[1665ee0]">&gt;&gt;</a>&nbsp;&nbsp;&nbsp;ProcStandbyKey
<LI><a href="#[1665f94]">&gt;&gt;</a>&nbsp;&nbsp;&nbsp;DisplayYearMothDayWeek
<LI><a href="#[1666048]">&gt;&gt;</a>&nbsp;&nbsp;&nbsp;DisplayHourMinuteSecond
<LI><a href="#[1668460]">&gt;&gt;</a>&nbsp;&nbsp;&nbsp;text_out_length
<LI><a href="#[166858c]">&gt;&gt;</a>&nbsp;&nbsp;&nbsp;abcReadCode
<LI><a href="#[16686b8]">&gt;&gt;</a>&nbsp;&nbsp;&nbsp;Form_display
<LI><a href="#[1668730]">&gt;&gt;</a>&nbsp;&nbsp;&nbsp;FormInput
<LI><a href="#[166876c]">&gt;&gt;</a>&nbsp;&nbsp;&nbsp;ABCReadCode
<LI><a href="#[1668af0]">&gt;&gt;</a>&nbsp;&nbsp;&nbsp;text_out_to_row_x
<LI><a href="#[1668b2c]">&gt;&gt;</a>&nbsp;&nbsp;&nbsp;text_out_to_row
<LI><a href="#[166df8c]">&gt;&gt;</a>&nbsp;&nbsp;&nbsp;text_out_to_row_fillSpace
<LI><a href="#[16e3a68]">&gt;&gt;</a>&nbsp;&nbsp;&nbsp;PrintDensitySet
<LI><a href="#[16e40f8]">&gt;&gt;</a>&nbsp;&nbsp;&nbsp;ContrastSet
</UL>

<P><STRONG><a name="[1666b4c]"></a>kmy_LcdDrawLine</STRONG> (Thumb, 400 bytes, Stack size 0 bytes, kmy_lcddrv.o(.text))
<BR><BR>[Calls]<UL><LI><a href="#[171a9d8]">&gt;&gt;</a>&nbsp;&nbsp;&nbsp;AccordingLcdRamDisplay
</UL>
<BR>[Called By]<UL><LI><a href="#[1666b10]">&gt;&gt;</a>&nbsp;&nbsp;&nbsp;kmy_LcdDrawRect
<LI><a href="#[1668514]">&gt;&gt;</a>&nbsp;&nbsp;&nbsp;draw_line
</UL>

<P><STRONG><a name="[1666b10]"></a>kmy_LcdDrawRect</STRONG> (Thumb, 500 bytes, Stack size 0 bytes, kmy_lcddrv.o(.text))
<BR><BR>[Calls]<UL><LI><a href="#[1666b4c]">&gt;&gt;</a>&nbsp;&nbsp;&nbsp;kmy_LcdDrawLine
<LI><a href="#[171a960]">&gt;&gt;</a>&nbsp;&nbsp;&nbsp;BuffAnyByteBits_Change
<LI><a href="#[171a9d8]">&gt;&gt;</a>&nbsp;&nbsp;&nbsp;AccordingLcdRamDisplay
</UL>
<BR>[Called By]<UL><LI><a href="#[1666c78]">&gt;&gt;</a>&nbsp;&nbsp;&nbsp;reverse_area_to_row
<LI><a href="#[1666d2c]">&gt;&gt;</a>&nbsp;&nbsp;&nbsp;fill_rect
<LI><a href="#[1666d68]">&gt;&gt;</a>&nbsp;&nbsp;&nbsp;draw_rect
<LI><a href="#[1666e1c]">&gt;&gt;</a>&nbsp;&nbsp;&nbsp;clear_area_to_row
<LI><a href="#[1668550]">&gt;&gt;</a>&nbsp;&nbsp;&nbsp;clear_area
<LI><a href="#[166da64]">&gt;&gt;</a>&nbsp;&nbsp;&nbsp;reverse_area
<LI><a href="#[166e478]">&gt;&gt;</a>&nbsp;&nbsp;&nbsp;DispHighLightRow
<LI><a href="#[16e6b28]">&gt;&gt;</a>&nbsp;&nbsp;&nbsp;SelfTest_Soft
</UL>

<P><STRONG><a name="[1666ad4]"></a>kmy_LcdSetContrast</STRONG> (Thumb, 34 bytes, Stack size 0 bytes, kmy_lcddrv.o(.text))
<BR><BR>[Calls]<UL><LI><a href="#[171a870]">&gt;&gt;</a>&nbsp;&nbsp;&nbsp;write_command
</UL>
<BR>[Called By]<UL><LI><a href="#[1666c3c]">&gt;&gt;</a>&nbsp;&nbsp;&nbsp;set_contrast
</UL>

<P><STRONG><a name="[16651c0]"></a>kmy_LedInit</STRONG> (Thumb, 32 bytes, Stack size 0 bytes, kmy_leddrv.o(.text))
<BR><BR>[Calls]<UL><LI><a href="#[16e6984]">&gt;&gt;</a>&nbsp;&nbsp;&nbsp;GPIO_Init
</UL>
<BR>[Called By]<UL><LI><a href="#[1665b5c]">&gt;&gt;</a>&nbsp;&nbsp;&nbsp;ApplicationInit
</UL>

<P><STRONG><a name="[16651fc]"></a>kmy_LedDataLedOn</STRONG> (Thumb, 14 bytes, Stack size 0 bytes, kmy_leddrv.o(.text))
<BR><BR>[Calls]<UL><LI><a href="#[17238d0]">&gt;&gt;</a>&nbsp;&nbsp;&nbsp;GPIO_SetBits
</UL>
<BR>[Called By]<UL><LI><a href="#[1665904]">&gt;&gt;</a>&nbsp;&nbsp;&nbsp;kmy_OneMiliSecondCallThread
<LI><a href="#[16e7488]">&gt;&gt;</a>&nbsp;&nbsp;&nbsp;SelfTest_LED
</UL>

<P><STRONG><a name="[1665238]"></a>kmy_LedDataLedOff</STRONG> (Thumb, 14 bytes, Stack size 0 bytes, kmy_leddrv.o(.text))
<BR><BR>[Calls]<UL><LI><a href="#[16e6948]">&gt;&gt;</a>&nbsp;&nbsp;&nbsp;GPIO_ResetBits
</UL>
<BR>[Called By]<UL><LI><a href="#[1665904]">&gt;&gt;</a>&nbsp;&nbsp;&nbsp;kmy_OneMiliSecondCallThread
<LI><a href="#[16e7488]">&gt;&gt;</a>&nbsp;&nbsp;&nbsp;SelfTest_LED
</UL>

<P><STRONG><a name="[16e66b4]"></a>kmy_LedPaparLedOn</STRONG> (Thumb, 14 bytes, Stack size 0 bytes, kmy_leddrv.o(.text))
<BR><BR>[Calls]<UL><LI><a href="#[17238d0]">&gt;&gt;</a>&nbsp;&nbsp;&nbsp;GPIO_SetBits
</UL>
<BR>[Called By]<UL><LI><a href="#[16e7488]">&gt;&gt;</a>&nbsp;&nbsp;&nbsp;SelfTest_LED
</UL>

<P><STRONG><a name="[16e66f0]"></a>kmy_LedPaparLedOff</STRONG> (Thumb, 14 bytes, Stack size 0 bytes, kmy_leddrv.o(.text))
<BR><BR>[Calls]<UL><LI><a href="#[16e6948]">&gt;&gt;</a>&nbsp;&nbsp;&nbsp;GPIO_ResetBits
</UL>
<BR>[Called By]<UL><LI><a href="#[16e7488]">&gt;&gt;</a>&nbsp;&nbsp;&nbsp;SelfTest_LED
</UL>

<P><STRONG><a name="[1665148]"></a>kmy_MiscInit</STRONG> (Thumb, 8 bytes, Stack size 0 bytes, kmy_misc.o(.text))
<BR><BR>[Calls]<UL><LI><a href="#[1722214]">&gt;&gt;</a>&nbsp;&nbsp;&nbsp;PWR_DeInit
</UL>
<BR>[Called By]<UL><LI><a href="#[1665b5c]">&gt;&gt;</a>&nbsp;&nbsp;&nbsp;ApplicationInit
</UL>

<P><STRONG><a name="[16e267c]"></a>kmy_MiscGetChipUniqueId</STRONG> (Thumb, 64 bytes, Stack size 0 bytes, kmy_misc.o(.text))
<BR><BR>[Calls]<UL><LI><a href="#[22bb2a0]">&gt;&gt;</a>&nbsp;&nbsp;&nbsp;__2sprintf
</UL>
<BR>[Called By]<UL><LI><a href="#[16e4008]">&gt;&gt;</a>&nbsp;&nbsp;&nbsp;Display_ChipId
</UL>

<P><STRONG><a name="[16e663c]"></a>kmy_MiscGetRandomNumber</STRONG> (Thumb, 86 bytes, Stack size 0 bytes, kmy_misc.o(.text))
<BR><BR>[Calls]<UL><LI><a href="#[1665094]">&gt;&gt;</a>&nbsp;&nbsp;&nbsp;kmy_TimeGetRtcSeconds
<LI><a href="#[22bb2a0]">&gt;&gt;</a>&nbsp;&nbsp;&nbsp;__2sprintf
<LI><a href="#[22c2398]">&gt;&gt;</a>&nbsp;&nbsp;&nbsp;__aeabi_memcpy
<LI><a href="#[22c244c]">&gt;&gt;</a>&nbsp;&nbsp;&nbsp;srand
<LI><a href="#[22c2488]">&gt;&gt;</a>&nbsp;&nbsp;&nbsp;rand
</UL>
<BR>[Called By]<UL><LI><a href="#[16e3f54]">&gt;&gt;</a>&nbsp;&nbsp;&nbsp;Display_RandomNumber
</UL>

<P><STRONG><a name="[16e2640]"></a>kmy_MiscGetLibraryVersion</STRONG> (Thumb, 14 bytes, Stack size 0 bytes, kmy_misc.o(.text))
<BR><BR>[Calls]<UL><LI><a href="#[22c1b64]">&gt;&gt;</a>&nbsp;&nbsp;&nbsp;strcpy
</UL>
<BR>[Called By]<UL><LI><a href="#[16e3f90]">&gt;&gt;</a>&nbsp;&nbsp;&nbsp;Display_KMY_LibVersion
</UL>

<P><STRONG><a name="[1719bc8]"></a>DrvGPIO_SetBit_my</STRONG> (Thumb, 30 bytes, Stack size 0 bytes, kmy_printerdrv.o(.text))
<BR><BR>[Calls]<UL><LI><a href="#[16e6948]">&gt;&gt;</a>&nbsp;&nbsp;&nbsp;GPIO_ResetBits
<LI><a href="#[17238d0]">&gt;&gt;</a>&nbsp;&nbsp;&nbsp;GPIO_SetBits
</UL>
<BR>[Called By]<UL><LI><a href="#[166510c]">&gt;&gt;</a>&nbsp;&nbsp;&nbsp;kmy_PrinterInit
<LI><a href="#[1669180]">&gt;&gt;</a>&nbsp;&nbsp;&nbsp;kmy_PrinterString
<LI><a href="#[171931c]">&gt;&gt;</a>&nbsp;&nbsp;&nbsp;OutPutPrintData_my
<LI><a href="#[17194c0]">&gt;&gt;</a>&nbsp;&nbsp;&nbsp;Entry_PrintBMP1
<LI><a href="#[17194fc]">&gt;&gt;</a>&nbsp;&nbsp;&nbsp;Entry_PrintBMP
<LI><a href="#[1719538]">&gt;&gt;</a>&nbsp;&nbsp;&nbsp;Entry_Print16
<LI><a href="#[1719574]">&gt;&gt;</a>&nbsp;&nbsp;&nbsp;Entry_Printing
<LI><a href="#[1719934]">&gt;&gt;</a>&nbsp;&nbsp;&nbsp;OutPutPrintData2
<LI><a href="#[1719970]">&gt;&gt;</a>&nbsp;&nbsp;&nbsp;OutPutPrintData
<LI><a href="#[17199ac]">&gt;&gt;</a>&nbsp;&nbsp;&nbsp;OutPutPrintData16
<LI><a href="#[17199e8]">&gt;&gt;</a>&nbsp;&nbsp;&nbsp;OutPutPrintDataBMP2
<LI><a href="#[1719a24]">&gt;&gt;</a>&nbsp;&nbsp;&nbsp;OutPutPrintDataBMP1
<LI><a href="#[1719a60]">&gt;&gt;</a>&nbsp;&nbsp;&nbsp;OutPutPrintDataBMP16
<LI><a href="#[1719ad8]">&gt;&gt;</a>&nbsp;&nbsp;&nbsp;PntPowOff
<LI><a href="#[1719b14]">&gt;&gt;</a>&nbsp;&nbsp;&nbsp;PntPowOn
<LI><a href="#[1719b50]">&gt;&gt;</a>&nbsp;&nbsp;&nbsp;OutPutPrintData1
<LI><a href="#[1719b8c]">&gt;&gt;</a>&nbsp;&nbsp;&nbsp;lat_data
</UL>

<P><STRONG><a name="[166510c]"></a>kmy_PrinterInit</STRONG> (Thumb, 302 bytes, Stack size 0 bytes, kmy_printerdrv.o(.text))
<BR><BR>[Calls]<UL><LI><a href="#[16e6984]">&gt;&gt;</a>&nbsp;&nbsp;&nbsp;GPIO_Init
<LI><a href="#[1719bc8]">&gt;&gt;</a>&nbsp;&nbsp;&nbsp;DrvGPIO_SetBit_my
<LI><a href="#[172174c]">&gt;&gt;</a>&nbsp;&nbsp;&nbsp;RCC_APB2PeriphClockCmd
</UL>
<BR>[Called By]<UL><LI><a href="#[1665b5c]">&gt;&gt;</a>&nbsp;&nbsp;&nbsp;ApplicationInit
<LI><a href="#[16691bc]">&gt;&gt;</a>&nbsp;&nbsp;&nbsp;kmy_PrinterSetcommand
<LI><a href="#[16691f8]">&gt;&gt;</a>&nbsp;&nbsp;&nbsp;kmy_PrintFlashBitmap
<LI><a href="#[16e6600]">&gt;&gt;</a>&nbsp;&nbsp;&nbsp;kmy_PrinterBitmap
<LI><a href="#[17192a4]">&gt;&gt;</a>&nbsp;&nbsp;&nbsp;MF_TEST
<LI><a href="#[17194fc]">&gt;&gt;</a>&nbsp;&nbsp;&nbsp;Entry_PrintBMP
<LI><a href="#[1719538]">&gt;&gt;</a>&nbsp;&nbsp;&nbsp;Entry_Print16
<LI><a href="#[1719574]">&gt;&gt;</a>&nbsp;&nbsp;&nbsp;Entry_Printing
<LI><a href="#[17195b0]">&gt;&gt;</a>&nbsp;&nbsp;&nbsp;SetPrintPara
</UL>

<P><STRONG><a name="[1719b8c]"></a>lat_data</STRONG> (Thumb, 34 bytes, Stack size 0 bytes, kmy_printerdrv.o(.text))
<BR><BR>[Calls]<UL><LI><a href="#[1719bc8]">&gt;&gt;</a>&nbsp;&nbsp;&nbsp;DrvGPIO_SetBit_my
</UL>
<BR>[Called By]<UL><LI><a href="#[1669180]">&gt;&gt;</a>&nbsp;&nbsp;&nbsp;kmy_PrinterString
<LI><a href="#[17194c0]">&gt;&gt;</a>&nbsp;&nbsp;&nbsp;Entry_PrintBMP1
<LI><a href="#[17194fc]">&gt;&gt;</a>&nbsp;&nbsp;&nbsp;Entry_PrintBMP
<LI><a href="#[1719538]">&gt;&gt;</a>&nbsp;&nbsp;&nbsp;Entry_Print16
<LI><a href="#[1719574]">&gt;&gt;</a>&nbsp;&nbsp;&nbsp;Entry_Printing
<LI><a href="#[1719844]">&gt;&gt;</a>&nbsp;&nbsp;&nbsp;FeedInterval1
<LI><a href="#[1719b14]">&gt;&gt;</a>&nbsp;&nbsp;&nbsp;PntPowOn
</UL>

<P><STRONG><a name="[1719b50]"></a>OutPutPrintData1</STRONG> (Thumb, 84 bytes, Stack size 0 bytes, kmy_printerdrv.o(.text))
<BR><BR>[Calls]<UL><LI><a href="#[1719bc8]">&gt;&gt;</a>&nbsp;&nbsp;&nbsp;DrvGPIO_SetBit_my
</UL>
<BR>[Called By]<UL><LI><a href="#[1669180]">&gt;&gt;</a>&nbsp;&nbsp;&nbsp;kmy_PrinterString
<LI><a href="#[1719538]">&gt;&gt;</a>&nbsp;&nbsp;&nbsp;Entry_Print16
<LI><a href="#[1719574]">&gt;&gt;</a>&nbsp;&nbsp;&nbsp;Entry_Printing
<LI><a href="#[1719844]">&gt;&gt;</a>&nbsp;&nbsp;&nbsp;FeedInterval1
<LI><a href="#[1719b14]">&gt;&gt;</a>&nbsp;&nbsp;&nbsp;PntPowOn
</UL>

<P><STRONG><a name="[1719b14]"></a>PntPowOn</STRONG> (Thumb, 24 bytes, Stack size 0 bytes, kmy_printerdrv.o(.text))
<BR><BR>[Calls]<UL><LI><a href="#[1719b50]">&gt;&gt;</a>&nbsp;&nbsp;&nbsp;OutPutPrintData1
<LI><a href="#[1719b8c]">&gt;&gt;</a>&nbsp;&nbsp;&nbsp;lat_data
<LI><a href="#[1719bc8]">&gt;&gt;</a>&nbsp;&nbsp;&nbsp;DrvGPIO_SetBit_my
</UL>
<BR>[Called By]<UL><LI><a href="#[1669180]">&gt;&gt;</a>&nbsp;&nbsp;&nbsp;kmy_PrinterString
<LI><a href="#[16691bc]">&gt;&gt;</a>&nbsp;&nbsp;&nbsp;kmy_PrinterSetcommand
<LI><a href="#[16691f8]">&gt;&gt;</a>&nbsp;&nbsp;&nbsp;kmy_PrintFlashBitmap
<LI><a href="#[16e6600]">&gt;&gt;</a>&nbsp;&nbsp;&nbsp;kmy_PrinterBitmap
<LI><a href="#[17192a4]">&gt;&gt;</a>&nbsp;&nbsp;&nbsp;MF_TEST
<LI><a href="#[17194fc]">&gt;&gt;</a>&nbsp;&nbsp;&nbsp;Entry_PrintBMP
[...]
<LI><a href="#[16e1830]">&gt;&gt;</a>&nbsp;&nbsp;&nbsp;_GetString_123TimeInput
<LI><a href="#[16e2910]">&gt;&gt;</a>&nbsp;&nbsp;&nbsp;GetRejectReasonAndInput
</UL>

<P><STRONG><a name="[16e19d4]"></a>flightcursor</STRONG> (Thumb, 54 bytes, Stack size 0 bytes, shurufa.o(i.flightcursor))
<BR><BR>[Calls]<UL><LI><a href="#[1662a60]">&gt;&gt;</a>&nbsp;&nbsp;&nbsp;my_GetCurrentMs
<LI><a href="#[166da64]">&gt;&gt;</a>&nbsp;&nbsp;&nbsp;reverse_area
</UL>
<BR>[Called By]<UL><LI><a href="#[16e17f4]">&gt;&gt;</a>&nbsp;&nbsp;&nbsp;_GetString_abcABC123PYWuBi
<LI><a href="#[16e1830]">&gt;&gt;</a>&nbsp;&nbsp;&nbsp;_GetString_123TimeInput
<LI><a href="#[16e2910]">&gt;&gt;</a>&nbsp;&nbsp;&nbsp;GetRejectReasonAndInput
</UL>

<P><STRONG><a name="[16e1998]"></a>my_ABCReadCode</STRONG> (Thumb, 500 bytes, Stack size 0 bytes, shurufa.o(i.my_ABCReadCode))
<BR><BR>[Calls]<UL><LI><a href="#[1662a60]">&gt;&gt;</a>&nbsp;&nbsp;&nbsp;my_GetCurrentMs
<LI><a href="#[1669a2c]">&gt;&gt;</a>&nbsp;&nbsp;&nbsp;PostKey
<LI><a href="#[166da64]">&gt;&gt;</a>&nbsp;&nbsp;&nbsp;reverse_area
<LI><a href="#[166e040]">&gt;&gt;</a>&nbsp;&nbsp;&nbsp;kmy_GetKeyValue
<LI><a href="#[166e310]">&gt;&gt;</a>&nbsp;&nbsp;&nbsp;KeyIsResponse
<LI><a href="#[166e34c]">&gt;&gt;</a>&nbsp;&nbsp;&nbsp;KeyEventPost
<LI><a href="#[16e18e4]">&gt;&gt;</a>&nbsp;&nbsp;&nbsp;srf_strcat_insert
<LI><a href="#[16e195c]">&gt;&gt;</a>&nbsp;&nbsp;&nbsp;my_AccordPointInsertEdit
<LI><a href="#[16e1c2c]">&gt;&gt;</a>&nbsp;&nbsp;&nbsp;CalculateCursorOffset
<LI><a href="#[22c1d80]">&gt;&gt;</a>&nbsp;&nbsp;&nbsp;strlen
<LI><a href="#[22c235c]">&gt;&gt;</a>&nbsp;&nbsp;&nbsp;__aeabi_memcpy4
</UL>
<BR>[Called By]<UL><LI><a href="#[16e2910]">&gt;&gt;</a>&nbsp;&nbsp;&nbsp;GetRejectReasonAndInput
</UL>

<P><STRONG><a name="[16e195c]"></a>my_AccordPointInsertEdit</STRONG> (Thumb, 386 bytes, Stack size 0 bytes, shurufa.o(i.my_AccordPointInsertEdit))
<BR><BR>[Calls]<UL><LI><a href="#[1666bc4]">&gt;&gt;</a>&nbsp;&nbsp;&nbsp;text_out_to_row_Language2
<LI><a href="#[16e17b8]">&gt;&gt;</a>&nbsp;&nbsp;&nbsp;flashcursor
</UL>
<BR>[Called By]<UL><LI><a href="#[16e17f4]">&gt;&gt;</a>&nbsp;&nbsp;&nbsp;_GetString_abcABC123PYWuBi
<LI><a href="#[16e1830]">&gt;&gt;</a>&nbsp;&nbsp;&nbsp;_GetString_123TimeInput
<LI><a href="#[16e1920]">&gt;&gt;</a>&nbsp;&nbsp;&nbsp;my_abcReadCode
<LI><a href="#[16e1998]">&gt;&gt;</a>&nbsp;&nbsp;&nbsp;my_ABCReadCode
<LI><a href="#[16e1a4c]">&gt;&gt;</a>&nbsp;&nbsp;&nbsp;abcReadCode
<LI><a href="#[16e1c68]">&gt;&gt;</a>&nbsp;&nbsp;&nbsp;ABCReadCode
</UL>

<P><STRONG><a name="[16e1920]"></a>my_abcReadCode</STRONG> (Thumb, 500 bytes, Stack size 0 bytes, shurufa.o(i.my_abcReadCode))
<BR><BR>[Calls]<UL><LI><a href="#[1662a60]">&gt;&gt;</a>&nbsp;&nbsp;&nbsp;my_GetCurrentMs
<LI><a href="#[1669a2c]">&gt;&gt;</a>&nbsp;&nbsp;&nbsp;PostKey
<LI><a href="#[166da64]">&gt;&gt;</a>&nbsp;&nbsp;&nbsp;reverse_area
<LI><a href="#[166e040]">&gt;&gt;</a>&nbsp;&nbsp;&nbsp;kmy_GetKeyValue
<LI><a href="#[166e310]">&gt;&gt;</a>&nbsp;&nbsp;&nbsp;KeyIsResponse
<LI><a href="#[166e34c]">&gt;&gt;</a>&nbsp;&nbsp;&nbsp;KeyEventPost
<LI><a href="#[16e18e4]">&gt;&gt;</a>&nbsp;&nbsp;&nbsp;srf_strcat_insert
<LI><a href="#[16e195c]">&gt;&gt;</a>&nbsp;&nbsp;&nbsp;my_AccordPointInsertEdit
<LI><a href="#[16e1c2c]">&gt;&gt;</a>&nbsp;&nbsp;&nbsp;CalculateCursorOffset
<LI><a href="#[22c1d80]">&gt;&gt;</a>&nbsp;&nbsp;&nbsp;strlen
<LI><a href="#[22c235c]">&gt;&gt;</a>&nbsp;&nbsp;&nbsp;__aeabi_memcpy4
</UL>
<BR>[Called By]<UL><LI><a href="#[16e2910]">&gt;&gt;</a>&nbsp;&nbsp;&nbsp;GetRejectReasonAndInput
</UL>

<P><STRONG><a name="[16e18e4]"></a>srf_strcat_insert</STRONG> (Thumb, 78 bytes, Stack size 0 bytes, shurufa.o(i.srf_strcat_insert))
<BR><BR>[Calls]<UL><LI><a href="#[22c1d80]">&gt;&gt;</a>&nbsp;&nbsp;&nbsp;strlen
<LI><a href="#[22c2398]">&gt;&gt;</a>&nbsp;&nbsp;&nbsp;__aeabi_memcpy
</UL>
<BR>[Called By]<UL><LI><a href="#[16e17f4]">&gt;&gt;</a>&nbsp;&nbsp;&nbsp;_GetString_abcABC123PYWuBi
<LI><a href="#[16e1830]">&gt;&gt;</a>&nbsp;&nbsp;&nbsp;_GetString_123TimeInput
<LI><a href="#[16e1920]">&gt;&gt;</a>&nbsp;&nbsp;&nbsp;my_abcReadCode
<LI><a href="#[16e1998]">&gt;&gt;</a>&nbsp;&nbsp;&nbsp;my_ABCReadCode
<LI><a href="#[16e1a4c]">&gt;&gt;</a>&nbsp;&nbsp;&nbsp;abcReadCode
<LI><a href="#[16e1c68]">&gt;&gt;</a>&nbsp;&nbsp;&nbsp;ABCReadCode
</UL>

<P><STRONG><a name="[16e0750]"></a>get_ucs2_offset</STRONG> (Thumb, 106 bytes, Stack size 0 bytes, ucs2_to_gb2312.o(i.get_ucs2_offset))
<BR><BR>[Called By]<UL><LI><a href="#[1662e5c]">&gt;&gt;</a>&nbsp;&nbsp;&nbsp;ucs2str_to_gb2312str
</UL>

<P><STRONG><a name="[16df1c0]"></a>SetSysClock</STRONG> (Thumb, 8 bytes, Stack size 0 bytes, system_stm32f10x.o(i.SetSysClock))
<BR><BR>[Calls]<UL><LI><a href="#[16df184]">&gt;&gt;</a>&nbsp;&nbsp;&nbsp;SetSysClockTo72
</UL>
<BR>[Called By]<UL><LI><a href="#[16df094]">&gt;&gt;</a>&nbsp;&nbsp;&nbsp;SystemInit
</UL>

<P><STRONG><a name="[16df184]"></a>SetSysClockTo72</STRONG> (Thumb, 192 bytes, Stack size 0 bytes, system_stm32f10x.o(i.SetSysClockTo72))
<BR><BR>[Called By]<UL><LI><a href="#[16df1c0]">&gt;&gt;</a>&nbsp;&nbsp;&nbsp;SetSysClock
</UL>

<P><STRONG><a name="[171b3b0]"></a>IIC_Init</STRONG> (Thumb, 66 bytes, Stack size 0 bytes, kmy_eepromdrv.o(.text))
<BR><BR>[Calls]<UL><LI><a href="#[16e6984]">&gt;&gt;</a>&nbsp;&nbsp;&nbsp;GPIO_Init
<LI><a href="#[172174c]">&gt;&gt;</a>&nbsp;&nbsp;&nbsp;RCC_APB2PeriphClockCmd
<LI><a href="#[17238d0]">&gt;&gt;</a>&nbsp;&nbsp;&nbsp;GPIO_SetBits
</UL>
<BR>[Called By]<UL><LI><a href="#[16653a0]">&gt;&gt;</a>&nbsp;&nbsp;&nbsp;kmy_EepromInit
</UL>

<P><STRONG><a name="[171b374]"></a>IIC_Start</STRONG> (Thumb, 46 bytes, Stack size 0 bytes, kmy_eepromdrv.o(.text))
<BR><BR>[Calls]<UL><LI><a href="#[16e6240]">&gt;&gt;</a>&nbsp;&nbsp;&nbsp;usleep
<LI><a href="#[16e6948]">&gt;&gt;</a>&nbsp;&nbsp;&nbsp;GPIO_ResetBits
<LI><a href="#[17238d0]">&gt;&gt;</a>&nbsp;&nbsp;&nbsp;GPIO_SetBits
</UL>
<BR>[Called By]<UL><LI><a href="#[166939c]">&gt;&gt;</a>&nbsp;&nbsp;&nbsp;kmy_EepromReadByte
<LI><a href="#[166bebc]">&gt;&gt;</a>&nbsp;&nbsp;&nbsp;kmy_EepromWritePage
<LI><a href="#[166bef8]">&gt;&gt;</a>&nbsp;&nbsp;&nbsp;kmy_EepromWriteByte
<LI><a href="#[166bf34]">&gt;&gt;</a>&nbsp;&nbsp;&nbsp;kmy_EepromReadSequent
</UL>

<P><STRONG><a name="[171b338]"></a>IIC_Stop</STRONG> (Thumb, 46 bytes, Stack size 0 bytes, kmy_eepromdrv.o(.text))
<BR><BR>[Calls]<UL><LI><a href="#[16e6240]">&gt;&gt;</a>&nbsp;&nbsp;&nbsp;usleep
<LI><a href="#[16e6948]">&gt;&gt;</a>&nbsp;&nbsp;&nbsp;GPIO_ResetBits
<LI><a href="#[17238d0]">&gt;&gt;</a>&nbsp;&nbsp;&nbsp;GPIO_SetBits
</UL>
<BR>[Called By]<UL><LI><a href="#[166939c]">&gt;&gt;</a>&nbsp;&nbsp;&nbsp;kmy_EepromReadByte
<LI><a href="#[166bebc]">&gt;&gt;</a>&nbsp;&nbsp;&nbsp;kmy_EepromWritePage
<LI><a href="#[166bef8]">&gt;&gt;</a>&nbsp;&nbsp;&nbsp;kmy_EepromWriteByte
<LI><a href="#[166bf34]">&gt;&gt;</a>&nbsp;&nbsp;&nbsp;kmy_EepromReadSequent
<LI><a href="#[171b2fc]">&gt;&gt;</a>&nbsp;&nbsp;&nbsp;IIC_Wait_Ack
</UL>

<P><STRONG><a name="[171b2fc]"></a>IIC_Wait_Ack</STRONG> (Thumb, 132 bytes, Stack size 0 bytes, kmy_eepromdrv.o(.text))
<BR><BR>[Calls]<UL><LI><a href="#[16e6240]">&gt;&gt;</a>&nbsp;&nbsp;&nbsp;usleep
<LI><a href="#[16e6948]">&gt;&gt;</a>&nbsp;&nbsp;&nbsp;GPIO_ResetBits
<LI><a href="#[171b338]">&gt;&gt;</a>&nbsp;&nbsp;&nbsp;IIC_Stop
<LI><a href="#[17238d0]">&gt;&gt;</a>&nbsp;&nbsp;&nbsp;GPIO_SetBits
<LI><a href="#[1723984]">&gt;&gt;</a>&nbsp;&nbsp;&nbsp;GPIO_ReadInputDataBit
</UL>
<BR>[Called By]<UL><LI><a href="#[166939c]">&gt;&gt;</a>&nbsp;&nbsp;&nbsp;kmy_EepromReadByte
<LI><a href="#[166bebc]">&gt;&gt;</a>&nbsp;&nbsp;&nbsp;kmy_EepromWritePage
<LI><a href="#[166bef8]">&gt;&gt;</a>&nbsp;&nbsp;&nbsp;kmy_EepromWriteByte
<LI><a href="#[166bf34]">&gt;&gt;</a>&nbsp;&nbsp;&nbsp;kmy_EepromReadSequent
</UL>

<P><STRONG><a name="[171b2c0]"></a>IIC_Ack</STRONG> (Thumb, 78 bytes, Stack size 0 bytes, kmy_eepromdrv.o(.text))
<BR><BR>[Calls]<UL><LI><a href="#[16e6240]">&gt;&gt;</a>&nbsp;&nbsp;&nbsp;usleep
<LI><a href="#[16e6948]">&gt;&gt;</a>&nbsp;&nbsp;&nbsp;GPIO_ResetBits
<LI><a href="#[17238d0]">&gt;&gt;</a>&nbsp;&nbsp;&nbsp;GPIO_SetBits
</UL>
<BR>[Called By]<UL><LI><a href="#[166bf34]">&gt;&gt;</a>&nbsp;&nbsp;&nbsp;kmy_EepromReadSequent
</UL>

<P><STRONG><a name="[171b284]"></a>IIC_NAck</STRONG> (Thumb, 78 bytes, Stack size 0 bytes, kmy_eepromdrv.o(.text))
<BR><BR>[Calls]<UL><LI><a href="#[16e6240]">&gt;&gt;</a>&nbsp;&nbsp;&nbsp;usleep
<LI><a href="#[16e6948]">&gt;&gt;</a>&nbsp;&nbsp;&nbsp;GPIO_ResetBits
<LI><a href="#[17238d0]">&gt;&gt;</a>&nbsp;&nbsp;&nbsp;GPIO_SetBits
</UL>
<BR>[Called By]<UL><LI><a href="#[166939c]">&gt;&gt;</a>&nbsp;&nbsp;&nbsp;kmy_EepromReadByte
<LI><a href="#[166bf34]">&gt;&gt;</a>&nbsp;&nbsp;&nbsp;kmy_EepromReadSequent
</UL>

<P><STRONG><a name="[171b248]"></a>IIC_Send_Byte</STRONG> (Thumb, 106 bytes, Stack size 0 bytes, kmy_eepromdrv.o(.text))
<BR><BR>[Calls]<UL><LI><a href="#[16e6240]">&gt;&gt;</a>&nbsp;&nbsp;&nbsp;usleep
<LI><a href="#[16e6948]">&gt;&gt;</a>&nbsp;&nbsp;&nbsp;GPIO_ResetBits
<LI><a href="#[17238d0]">&gt;&gt;</a>&nbsp;&nbsp;&nbsp;GPIO_SetBits
</UL>
<BR>[Called By]<UL><LI><a href="#[166939c]">&gt;&gt;</a>&nbsp;&nbsp;&nbsp;kmy_EepromReadByte
<LI><a href="#[166bebc]">&gt;&gt;</a>&nbsp;&nbsp;&nbsp;kmy_EepromWritePage
<LI><a href="#[166bef8]">&gt;&gt;</a>&nbsp;&nbsp;&nbsp;kmy_EepromWriteByte
<LI><a href="#[166bf34]">&gt;&gt;</a>&nbsp;&nbsp;&nbsp;kmy_EepromReadSequent
</UL>

<P><STRONG><a name="[171b20c]"></a>IIC_Read_Byte</STRONG> (Thumb, 152 bytes, Stack size 0 bytes, kmy_eepromdrv.o(.text))
<BR><BR>[Calls]<UL><LI><a href="#[16e6240]">&gt;&gt;</a>&nbsp;&nbsp;&nbsp;usleep
<LI><a href="#[16e6948]">&gt;&gt;</a>&nbsp;&nbsp;&nbsp;GPIO_ResetBits
<LI><a href="#[17238d0]">&gt;&gt;</a>&nbsp;&nbsp;&nbsp;GPIO_SetBits
<LI><a href="#[1723984]">&gt;&gt;</a>&nbsp;&nbsp;&nbsp;GPIO_ReadInputDataBit
</UL>
<BR>[Called By]<UL><LI><a href="#[166939c]">&gt;&gt;</a>&nbsp;&nbsp;&nbsp;kmy_EepromReadByte
<LI><a href="#[166bf34]">&gt;&gt;</a>&nbsp;&nbsp;&nbsp;kmy_EepromReadSequent
</UL>

<P><STRONG><a name="[171a9d8]"></a>AccordingLcdRamDisplay</STRONG> (Thumb, 48 bytes, Stack size 0 bytes, kmy_lcddrv.o(.text))
<BR><BR>[Calls]<UL><LI><a href="#[171a7f8]">&gt;&gt;</a>&nbsp;&nbsp;&nbsp;LCDSetXY
<LI><a href="#[171a834]">&gt;&gt;</a>&nbsp;&nbsp;&nbsp;write_data
</UL>
<BR>[Called By]<UL><LI><a href="#[1666b10]">&gt;&gt;</a>&nbsp;&nbsp;&nbsp;kmy_LcdDrawRect
<LI><a href="#[1666b4c]">&gt;&gt;</a>&nbsp;&nbsp;&nbsp;kmy_LcdDrawLine
<LI><a href="#[1666b88]">&gt;&gt;</a>&nbsp;&nbsp;&nbsp;kmy_LcdDrawBitMap
<LI><a href="#[166e004]">&gt;&gt;</a>&nbsp;&nbsp;&nbsp;kmy_LcdClear
</UL>

<P><STRONG><a name="[171a99c]"></a>byteCombine</STRONG> (Thumb, 82 bytes, Stack size 0 bytes, kmy_lcddrv.o(.text))
<BR><BR>[Called By]<UL><LI><a href="#[1666b88]">&gt;&gt;</a>&nbsp;&nbsp;&nbsp;kmy_LcdDrawBitMap
</UL>

<P><STRONG><a name="[171a960]"></a>BuffAnyByteBits_Change</STRONG> (Thumb, 80 bytes, Stack size 0 bytes, kmy_lcddrv.o(.text))
<BR><BR>[Called By]<UL><LI><a href="#[1666b10]">&gt;&gt;</a>&nbsp;&nbsp;&nbsp;kmy_LcdDrawRect
</UL>

<P><STRONG><a name="[1718f5c]"></a>PSAM_ByteReceive</STRONG> (Thumb, 46 bytes, Stack size 0 bytes, kmy_psamdrv.o(.text))
<BR><BR>[Calls]<UL><LI><a href="#[1662934]">&gt;&gt;</a>&nbsp;&nbsp;&nbsp;USART_GetFlagStatus
<LI><a href="#[171bbe4]">&gt;&gt;</a>&nbsp;&nbsp;&nbsp;USART_ReceiveData
</UL>
<BR>[Called By]<UL><LI><a href="#[16e6420]">&gt;&gt;</a>&nbsp;&nbsp;&nbsp;kmy_psamAPDU
<LI><a href="#[1718c8c]">&gt;&gt;</a>&nbsp;&nbsp;&nbsp;PSAM_PTSConfig
<LI><a href="#[1718ee4]">&gt;&gt;</a>&nbsp;&nbsp;&nbsp;PSAM_AnswerReq
</UL>

<P><STRONG><a name="[1718f20]"></a>PSAM_decode_Answer2reset</STRONG> (Thumb, 340 bytes, Stack size 0 bytes, kmy_psamdrv.o(.text))
<BR><BR>[Called By]<UL><LI><a href="#[1718c50]">&gt;&gt;</a>&nbsp;&nbsp;&nbsp;PSAM_Handler
</UL>

<P><STRONG><a name="[1718ee4]"></a>PSAM_AnswerReq</STRONG> (Thumb, 180 bytes, Stack size 0 bytes, kmy_psamdrv.o(.text))
<BR><BR>[Calls]<UL><LI><a href="#[1718cc8]">&gt;&gt;</a>&nbsp;&nbsp;&nbsp;PSAM_Reset
<LI><a href="#[1718f5c]">&gt;&gt;</a>&nbsp;&nbsp;&nbsp;PSAM_ByteReceive
</UL>
<BR>[Called By]<UL><LI><a href="#[1718c50]">&gt;&gt;</a>&nbsp;&nbsp;&nbsp;PSAM_Handler
</UL>

<P><STRONG><a name="[1718944]"></a>time3_NVIC_Configuration</STRONG> (Thumb, 42 bytes, Stack size 0 bytes, kmy_time.o(.text))
<BR><BR>[Calls]<UL><LI><a href="#[16ddb7c]">&gt;&gt;</a>&nbsp;&nbsp;&nbsp;NVIC_PriorityGroupConfig
<LI><a href="#[16ddbb8]">&gt;&gt;</a>&nbsp;&nbsp;&nbsp;NVIC_Init
</UL>
<BR>[Called By]<UL><LI><a href="#[1665058]">&gt;&gt;</a>&nbsp;&nbsp;&nbsp;kmy_TimeInit
</UL>

<P><STRONG><a name="[1718908]"></a>time2_NVIC_Configuration</STRONG> (Thumb, 42 bytes, Stack size 0 bytes, kmy_time.o(.text))
<BR><BR>[Calls]<UL><LI><a href="#[16ddb7c]">&gt;&gt;</a>&nbsp;&nbsp;&nbsp;NVIC_PriorityGroupConfig
<LI><a href="#[16ddbb8]">&gt;&gt;</a>&nbsp;&nbsp;&nbsp;NVIC_Init
</UL>
<BR>[Called By]<UL><LI><a href="#[1665058]">&gt;&gt;</a>&nbsp;&nbsp;&nbsp;kmy_TimeInit
</UL>

<P><STRONG><a name="[17188cc]"></a>__offtime</STRONG> (Thumb, 606 bytes, Stack size 0 bytes, kmy_time.o(.text))
<BR><BR>[Called By]<UL><LI><a href="#[1669144]">&gt;&gt;</a>&nbsp;&nbsp;&nbsp;kmy_TimeGetTime
</UL>

<P><STRONG><a name="[1718548]"></a>kmy_USART1SendOne</STRONG> (Thumb, 26 bytes, Stack size 0 bytes, kmy_usart1drv.o(.text))
<BR><BR>[Called By]<UL><LI><a href="#[16e6510]">&gt;&gt;</a>&nbsp;&nbsp;&nbsp;kmy_USART1SendString
<LI><a href="#[16e654c]">&gt;&gt;</a>&nbsp;&nbsp;&nbsp;kmy_USART1SendData
</UL>

<P><STRONG><a name="[171832c]"></a>kmy_USART2SendOne</STRONG> (Thumb, 26 bytes, Stack size 0 bytes, kmy_usart2drv.o(.text))
<BR><BR>[Called By]<UL><LI><a href="#[16679d4]">&gt;&gt;</a>&nbsp;&nbsp;&nbsp;kmy_USART2SendData
<LI><a href="#[1669054]">&gt;&gt;</a>&nbsp;&nbsp;&nbsp;kmy_USART2SendString
</UL>

<P><STRONG><a name="[17180d4]"></a>kmy_USART3SendOne</STRONG> (Thumb, 26 bytes, Stack size 0 bytes, kmy_usart3drv.o(.text), UNUSED)
<BR><BR>[Called By]<UL><LI><a href="#[16e645c]">&gt;&gt;</a>&nbsp;&nbsp;&nbsp;kmy_USART3SendData
<LI><a href="#[1718098]">&gt;&gt;</a>&nbsp;&nbsp;&nbsp;kmy_USART3SendString
</UL>

<P><STRONG><a name="[1717dc8]"></a>ArrayExchangeEndToEnd_ByCheckEnd</STRONG> (Thumb, 82 bytes, Stack size 0 bytes, kmy_magcardpadrv.o(.text))
<BR><BR>[Called By]<UL><LI><a href="#[16e6678]">&gt;&gt;</a>&nbsp;&nbsp;&nbsp;kmy_MagcardRead
</UL>

<P><STRONG><a name="[1717d8c]"></a>Low5BitsExchange</STRONG> (Thumb, 56 bytes, Stack size 0 bytes, kmy_magcardpadrv.o(.text))
<BR><BR>[Called By]<UL><LI><a href="#[16e6678]">&gt;&gt;</a>&nbsp;&nbsp;&nbsp;kmy_MagcardRead
</UL>

<P><STRONG><a name="[1717d50]"></a>Low7BitsExchange</STRONG> (Thumb, 76 bytes, Stack size 0 bytes, kmy_magcardpadrv.o(.text))
<BR><BR>[Called By]<UL><LI><a href="#[16e6678]">&gt;&gt;</a>&nbsp;&nbsp;&nbsp;kmy_MagcardRead
</UL>

<P><STRONG><a name="[1717d14]"></a>CalcXOR</STRONG> (Thumb, 40 bytes, Stack size 0 bytes, kmy_magcardpadrv.o(.text))
<BR><BR>[Called By]<UL><LI><a href="#[1717af8]">&gt;&gt;</a>&nbsp;&nbsp;&nbsp;GetValidData
</UL>

<P><STRONG><a name="[1717cd8]"></a>CalcOddParity</STRONG> (Thumb, 52 bytes, Stack size 0 bytes, kmy_magcardpadrv.o(.text))
<BR><BR>[Called By]<UL><LI><a href="#[1717c60]">&gt;&gt;</a>&nbsp;&nbsp;&nbsp;CheckParityFrom1FTo0B
<LI><a href="#[1717c9c]">&gt;&gt;</a>&nbsp;&nbsp;&nbsp;CheckParity
</UL>

<P><STRONG><a name="[1717c9c]"></a>CheckParity</STRONG> (Thumb, 34 bytes, Stack size 0 bytes, kmy_magcardpadrv.o(.text))
<BR><BR>[Calls]<UL><LI><a href="#[1717cd8]">&gt;&gt;</a>&nbsp;&nbsp;&nbsp;CalcOddParity
</UL>
<BR>[Called By]<UL><LI><a href="#[1717af8]">&gt;&gt;</a>&nbsp;&nbsp;&nbsp;GetValidData
</UL>

<P><STRONG><a name="[1717c60]"></a>CheckParityFrom1FTo0B</STRONG> (Thumb, 104 bytes, Stack size 0 bytes, kmy_magcardpadrv.o(.text))
<BR><BR>[Calls]<UL><LI><a href="#[1717cd8]">&gt;&gt;</a>&nbsp;&nbsp;&nbsp;CalcOddParity
</UL>
<BR>[Called By]<UL><LI><a href="#[16e6678]">&gt;&gt;</a>&nbsp;&nbsp;&nbsp;kmy_MagcardRead
</UL>

<P><STRONG><a name="[1717c24]"></a>ChangeData23</STRONG> (Thumb, 12 bytes, Stack size 0 bytes, kmy_magcardpadrv.o(.text))
<BR><BR>[Called By]<UL><LI><a href="#[1717be8]">&gt;&gt;</a>&nbsp;&nbsp;&nbsp;ShowTrack23
</UL>

<P><STRONG><a name="[1717be8]"></a>ShowTrack23</STRONG> (Thumb, 28 bytes, Stack size 0 bytes, kmy_magcardpadrv.o(.text))
<BR><BR>[Calls]<UL><LI><a href="#[1717c24]">&gt;&gt;</a>&nbsp;&nbsp;&nbsp;ChangeData23
</UL>
<BR>[Called By]<UL><LI><a href="#[1717af8]">&gt;&gt;</a>&nbsp;&nbsp;&nbsp;GetValidData
</UL>

<P><STRONG><a name="[1717bac]"></a>ChangeData1</STRONG> (Thumb, 12 bytes, Stack size 0 bytes, kmy_magcardpadrv.o(.text))
<BR><BR>[Called By]<UL><LI><a href="#[1717b70]">&gt;&gt;</a>&nbsp;&nbsp;&nbsp;ShowTrack1
</UL>

<P><STRONG><a name="[1717b70]"></a>ShowTrack1</STRONG> (Thumb, 28 bytes, Stack size 0 bytes, kmy_magcardpadrv.o(.text))
<BR><BR>[Calls]<UL><LI><a href="#[1717bac]">&gt;&gt;</a>&nbsp;&nbsp;&nbsp;ChangeData1
</UL>
<BR>[Called By]<UL><LI><a href="#[1717af8]">&gt;&gt;</a>&nbsp;&nbsp;&nbsp;GetValidData
</UL>

<P><STRONG><a name="[1717b34]"></a>GetStartEnd</STRONG> (Thumb, 128 bytes, Stack size 0 bytes, kmy_magcardpadrv.o(.text))
<BR><BR>[Called By]<UL><LI><a href="#[1717af8]">&gt;&gt;</a>&nbsp;&nbsp;&nbsp;GetValidData
</UL>

<P><STRONG><a name="[1717af8]"></a>GetValidData</STRONG> (Thumb, 158 bytes, Stack size 0 bytes, kmy_magcardpadrv.o(.text))
<BR><BR>[Calls]<UL><LI><a href="#[1717b34]">&gt;&gt;</a>&nbsp;&nbsp;&nbsp;GetStartEnd
<LI><a href="#[1717b70]">&gt;&gt;</a>&nbsp;&nbsp;&nbsp;ShowTrack1
<LI><a href="#[1717be8]">&gt;&gt;</a>&nbsp;&nbsp;&nbsp;ShowTrack23
<LI><a href="#[1717c9c]">&gt;&gt;</a>&nbsp;&nbsp;&nbsp;CheckParity
<LI><a href="#[1717d14]">&gt;&gt;</a>&nbsp;&nbsp;&nbsp;CalcXOR
</UL>
<BR>[Called By]<UL><LI><a href="#[16e6678]">&gt;&gt;</a>&nbsp;&nbsp;&nbsp;kmy_MagcardRead
</UL>

<P><STRONG><a name="[22bb804]"></a>_fp_digits</STRONG> (Thumb, 378 bytes, Stack size 0 bytes, printfa.o(i._fp_digits), UNUSED)
<BR><BR>[Calls]<UL><LI><a href="#[16e09a8]">&gt;&gt;</a>&nbsp;&nbsp;&nbsp;__aeabi_dmul
<LI><a href="#[16e09e4]">&gt;&gt;</a>&nbsp;&nbsp;&nbsp;__aeabi_ddiv
<LI><a href="#[16e0a20]">&gt;&gt;</a>&nbsp;&nbsp;&nbsp;__aeabi_dadd
<LI><a href="#[22bad00]">&gt;&gt;</a>&nbsp;&nbsp;&nbsp;__aeabi_d2ulz
<LI><a href="#[22bad3c]">&gt;&gt;</a>&nbsp;&nbsp;&nbsp;__aeabi_cdrcmple
<LI><a href="#[22c262c]">&gt;&gt;</a>&nbsp;&nbsp;&nbsp;__aeabi_uldivmod
</UL>
<BR>[Called By]<UL><LI><a href="#[22bb7c8]">&gt;&gt;</a>&nbsp;&nbsp;&nbsp;_printf_core
</UL>

<P><STRONG><a name="[22bb7c8]"></a>_printf_core</STRONG> (Thumb, 1810 bytes, Stack size 0 bytes, printfa.o(i._printf_core), UNUSED)
<BR><BR>[Calls]<UL><LI><a href="#[22b8a14]">&gt;&gt;</a>&nbsp;&nbsp;&nbsp;__aeabi_uidivmod
<LI><a href="#[22bb750]">&gt;&gt;</a>&nbsp;&nbsp;&nbsp;_printf_pre_padding
<LI><a href="#[22bb78c]">&gt;&gt;</a>&nbsp;&nbsp;&nbsp;_printf_post_padding
<LI><a href="#[22bb804]">&gt;&gt;</a>&nbsp;&nbsp;&nbsp;_fp_digits
<LI><a href="#[22c262c]">&gt;&gt;</a>&nbsp;&nbsp;&nbsp;__aeabi_uldivmod
</UL>
<BR>[Called By]<UL><LI><a href="#[22bb318]">&gt;&gt;</a>&nbsp;&nbsp;&nbsp;__0sprintf
<LI><a href="#[22bb570]">&gt;&gt;</a>&nbsp;&nbsp;&nbsp;__0printf
</UL>

<P><STRONG><a name="[22bb78c]"></a>_printf_post_padding</STRONG> (Thumb, 38 bytes, Stack size 0 bytes, printfa.o(i._printf_post_padding), UNUSED)
<BR><BR>[Called By]<UL><LI><a href="#[22bb7c8]">&gt;&gt;</a>&nbsp;&nbsp;&nbsp;_printf_core
</UL>

<P><STRONG><a name="[22bb750]"></a>_printf_pre_padding</STRONG> (Thumb, 46 bytes, Stack size 0 bytes, printfa.o(i._printf_pre_padding), UNUSED)
<BR><BR>[Called By]<UL><LI><a href="#[22bb7c8]">&gt;&gt;</a>&nbsp;&nbsp;&nbsp;_printf_core
</UL>

<P><STRONG><a name="[22bb6d8]"></a>_sputc</STRONG> (Thumb, 10 bytes, Stack size 0 bytes, printfa.o(i._sputc))
<BR><BR>[Called By]<UL><LI><a href="#[22bb318]">&gt;&gt;</a>&nbsp;&nbsp;&nbsp;__0sprintf
</UL>
<BR>[Address Reference Count : 1]<UL><LI> printfa.o(i.__0sprintf)
</UL><P>
<H3>
Undefined Global Symbols
</H3><HR></body></html>
