ARM Linker, RVCT4.0 [Build 728] [Standard]

==============================================================================

Section Cross References

    callrecord.o(i.Delete_all_record) refers to kmy_lcddrv.o(.text) for kmy_LcdClear
    callrecord.o(i.Delete_all_record) refers to lcd.o(i.DrawTitle_to_row_Language2) for DrawTitle_to_row_Language2
    callrecord.o(i.Delete_all_record) refers to key.o(i.WaitkeyAndAutoExit) for WaitkeyAndAutoExit
    callrecord.o(i.Delete_all_record) refers to eepromfilesystem.o(i.EepromFile_Delete) for EepromFile_Delete
    callrecord.o(i.Delete_all_record) refers to callrecord.o(.constdata) for .constdata
    callrecord.o(i.DialledNO) refers to memseta.o(.text) for __aeabi_memclr4
    callrecord.o(i.DialledNO) refers to eepromfilesystem.o(i.EepromFile_ReadData) for EepromFile_ReadData
    callrecord.o(i.DialledNO) refers to kmy_lcddrv.o(.text) for kmy_LcdClear
    callrecord.o(i.DialledNO) refers to lcd.o(i.DrawTitle_to_row_Language2) for DrawTitle_to_row_Language2
    callrecord.o(i.DialledNO) refers to key.o(i.WaitkeyAndAutoExit) for WaitkeyAndAutoExit
    callrecord.o(i.DialledNO) refers to callrecord.o(i.display_papa) for display_papa
    callrecord.o(i.DialledNO) refers to callrecord.o(.constdata) for .constdata
    callrecord.o(i.DisplayDetailRecvdCalls) refers to kmy_lcddrv.o(.text) for kmy_LcdClear
    callrecord.o(i.DisplayDetailRecvdCalls) refers to lcd.o(i.DrawTitle_to_row_Language2) for DrawTitle_to_row_Language2
    callrecord.o(i.DisplayDetailRecvdCalls) refers to fileoperate.o(i.Read_A_Record_Segment) for Read_A_Record_Segment
    callrecord.o(i.DisplayDetailRecvdCalls) refers to key.o(i.WaitkeyAndAutoExit) for WaitkeyAndAutoExit
    callrecord.o(i.MainMenuScreen_Calls) refers to menuoperate.o(i.MenuHandler_Language2) for MenuHandler_Language2
    callrecord.o(i.MainMenuScreen_Calls) refers to kmy_lcddrv.o(.text) for kmy_LcdClear
    callrecord.o(i.MainMenuScreen_Calls) refers to callrecord.o(.constdata) for .constdata
    callrecord.o(i.MainMenuScreen_Calls) refers to main.o(.data) for CurProc_Return
    callrecord.o(i.RecvdCalls) refers to memseta.o(.text) for __aeabi_memclr4
    callrecord.o(i.RecvdCalls) refers to eepromfilesystem.o(i.EepromFile_ReadData) for EepromFile_ReadData
    callrecord.o(i.RecvdCalls) refers to kmy_lcddrv.o(.text) for kmy_LcdClear
    callrecord.o(i.RecvdCalls) refers to lcd.o(i.DrawTitle_to_row_Language2) for DrawTitle_to_row_Language2
    callrecord.o(i.RecvdCalls) refers to key.o(i.WaitkeyAndAutoExit) for WaitkeyAndAutoExit
    callrecord.o(i.RecvdCalls) refers to callrecord.o(i.display_papa) for display_papa
    callrecord.o(i.RecvdCalls) refers to callrecord.o(.constdata) for .constdata
    callrecord.o(i.display_papa) refers to fileoperate.o(i.Get_Record_Total) for Get_Record_Total
    callrecord.o(i.display_papa) refers to memseta.o(.text) for __aeabi_memclr4
    callrecord.o(i.display_papa) refers to fileoperate.o(i.Read_A_Record_Segment) for Read_A_Record_Segment
    callrecord.o(i.display_papa) refers to kmy_lcddrv.o(.text) for kmy_LcdClear
    callrecord.o(i.display_papa) refers to lcd.o(i.DrawTitle_to_row_Language2) for DrawTitle_to_row_Language2
    callrecord.o(i.display_papa) refers to printfa.o(i.__0sprintf) for __2sprintf
    callrecord.o(i.display_papa) refers to lcd.o(i.text_out_to_row_x_fillSpace) for text_out_to_row_x_fillSpace
    callrecord.o(i.display_papa) refers to lcd.o(i.text_out_to_row_fillSpace) for text_out_to_row_fillSpace
    callrecord.o(i.display_papa) refers to lcd.o(i.DispHighLightRow) for DispHighLightRow
    callrecord.o(i.display_papa) refers to kmy_keydrv.o(.text) for kmy_GetKeyValue
    callrecord.o(i.display_papa) refers to key.o(i.KeyEventPost) for KeyEventPost
    callrecord.o(i.display_papa) refers to strcpy.o(.text) for strcpy
    callrecord.o(i.display_papa) refers to callrecord.o(i.DisplayDetailRecvdCalls) for DisplayDetailRecvdCalls
    callrecord.o(i.display_papa) refers to key.o(i.KeyIsResponse) for KeyIsResponse
    callrecord.o(i.unRecvdCalls) refers to memseta.o(.text) for __aeabi_memclr4
    callrecord.o(i.unRecvdCalls) refers to eepromfilesystem.o(i.EepromFile_ReadData) for EepromFile_ReadData
    callrecord.o(i.unRecvdCalls) refers to kmy_lcddrv.o(.text) for kmy_LcdClear
    callrecord.o(i.unRecvdCalls) refers to lcd.o(i.DrawTitle_to_row_Language2) for DrawTitle_to_row_Language2
    callrecord.o(i.unRecvdCalls) refers to key.o(i.WaitkeyAndAutoExit) for WaitkeyAndAutoExit
    callrecord.o(i.unRecvdCalls) refers to callrecord.o(i.display_papa) for display_papa
    callrecord.o(i.unRecvdCalls) refers to callrecord.o(.constdata) for .constdata
    callrecord.o(.constdata) refers to callrecord.o(.data) for Menu
    callrecord.o(.data) refers to callrecord.o(.conststring) for .conststring
    callrecord.o(.data) refers to callrecord.o(i.unRecvdCalls) for unRecvdCalls
    callrecord.o(.data) refers to callrecord.o(i.RecvdCalls) for RecvdCalls
[...]
    WaitkeyAndAutoExit                       0x08028361   Thumb Code    80  key.o(i.WaitkeyAndAutoExit)
    WiFi_Close                               0x080283b1   Thumb Code    30  wifi.o(i.WiFi_Close)
    WiFi_Connect                             0x080283f9   Thumb Code   424  wifi.o(i.WiFi_Connect)
    WiFi_Receive                             0x08028679   Thumb Code   176  wifi.o(i.WiFi_Receive)
    WiFi_Send                                0x0802872d   Thumb Code    36  wifi.o(i.WiFi_Send)
    _123ReadCode                             0x08028835   Thumb Code    92  forminput.o(i._123ReadCode)
    _GetString_123TimeInput                  0x080289a1   Thumb Code   706  shurufa.o(i._GetString_123TimeInput)
    _GetString_abcABC123PYWuBi               0x08028c6d   Thumb Code   820  shurufa.o(i._GetString_abcABC123PYWuBi)
    __0printf                                0x08029435   Thumb Code    22  printfa.o(i.__0printf)
    __1printf                                0x08029435   Thumb Code     0  printfa.o(i.__0printf)
    __2printf                                0x08029435   Thumb Code     0  printfa.o(i.__0printf)
    __c89printf                              0x08029435   Thumb Code     0  printfa.o(i.__0printf)
    printf                                   0x08029435   Thumb Code     0  printfa.o(i.__0printf)
    __0sprintf                               0x08029455   Thumb Code    34  printfa.o(i.__0sprintf)
    __1sprintf                               0x08029455   Thumb Code     0  printfa.o(i.__0sprintf)
    __2sprintf                               0x08029455   Thumb Code     0  printfa.o(i.__0sprintf)
    __c89sprintf                             0x08029455   Thumb Code     0  printfa.o(i.__0sprintf)
    sprintf                                  0x08029455   Thumb Code     0  printfa.o(i.__0sprintf)
    __EepromFile_Delete                      0x0802947d   Thumb Code    22  eepromfilesystem.o(i.__EepromFile_Delete)
    __aeabi_errno_addr                       0x08029495   Thumb Code     4  errno.o(i.__aeabi_errno_addr)
    __rt_errno_addr                          0x08029495   Thumb Code     0  errno.o(i.__aeabi_errno_addr)
    __scatterload_copy                       0x0802949d   Thumb Code    14  handlers.o(i.__scatterload_copy)
    __scatterload_null                       0x080294ab   Thumb Code     2  handlers.o(i.__scatterload_null)
    __scatterload_zeroinit                   0x080294ad   Thumb Code    14  handlers.o(i.__scatterload_zeroinit)
    _my_DisplayBuff                          0x0802965d   Thumb Code   288  my_library.o(i._my_DisplayBuff)
    abcABC123PYWuBiArgDeInit                 0x0802a085   Thumb Code    30  shurufa.o(i.abcABC123PYWuBiArgDeInit)
    abcReadCode                              0x0802a0b5   Thumb Code   438  forminput.o(i.abcReadCode)
    abeyant                                  0x0802a485   Thumb Code    36  selftest.o(i.abeyant)
    auto_connect_to_wifi                     0x0802a4e5   Thumb Code   142  wifi.o(i.auto_connect_to_wifi)
    clear_area                               0x0802a59d   Thumb Code    36  lcd.o(i.clear_area)
    clear_area_to_row                        0x0802a5c1   Thumb Code    42  lcd.o(i.clear_area_to_row)
    draw_line                                0x0802a5eb   Thumb Code    32  lcd.o(i.draw_line)
    draw_pic                                 0x0802a60b   Thumb Code    38  lcd.o(i.draw_pic)
    draw_rect                                0x0802a631   Thumb Code    44  lcd.o(i.draw_rect)
    fill_rect                                0x0802a65d   Thumb Code    44  lcd.o(i.fill_rect)
    flashcursor                              0x0802a689   Thumb Code    14  shurufa.o(i.flashcursor)
    fputc                                    0x0802a6f1   Thumb Code    32  my_library.o(i.fputc)
    free                                     0x0802a715   Thumb Code    76  malloc.o(i.free)
    kmy_EnableDisableTime3                   0x0802a7dd   Thumb Code    26  foodorder.o(i.kmy_EnableDisableTime3)
    kmy_NetStateSet                          0x0802a7fd   Thumb Code   376  foodorder.o(i.kmy_NetStateSet)
    kmy_OneMiliSecondCallThread              0x0802aa09   Thumb Code    94  main.o(i.kmy_OneMiliSecondCallThread)
    kmy_TIM3Init                             0x0802aa71   Thumb Code    22  main.o(i.kmy_TIM3Init)
    kmy_WifiInit                             0x0802aa8d   Thumb Code    84  wifi.o(i.kmy_WifiInit)
    main                                     0x0802ab01   Thumb Code    38  main.o(i.main)
    malloc                                   0x0802ab31   Thumb Code    90  malloc.o(i.malloc)
    my_AsciiToOctor                          0x0802af21   Thumb Code    34  mypure_library.o(i.my_AsciiToOctor)
    my_DisplayBuff                           0x0802af43   Thumb Code   260  my_library.o(i.my_DisplayBuff)
    my_DisplayMenuPercent                    0x0802b047   Thumb Code   230  my_menuop.o(i.my_DisplayMenuPercent)
    my_GetCurrentMs                          0x0802b12d   Thumb Code     8  my_library.o(i.my_GetCurrentMs)
    my_MovePointToHex                        0x0802b135   Thumb Code    24  mypure_library.o(i.my_MovePointToHex)
    my_TwoAscciiToOneHex                     0x0802b14d   Thumb Code    42  mypure_library.o(i.my_TwoAscciiToOneHex)
    my_buff_TwoAscciiToOneHex                0x0802b379   Thumb Code    60  mypure_library.o(i.my_buff_TwoAscciiToOneHex)
    my_charhexprintf_buff                    0x0802b3b5   Thumb Code    64  my_library.o(i.my_charhexprintf_buff)
    my_itoa                                  0x0802b409   Thumb Code    60  mypure_library.o(i.my_itoa)
    my_strcat_insert                         0x0802b4bb   Thumb Code    90  my_library.o(i.my_strcat_insert)
    my_strcpy_DeleteTailByte                 0x0802b515   Thumb Code    38  mypure_library.o(i.my_strcpy_DeleteTailByte)
    my_strcpy_EncounterHexEnd                0x0802b53b   Thumb Code    36  mypure_library.o(i.my_strcpy_EncounterHexEnd)
    my_strcpy_fillspace                      0x0802b55f   Thumb Code    48  lcd.o(i.my_strcpy_fillspace)
    my_strcpy_fillspace_bytes                0x0802b58f   Thumb Code    54  lcd.o(i.my_strcpy_fillspace_bytes)
    my_strdel                                0x0802b5c5   Thumb Code    32  mypure_library.o(i.my_strdel)
    my_string_insert                         0x0802b5e5   Thumb Code    76  mypure_library.o(i.my_string_insert)
    my_string_replace                        0x0802b631   Thumb Code    24  mypure_library.o(i.my_string_replace)
    rak_asciiDotAddressTouint32              0x0802b649   Thumb Code   104  wifi.o(i.rak_asciiDotAddressTouint32)
    rak_init_struct                          0x0802b6b1   Thumb Code   428  wifi.o(i.rak_init_struct)
    reverse_area                             0x0802b8f9   Thumb Code    36  lcd.o(i.reverse_area)
    reverse_area_to_row                      0x0802b91d   Thumb Code    46  lcd.o(i.reverse_area_to_row)
    searchPosInItems                         0x0802b94d   Thumb Code    46  setting.o(i.searchPosInItems)
    send_at_cmd                              0x0802b985   Thumb Code    20  gprs.o(i.send_at_cmd)
    send_at_cmd_and_receive                  0x0802b9ad   Thumb Code   176  gprs.o(i.send_at_cmd_and_receive)
    send_at_cmd_and_return                   0x0802ba79   Thumb Code   158  gprs.o(i.send_at_cmd_and_return)
    set_apn                                  0x0802bc25   Thumb Code   190  gprs.o(i.set_apn)
    set_contrast                             0x0802bd39   Thumb Code    22  lcd.o(i.set_contrast)
    steaddraw_pic_to_row_x                   0x0802bd9d   Thumb Code    46  lcd.o(i.steaddraw_pic_to_row_x)
    tcp_Connect                              0x0802bdcd   Thumb Code   106  gprs.o(i.tcp_Connect)
    tcp_receive                              0x0802be91   Thumb Code   152  gprs.o(i.tcp_receive)
    tcp_send                                 0x0802bf31   Thumb Code   130  gprs.o(i.tcp_send)
    text_out_length                          0x0802bffd   Thumb Code    48  lcd.o(i.text_out_length)
    text_out_to_row                          0x0802c02d   Thumb Code    44  lcd.o(i.text_out_to_row)
    text_out_to_row_Language2                0x0802c05d   Thumb Code    40  lcd.o(i.text_out_to_row_Language2)
    text_out_to_row_fillSpace                0x0802c089   Thumb Code    56  lcd.o(i.text_out_to_row_fillSpace)
    text_out_to_row_x                        0x0802c0c5   Thumb Code    28  lcd.o(i.text_out_to_row_x)
    text_out_to_row_x_Language2              0x0802c0e1   Thumb Code    50  lcd.o(i.text_out_to_row_x_Language2)
    ucs2str_to_gb2312str                     0x0802c119   Thumb Code   622  ucs2_to_gb2312.o(i.ucs2str_to_gb2312str)
    InitKong                                 0x0802c3a8   Data          64  eepromfilesystem.o(.constdata)
    Buff0xff                                 0x0802c3e8   Data          64  eepromfilesystem.o(.constdata)
    logo_mab                                 0x0802c428   Data        2149  foodorder.o(.constdata)
    softwareversion                          0x0802cd1c   Data           9  main.o(.constdata)
    PoweronLogo                              0x0802cd25   Data        1024  main.o(.constdata)
    logo                                     0x0802d125   Data         156  main.o(.constdata)
    CSPNs                                    0x0802d1c1   Data          75  main.o(.constdata)
    pstr                                     0x0802d20c   Data         120  main.o(.constdata)
    MessageIco_unread                        0x0802d374   Data          24  message.o(.constdata)
    MessageIco_readed                        0x0802d38c   Data          24  message.o(.constdata)
    HexMapChar                               0x0802d400   Data          16  mypure_library.o(.constdata)
    CharMapHex                               0x0802d410   Data         256  mypure_library.o(.constdata)
    BoyaLogo                                 0x0802d510   Data        9920  selftest.o(.constdata)
    logo2                                    0x0802fbd0   Data        4485  selftest.o(.constdata)
    logo3                                    0x08030d55   Data        3072  selftest.o(.constdata)
    logo4                                    0x08031955   Data         456  selftest.o(.constdata)
    logo5                                    0x08031b1d   Data         968  selftest.o(.constdata)
    logo6                                    0x08031ee5   Data        1024  selftest.o(.constdata)
    logo7                                    0x080322e5   Data         165  selftest.o(.constdata)
    RFLogo                                   0x0803238a   Data         576  selftest.o(.constdata)
    efile_Config                             0x08032b80   Data           7  setting.o(.constdata)
    Configfile_des3key                       0x08032b87   Data          25  setting.o(.constdata)
    locallanguage                            0x08032ba0   Data           2  setting.o(.constdata)
    ucs2_to_gb2312_table                     0x08032ecc   Data       13526  ucs2_to_gb2312.o(.constdata)
    number_of_ucs2_4E00_9FFF                 0x080363a2   Data           2  ucs2_to_gb2312.o(.constdata)
    ucs2_mirror_4E00_9FFF                    0x080363a4   Data        2624  ucs2_to_gb2312.o(.constdata)
    ucs2_index_table_4E00_9FFF               0x08036de4   Data         656  ucs2_to_gb2312.o(.constdata)
    number_of_bit_1                          0x08037074   Data         256  ucs2_to_gb2312.o(.constdata)
    VersionString                            0x08037174   Data          12  version.o(.constdata)
    VersionDate                              0x08037180   Data          21  version.o(.constdata)
    pstrwifiico                              0x08037198   Data         192  wifi.o(.constdata)
    asccii_6x12                              0x08037264   Data        3072  kmy_lcddrv.o(.constdata)
    asccii_12x24                             0x08037e64   Data       10752  kmy_printerdrv.o(.constdata)
    MotorFeedStep                            0x0803a864   Data          32  kmy_printerdrv.o(.constdata)
    MotorFeedStep1                           0x0803a884   Data          32  kmy_printerdrv.o(.constdata)
    WidthZoom1                               0x0803a8a4   Data           4  kmy_printerdrv.o(.constdata)
    WidthZoom2                               0x0803a8a8   Data           4  kmy_printerdrv.o(.constdata)
    WidthZoom3                               0x0803a8ac   Data           4  kmy_printerdrv.o(.constdata)
    WidthZoom4                               0x0803a8b0   Data           4  kmy_printerdrv.o(.constdata)
    WidthZoom5                               0x0803a8b4   Data           4  kmy_printerdrv.o(.constdata)
    HighZoom1                                0x0803a8b8   Data           4  kmy_printerdrv.o(.constdata)
    HighZoom2                                0x0803a8bc   Data           4  kmy_printerdrv.o(.constdata)
    HighZoom3                                0x0803a8c0   Data           4  kmy_printerdrv.o(.constdata)
    HighZoom4                                0x0803a8c4   Data           4  kmy_printerdrv.o(.constdata)
    HighZoom5                                0x0803a8c8   Data           4  kmy_printerdrv.o(.constdata)
    Zoom1                                    0x0803a8cc   Data           4  kmy_printerdrv.o(.constdata)
    Zoom2                                    0x0803a8d0   Data           4  kmy_printerdrv.o(.constdata)
    Font1                                    0x0803a8d4   Data           4  kmy_printerdrv.o(.constdata)
    Font2                                    0x0803a8d8   Data           4  kmy_printerdrv.o(.constdata)
    underlineOFF                             0x0803a8dc   Data           4  kmy_printerdrv.o(.constdata)
    underlineON                              0x0803a8e0   Data           4  kmy_printerdrv.o(.constdata)
    ymoth                                    0x0803a8f4   Data          12  kmy_time.o(.constdata)
    leapmoth                                 0x0803a900   Data          12  kmy_time.o(.constdata)
    __mon_yday                               0x0803a90c   Data          52  kmy_time.o(.constdata)
    kmylibraryversion                        0x0803a940   Data          20  kmy_usart1drv.o(.constdata)
    __ctype_table                            0x0803a954   Data         129  ctype_o.o(.constdata)
    Region$$Table$$Base                      0x0803b99c   Number         0  anon$$obj.o(Region$$Table)
    Region$$Table$$Limit                     0x0803b9bc   Number         0  anon$$obj.o(Region$$Table)
    Language                                 0x2000003e   Data           2  lcd.o(.data)
    ShortcutKeyEnterFlag                     0x20000040   Data           1  main.o(.data)
    InitFlag                                 0x20000041   Data           1  main.o(.data)
    RequirePin                               0x20000042   Data           1  main.o(.data)
    gEnterPowerDownFlag                      0x20000043   Data           1  main.o(.data)
    gFlushDataFlag                           0x20000044   Data           1  main.o(.data)
    ATsendreceive_Lock                       0x20000045   Data           1  main.o(.data)
    gCheckOrderFail                          0x20000046   Data           1  main.o(.data)
    Net_ONOFF                                0x20000047   Data           1  main.o(.data)
    Net_State                                0x20000048   Data           1  main.o(.data)
    WiFiState                                0x20000049   Data           1  main.o(.data)
    gEventflag                               0x2000004a   Data           1  main.o(.data)
    CurProc_Return                           0x20000070   Data           4  main.o(.data)
    CurProc                                  0x20000074   Data           4  main.o(.data)
    NoElecFlashLed                           0x20000078   Data           1  main.o(.data)
    CONFIG_CARD                              0x200001d0   Data           4  selftest.o(.data)
    REQUEST_IDLE                             0x200001d4   Data           4  selftest.o(.data)
    REQUEST_ALL                              0x200001d8   Data           4  selftest.o(.data)
    ANTICOLL                                 0x200001dc   Data           8  selftest.o(.data)
    HALT_CARD                                0x200001e4   Data           3  selftest.o(.data)
    XStor                                    0x2000035c   Data         344  setting.o(.data)
    settingItems                             0x200004b4   Data         336  setting.o(.data)
    itemCnt                                  0x20000604   Data           1  setting.o(.data)
    dataledflag                              0x200009f8   Data           1  setting.o(.data)
    LightPercent                             0x200009f9   Data           4  setting.o(.data)
    StorePIN                                 0x200009fd   Data           5  setting.o(.data)
    beepKG                                   0x20000a02   Data           2  setting.o(.data)
    ScreenOffTimeout                         0x20000a04   Data           3  setting.o(.data)
    NetworkSwitch                            0x20000a07   Data           2  setting.o(.data)
    Upgrade_Flag                             0x20000a09   Data           2  setting.o(.data)
    BeepDuration                             0x20000a0b   Data           3  setting.o(.data)
    AcceptTimeMode                           0x20000a0e   Data           2  setting.o(.data)
    CheckOrderInterval                       0x20000a10   Data           4  setting.o(.data)
    PrintDensity                             0x20000a14   Data           4  setting.o(.data)
    PrintDateFormat                          0x20000a18   Data           2  setting.o(.data)
    PrintTimeFormat                          0x20000a1a   Data           2  setting.o(.data)
    PrintReceiptCount                        0x20000a1c   Data           2  setting.o(.data)
    AutoAcceptOrder                          0x20000a1e   Data           2  setting.o(.data)
    dhcpclient                               0x20000a20   Data           2  setting.o(.data)
    DEST_IP                                  0x20000a30   Data           4  wifi.o(.data)
    DEST_PORT                                0x20000a34   Data           2  wifi.o(.data)
    FirstGetSSID                             0x20000a36   Data           1  wifi.o(.data)
    socket_flag                              0x20000a38   Data           2  wifi.o(.data)
    MotoFeedCnt                              0x20000a5c   Data           1  kmy_printerdrv.o(.data)
    one_ms_timer                             0x20000a60   Data           4  kmy_printerdrv.o(.data)
    CodingSheet                              0x20000a64   Data         214  kmy_printerdrv.o(.data)
    Ram256Rp                                 0x20000b48   Data           4  kmy_printerdrv.o(.data)
    ProRxDataPointer                         0x20000b4c   Data           4  kmy_printerdrv.o(.data)
    OutPt                                    0x20000b50   Data           4  kmy_printerdrv.o(.data)
    SpaceCnt                                 0x20000b54   Data           1  kmy_printerdrv.o(.data)
    PntByteCnt                               0x20000b58   Data           4  kmy_printerdrv.o(.data)
    PrtInterPt                               0x20000b5c   Data           1  kmy_printerdrv.o(.data)
    RorSpace                                 0x20000b5d   Data           1  kmy_printerdrv.o(.data)
    PaperRun                                 0x20000b5e   Data           1  kmy_printerdrv.o(.data)
    DoubleWide                               0x20000b5f   Data           1  kmy_printerdrv.o(.data)
    DoubleHigh                               0x20000b60   Data           1  kmy_printerdrv.o(.data)
    gLang                                    0x20000b61   Data           1  kmy_printerdrv.o(.data)
    Inv_print                                0x20000b62   Data           1  kmy_printerdrv.o(.data)
    bottom_line                              0x20000b63   Data           1  kmy_printerdrv.o(.data)
    blacken                                  0x20000b64   Data           1  kmy_printerdrv.o(.data)
    font_type                                0x20000b65   Data           1  kmy_printerdrv.o(.data)
    BMPLine                                  0x20000b66   Data           1  kmy_printerdrv.o(.data)
    BMPWide                                  0x20000b68   Data           4  kmy_printerdrv.o(.data)
    BMPLeftWide                              0x20000b6c   Data           4  kmy_printerdrv.o(.data)
    BMPBit                                   0x20000b70   Data           1  kmy_printerdrv.o(.data)
    underlineON_Pt                           0x20000b74   Data           4  kmy_printerdrv.o(.data)
    underlineOFF_Pt                          0x20000b78   Data           4  kmy_printerdrv.o(.data)
    PsamState                                0x20000b7c   Data           1  kmy_psamdrv.o(.data)
    PSAM_AtrLen                              0x20000b7d   Data           1  kmy_psamdrv.o(.data)
    ii1                                      0x20000bfc   Data           1  kmy_magcardpadrv.o(.data)
    ii2                                      0x20000bfd   Data           1  kmy_magcardpadrv.o(.data)
    ii3                                      0x20000bfe   Data           1  kmy_magcardpadrv.o(.data)
    temp1                                    0x20000c00   Data           2  kmy_magcardpadrv.o(.data)
    temp2                                    0x20000c02   Data           2  kmy_magcardpadrv.o(.data)
    temp3                                    0x20000c04   Data           2  kmy_magcardpadrv.o(.data)
    ClkFall1                                 0x20000c06   Data           1  kmy_magcardpadrv.o(.data)
    ClkFall2                                 0x20000c07   Data           1  kmy_magcardpadrv.o(.data)
    ClkFall3                                 0x20000c08   Data           1  kmy_magcardpadrv.o(.data)
    DataStart1                               0x20000c09   Data           1  kmy_magcardpadrv.o(.data)
    DataStart2                               0x20000c0a   Data           1  kmy_magcardpadrv.o(.data)
    DataStart3                               0x20000c0b   Data           1  kmy_magcardpadrv.o(.data)
    Counter1                                 0x20000c0c   Data           2  kmy_magcardpadrv.o(.data)
    Counter2                                 0x20000c0e   Data           2  kmy_magcardpadrv.o(.data)
    Counter3                                 0x20000c10   Data           2  kmy_magcardpadrv.o(.data)
    ProcRecvData1                            0x20000c14   Data           4  kmy_magcardpadrv.o(.data)
    ProcRecvData2                            0x20000c18   Data           4  kmy_magcardpadrv.o(.data)
    ProcRecvData3                            0x20000c1c   Data           4  kmy_magcardpadrv.o(.data)
    rak_spiTimer1                            0x20000c20   Data           4  kmy_wifi.o(.data)
    rak_spiTimer2                            0x20000c24   Data           4  kmy_wifi.o(.data)
    rak_spiTimer3                            0x20000c28   Data           4  kmy_wifi.o(.data)
    rak_strIntStatus                         0x20000c2c   Data           3  kmy_wifi.o(.data)
    __stdout                                 0x20000c30   Data           4  stdout.o(.data)
    __microlib_freelist                      0x20000c38   Data           4  mvars.o(.data)
    __microlib_freelist_initialised          0x20000c3c   Data           4  mvars.o(.data)
    gOrderBuf                                0x20000c84   Data        3072  foodorder.o(.bss)
    pBufNonBlock                             0x20001884   Data         256  foodorder.o(.bss)
    g_TermID                                 0x200019fc   Data          13  main.o(.bss)
    Domain_IP                                0x200027a4   Data          51  setting.o(.bss)
    ApnApn                                   0x200027d7   Data          51  setting.o(.bss)
    ApnUsername                              0x2000280a   Data          22  setting.o(.bss)
    ApnPassword                              0x20002820   Data          22  setting.o(.bss)
    EnterAdvancedSetPassWord                 0x20002836   Data          22  setting.o(.bss)
    TerminalID                               0x2000284c   Data          17  setting.o(.bss)
    TerminalPassword                         0x2000285d   Data          17  setting.o(.bss)
    VersionURL                               0x2000286e   Data         101  setting.o(.bss)
    UpgradeURL                               0x200028d3   Data         101  setting.o(.bss)
    RequestWebURL                            0x20002938   Data         151  setting.o(.bss)
    CallbackURL                              0x200029cf   Data         151  setting.o(.bss)
    RejectReason                             0x20002a66   Data         201  setting.o(.bss)
    ResID                                    0x20002b2f   Data          11  setting.o(.bss)
    LoginWebUsername                         0x20002b3a   Data          21  setting.o(.bss)
    LoginWebPassword                         0x20002b4f   Data          21  setting.o(.bss)
    NetOpenTime                              0x20002b64   Data          10  setting.o(.bss)
    NetCloseTime                             0x20002b6e   Data          10  setting.o(.bss)
    PrintPageHeader                          0x20002b78   Data          31  setting.o(.bss)
    PrintPageFooter                          0x20002b97   Data         101  setting.o(.bss)
    AcceptTimeOptions                        0x20002bfc   Data         151  setting.o(.bss)
    TimeZone                                 0x20002c93   Data          51  setting.o(.bss)
    LocalIpPortBuf                           0x20002cc6   Data          28  setting.o(.bss)
    GatewayBuff                              0x20002ce2   Data          28  setting.o(.bss)
    DNSBuff                                  0x20002cfe   Data          28  setting.o(.bss)
    MaskBuff                                 0x20002d1a   Data          28  setting.o(.bss)
    WLANWP                                   0x20002d36   Data          30  setting.o(.bss)
    SSID                                     0x20002d54   Data          30  setting.o(.bss)
    PSAM_A2R                                 0x20003214   Data          44  kmy_psamdrv.o(.bss)
    PSAM_ATR_Table                           0x20003240   Data          40  kmy_psamdrv.o(.bss)
    PSAM_ADPU                                0x20003268   Data          26  kmy_psamdrv.o(.bss)
    PSAM_Responce                            0x20003282   Data          22  kmy_psamdrv.o(.bss)
    rak_strapi                               0x20004b60   Data         608  kmy_wifi.o(.bss)
    uCmdRspFrame                             0x20004dc0   Data        1452  kmy_wifi.o(.bss)
    __heap_base                              0x20005370   Data           0  startup_stm32f10x_hd.o(HEAP)
    __heap_limit                             0x20005570   Data           0  startup_stm32f10x_hd.o(HEAP)
    __initial_sp                             0x20009570   Data           0  startup_stm32f10x_hd.o(STACK)



==============================================================================

Memory Map of the image

  Image Entry point : 0x0800c131

  Load Region LR_IROM1 (Base: 0x0800c000, Size: 0x00030600, Max: 0x00074000, ABSOLUTE, COMPRESSED[0x0003017c])

    Execution Region ER_IROM1 (Base: 0x0800c000, Size: 0x0002f9bc, Max: 0x00074000, ABSOLUTE)

    Base Addr    Size         Type   Attr      Idx    E Section Name        Object

    0x0800c000   0x00000130   Data   RO          607    RESET               startup_stm32f10x_hd.o
    0x0800c130   0x00000000   Code   RO         1125  * .ARM.Collect$$$$00000000  entry.o(mc_w.l)
    0x0800c130   0x00000004   Code   RO         1315    .ARM.Collect$$$$00000001  entry2.o(mc_w.l)
    0x0800c134   0x00000004   Code   RO         1318    .ARM.Collect$$$$00000004  entry5.o(mc_w.l)
    0x0800c138   0x00000008   Code   RO         1319    .ARM.Collect$$$$00000007  entry7.o(mc_w.l)
    0x0800c140   0x00000004   Code   RO         1316    .ARM.Collect$$$$00002712  entry2.o(mc_w.l)
    0x0800c144   0x00000024   Code   RO          608    .text               startup_stm32f10x_hd.o
    0x0800c168   0x0000007c   Code   RO         1082    .text               kmy_battarydrv.o(kmy_Drv_Vector.lib)
    0x0800c1e4   0x00000040   Code   RO         1083    .text               kmy_beepdrv.o(kmy_Drv_Vector.lib)
    0x0800c224   0x000007dc   Code   RO         1084    .text               kmy_eepromdrv.o(kmy_Drv_Vector.lib)
    0x0800ca00   0x000003c0   Code   RO         1085    .text               kmy_flashdrv.o(kmy_Drv_Vector.lib)
    0x0800cdc0   0x0000008c   Code   RO         1086    .text               kmy_gprsdrv.o(kmy_Drv_Vector.lib)
    0x0800ce4c   0x00000a64   Code   RO         1087    .text               kmy_keydrv.o(kmy_Drv_Vector.lib)
    0x0800d8b0   0x000009ec   Code   RO         1089    .text               kmy_lcddrv.o(kmy_Drv_Vector.lib)
    0x0800e29c   0x0000005c   Code   RO         1092    .text               kmy_leddrv.o(kmy_Drv_Vector.lib)
    0x0800e2f8   0x000000c4   Code   RO         1093    .text               kmy_misc.o(kmy_Drv_Vector.lib)
    0x0800e3bc   0x00003378   Code   RO         1094    .text               kmy_printerdrv.o(kmy_Drv_Vector.lib)
    0x08011734   0x00000c1c   Code   RO         1097    .text               kmy_psamdrv.o(kmy_Drv_Vector.lib)
    0x08012350   0x00000058   Code   RO         1101    .text               kmy_tamperdrv.o(kmy_Drv_Vector.lib)
    0x080123a8   0x00000658   Code   RO         1103    .text               kmy_time.o(kmy_Drv_Vector.lib)
    0x08012a00   0x0000023c   Code   RO         1106    .text               kmy_usart1drv.o(kmy_Drv_Vector.lib)
    0x08012c3c   0x00000320   Code   RO         1110    .text               kmy_usart2drv.o(kmy_Drv_Vector.lib)
    0x08012f5c   0x0000020c   Code   RO         1113    .text               kmy_usart3drv.o(kmy_Drv_Vector.lib)
    0x08013168   0x00000188   Code   RO         1116    .text               kmy_adc.o(kmy_Drv_Vector.lib)
    0x080132f0   0x00000f9c   Code   RO         1117    .text               kmy_magcardpadrv.o(kmy_Drv_Vector.lib)
    0x0801428c   0x00000f10   Code   RO         1119    .text               kmy_wifi.o(kmy_Drv_Vector.lib)
    0x0801519c   0x00000300   Code   RO         1122    .text               kmy_wifi_spi.o(kmy_Drv_Vector.lib)
    0x0801549c   0x0000005a   Code   RO         1149    .text               uldiv.o(mc_w.l)
    0x080154f6   0x00000002   PAD
    0x080154f8   0x00000024   Code   RO         1150    .text               rand.o(mc_w.l)
    0x0801551c   0x00000024   Code   RO         1152    .text               memcpya.o(mc_w.l)
    0x08015540   0x00000026   Code   RO         1153    .text               memseta.o(mc_w.l)
    0x08015566   0x0000001c   Code   RO         1154    .text               strcat.o(mc_w.l)
    0x08015582   0x0000002c   Code   RO         1155    .text               strstr.o(mc_w.l)
    0x080155ae   0x00000018   Code   RO         1156    .text               strncpy.o(mc_w.l)
    0x080155c6   0x00000012   Code   RO         1157    .text               strchr.o(mc_w.l)
    0x080155d8   0x00000010   Code   RO         1158    .text               strlen.o(mc_w.l)
    0x080155e8   0x0000001c   Code   RO         1159    .text               strcmp.o(mc_w.l)
    0x08015604   0x00000028   Code   RO         1160    .text               strncat.o(mc_w.l)
    0x0801562c   0x00000012   Code   RO         1161    .text               strcpy.o(mc_w.l)
    0x0801563e   0x0000001a   Code   RO         1300    .text               atoi.o(mc_w.l)
    0x08015658   0x0000006a   Code   RO         1302    .text               fmul.o(mf_w.l)
    0x080156c2   0x0000015e   Code   RO         1304    .text               dadd.o(mf_w.l)
    0x08015820   0x000000f0   Code   RO         1305    .text               dmul.o(mf_w.l)
    0x08015910   0x00000118   Code   RO         1306    .text               ddiv.o(mf_w.l)
    0x08015a28   0x0000000a   Code   RO         1308    .text               ffltui.o(mf_w.l)
    0x08015a32   0x00000032   Code   RO         1309    .text               ffixi.o(mf_w.l)
    0x08015a64   0x00000024   Code   RO         1311    .text               f2d.o(mf_w.l)
    0x08015a88   0x00000040   Code   RO         1312    .text               d2f.o(mf_w.l)
    0x08015ac8   0x0000002c   Code   RO         1327    .text               uidiv.o(mc_w.l)
    0x08015af4   0x00000020   Code   RO         1328    .text               llshl.o(mc_w.l)
    0x08015b14   0x0000001e   Code   RO         1329    .text               llushr.o(mc_w.l)
    0x08015b32   0x00000022   Code   RO         1330    .text               llsshr.o(mc_w.l)
    0x08015b54   0x00000070   Code   RO         1338    .text               strtol.o(mc_w.l)
    0x08015bc4   0x00000000   Code   RO         1339    .text               iusefp.o(mc_w.l)
    0x08015bc4   0x0000006e   Code   RO         1340    .text               fepilogue.o(mf_w.l)
    0x08015c32   0x000000ea   Code   RO         1341    .text               depilogue.o(mf_w.l)
    0x08015d1c   0x00000032   Code   RO         1342    .text               dfixul.o(mf_w.l)
    0x08015d4e   0x00000002   PAD
    0x08015d50   0x0000004c   Code   RO         1343    .text               cdrcmple.o(mf_w.l)
    0x08015d9c   0x00000024   Code   RO         1344    .text               init.o(mc_w.l)
    0x08015dc0   0x00000008   Code   RO         1346    .text               ctype_o.o(mc_w.l)
    0x08015dc8   0x00000098   Code   RO         1363    .text               _strtoul.o(mc_w.l)
    0x08015e60   0x00000020   Code   RO         1367    .text               _chval.o(mc_w.l)
    0x08015e80   0x0000005e   Code   RO         1374    .text               __dczerorl2.o(mc_w.l)
    0x08015ede   0x00000002   PAD
    0x08015ee0   0x000001bc   Code   RO          125    i.ABCReadCode       forminput.o
    0x0801609c   0x00000214   Code   RO          505    i.ABCReadCode       shurufa.o
    0x080162b0   0x00000016   Code   RO          620    i.ADC_Cmd           stm32f10x_adc.o
    0x080162c6   0x00000002   PAD
    0x080162c8   0x0000005c   Code   RO          622    i.ADC_DeInit        stm32f10x_adc.o
    0x08016324   0x00000014   Code   RO          628    i.ADC_GetCalibrationStatus  stm32f10x_adc.o
    0x08016338   0x00000008   Code   RO          629    i.ADC_GetConversionValue  stm32f10x_adc.o
    0x08016340   0x00000012   Code   RO          631    i.ADC_GetFlagStatus  stm32f10x_adc.o
    0x08016352   0x00000014   Code   RO          634    i.ADC_GetResetCalibrationStatus  stm32f10x_adc.o
    0x08016366   0x00000002   PAD
    0x08016368   0x0000004c   Code   RO          638    i.ADC_Init          stm32f10x_adc.o
    0x080163b4   0x000000b4   Code   RO          642    i.ADC_RegularChannelConfig  stm32f10x_adc.o
    0x08016468   0x0000000a   Code   RO          643    i.ADC_ResetCalibration  stm32f10x_adc.o
    0x08016472   0x00000016   Code   RO          645    i.ADC_SoftwareStartConvCmd  stm32f10x_adc.o
    0x08016488   0x0000000a   Code   RO          647    i.ADC_StartCalibration  stm32f10x_adc.o
    0x08016492   0x00000002   PAD
    0x08016494   0x000004c8   Code   RO           76    i.AcceptOrder       foodorder.o
    0x0801695c   0x00000078   Code   RO           77    i.AcceptRejectMenu  foodorder.o
    0x080169d4   0x00000094   Code   RO          414    i.AcceptTimeMode_set  setting.o
    0x08016a68   0x0000004c   Code   RO           79    i.AddCarriage       foodorder.o
    0x08016ab4   0x0000010c   Code   RO           80    i.AddSpaces         foodorder.o
    0x08016bc0   0x000000d4   Code   RO          415    i.AdvancedSet       setting.o
    0x08016c94   0x00000298   Code   RO          192    i.ApplicationInit   main.o
    0x08016f2c   0x00000018   Code   RO          650    i.BKP_ClearFlag     stm32f10x_bkp.o
    0x08016f44   0x0000000c   Code   RO          655    i.BKP_ITConfig      stm32f10x_bkp.o
    0x08016f50   0x00000010   Code   RO          657    i.BKP_ReadBackupRegister  stm32f10x_bkp.o
    0x08016f60   0x0000000c   Code   RO          659    i.BKP_TamperPinCmd  stm32f10x_bkp.o
    0x08016f6c   0x0000000c   Code   RO          660    i.BKP_TamperPinLevelConfig  stm32f10x_bkp.o
    0x08016f78   0x00000010   Code   RO          661    i.BKP_WriteBackupRegister  stm32f10x_bkp.o
    0x08016f88   0x00000140   Code   RO          418    i.BasicApnSetApn    setting.o
    0x080170c8   0x00000158   Code   RO          419    i.BasicApnSetPassword  setting.o
    0x08017220   0x00000158   Code   RO          420    i.BasicApnSetUsername  setting.o
    0x08017378   0x00000120   Code   RO          421    i.BasicKeyTone      setting.o
    0x08017498   0x00000070   Code   RO          422    i.BasicSettings     setting.o
    0x08017508   0x00000094   Code   RO          423    i.BeepDuration_set  setting.o
    0x0801759c   0x00000012   Code   RO           81    i.BeepLound         foodorder.o
    0x080175ae   0x00000012   Code   RO          155    i.BeepNormal        key.o
    0x080175c0   0x0000000c   Code   RO          230    i.BroadCastChannelSet  message.o
    0x080175cc   0x0000000c   Code   RO          231    i.BroadCastLanguageSelect  message.o
    0x080175d8   0x0000000c   Code   RO          232    i.BroadCastRead     message.o
    0x080175e4   0x0000000c   Code   RO          233    i.BroadCastStart    message.o
    0x080175f0   0x00000018   Code   RO          591    i.BusFault_Handler  stm32f10x_it.o
    0x08017608   0x00000040   Code   RO          506    i.CalculateCursorOffset  shurufa.o
    0x08017648   0x000000a8   Code   RO          424    i.Callback_set      setting.o
    0x080176f0   0x000000b8   Code   RO          425    i.ChangeNetwork     setting.o
    0x080177a8   0x0000011c   Code   RO           83    i.CheckOrderFailWarn  foodorder.o
    0x080178c4   0x000000a4   Code   RO          426    i.CheckOrderInterval_set  setting.o
    0x08017968   0x0000039c   Code   RO          236    i.CheckPINAndPUK    message.o
    0x08017d04   0x00000020   Code   RO          238    i.CheckThisIndexMsgReaded  message.o
    0x08017d24   0x00000058   Code   RO           84    i.CheckTimeFormat   foodorder.o
    0x08017d7c   0x0000000c   Code   RO          239    i.ColorDraftBox     message.o
    0x08017d88   0x0000000c   Code   RO          240    i.ColorMessageCapacity  message.o
    0x08017d94   0x0000000c   Code   RO          241    i.ColorMessageSet   message.o
    0x08017da0   0x0000000c   Code   RO          242    i.ColorReceiveMailBox  message.o
    0x08017dac   0x0000000c   Code   RO          243    i.ColorSendedBox    message.o
    0x08017db8   0x0000000c   Code   RO          244    i.ColorSendedMessage  message.o
    0x08017dc4   0x0000000c   Code   RO          245    i.ColorWriteMessage  message.o
    0x08017dd0   0x00000298   Code   RO           86    i.Confirm_Orders    foodorder.o
    0x08018068   0x0000020c   Code   RO          428    i.ContrastSet       setting.o
    0x08018274   0x00000038   Code   RO           11    i.Cursor_Init       cursor.o
    0x080182ac   0x00000070   Code   RO           12    i.Cursor_OnOff      cursor.o
    0x0801831c   0x00000048   Code   RO           16    i.Cursor_SetX       cursor.o
    0x08018364   0x00000048   Code   RO           17    i.Cursor_SetY       cursor.o
    0x080183ac   0x00000070   Code   RO           18    i.Cursor_Twinkle    cursor.o
    0x0801841c   0x000001dc   Code   RO          429    i.DNSSet            setting.o
    0x080185f8   0x00000002   Code   RO          592    i.DebugMon_Handler  stm32f10x_it.o
    0x080185fa   0x00000002   PAD
    0x080185fc   0x00000060   Code   RO           88    i.Delete_Orders     foodorder.o
    0x0801865c   0x00000128   Code   RO          430    i.DhcpSet           setting.o
    0x08018784   0x00000028   Code   RO          165    i.DispHighLightRow  lcd.o
    0x080187ac   0x0000001c   Code   RO          167    i.DispHighLightRow_to_x_width  lcd.o
    0x080187c8   0x00000148   Code   RO          431    i.DisplayCID        setting.o
    0x08018910   0x0000003c   Code   RO          194    i.DisplayChargeElectricity  main.o
    0x0801894c   0x00000068   Code   RO          195    i.DisplayElectricity  main.o
    0x080189b4   0x00000084   Code   RO          196    i.DisplayHourMinuteSecond  main.o
    0x08018a38   0x000000e6   Code   RO          219    i.DisplayMenuPercent  menuoperate.o
    0x08018b1e   0x00000002   PAD
    0x08018b20   0x00000160   Code   RO          573    i.DisplayNetwork    wifi.o
    0x08018c80   0x00000070   Code   RO          197    i.DisplayPleaseCharge  main.o
    0x08018cf0   0x00000044   Code   RO          198    i.DisplaySignalQuality  main.o
    0x08018d34   0x00000044   Code   RO          507    i.DisplaySrfAndInput  shurufa.o
    0x08018d78   0x000000c4   Code   RO          571    i.DisplayVersion    version.o
    0x08018e3c   0x00000044   Code   RO          574    i.DisplayWiFiSignal  wifi.o
    0x08018e80   0x00000080   Code   RO          199    i.DisplayYearMothDayWeek  main.o
    0x08018f00   0x0000004c   Code   RO          432    i.Display_ChipId    setting.o
    0x08018f4c   0x000000d4   Code   RO          433    i.Display_IMEI      setting.o
    0x08019020   0x00000048   Code   RO          434    i.Display_KMY_LibVersion  setting.o
    0x08019068   0x00000044   Code   RO          435    i.Display_RandomNumber  setting.o
    0x080190ac   0x0000007c   Code   RO           90    i.DistributedAlign  foodorder.o
    0x08019128   0x0000033c   Code   RO          436    i.Download_File     setting.o
    0x08019464   0x0000000c   Code   RO          247    i.DraftBox          message.o
    0x08019470   0x00000034   Code   RO          168    i.DrawTitle_to_row  lcd.o
    0x080194a4   0x0000002c   Code   RO          169    i.DrawTitle_to_row_Language2  lcd.o
    0x080194d0   0x0000000c   Code   RO          734    i.EXTI_ClearITPendingBit  stm32f10x_exti.o
    0x080194dc   0x0000002c   Code   RO          738    i.EXTI_GetITStatus  stm32f10x_exti.o
    0x08019508   0x000000ac   Code   RO          739    i.EXTI_Init         stm32f10x_exti.o
    0x080195b4   0x0000001e   Code   RO           35    i.EepromFile_CheckFileExist  eepromfilesystem.o
    0x080195d2   0x0000012a   Code   RO           36    i.EepromFile_CheckWhetherHaveThisFile  eepromfilesystem.o
    0x080196fc   0x000000ee   Code   RO           37    i.EepromFile_Create  eepromfilesystem.o
    0x080197ea   0x0000002e   Code   RO           38    i.EepromFile_Delete  eepromfilesystem.o
    0x08019818   0x00000022   Code   RO           39    i.EepromFile_DeleteAllPageArea  eepromfilesystem.o
    0x0801983a   0x00000002   PAD
    0x0801983c   0x000000b0   Code   RO           40    i.EepromFile_DeleteEfpAttibute  eepromfilesystem.o
    0x080198ec   0x00000020   Code   RO           41    i.EepromFile_FileSystemFormat  eepromfilesystem.o
    0x0801990c   0x0000007a   Code   RO           42    i.EepromFile_GetAIdlePage  eepromfilesystem.o
    0x08019986   0x00000066   Code   RO           44    i.EepromFile_GetFileStruct  eepromfilesystem.o
    0x080199ec   0x00000050   Code   RO           45    i.EepromFile_GetIdleAreaSize  eepromfilesystem.o
    0x08019a3c   0x00000058   Code   RO           46    i.EepromFile_GetPageRelationAreaTwoByte  eepromfilesystem.o
    0x08019a94   0x00000060   Code   RO           47    i.EepromFile_GetPageRelationAreaTwoByte_AndDelete  eepromfilesystem.o
    0x08019af4   0x0000001c   Code   RO           48    i.EepromFile_GetPhysicalPage  eepromfilesystem.o
    0x08019b10   0x00000012   Code   RO           49    i.EepromFile_GetTotalFiles  eepromfilesystem.o
    0x08019b22   0x00000036   Code   RO           50    i.EepromFile_Open   eepromfilesystem.o
    0x08019b58   0x000000f0   Code   RO           52    i.EepromFile_SaveEfpAttibute  eepromfilesystem.o
    0x08019c48   0x0000007c   Code   RO           54    i.EepromFile_SetPageArea  eepromfilesystem.o
    0x08019cc4   0x0000000e   Code   RO           55    i.EepromFile_SetTotalFiles  eepromfilesystem.o
    0x08019cd2   0x00000018   Code   RO           56    i.EepromFile_TotalFileAdd1  eepromfilesystem.o
    0x08019cea   0x00000016   Code   RO           57    i.EepromFile_TotalFilePlus1  eepromfilesystem.o
    0x08019d00   0x00000096   Code   RO           58    i.EepromFile_Write  eepromfilesystem.o
    0x08019d96   0x00000002   PAD
    0x08019d98   0x000000f8   Code   RO           59    i.EepromFile_WriteData  eepromfilesystem.o
    0x08019e90   0x00000014   Code   RO           60    i.EepromFile_WritePage  eepromfilesystem.o
    0x08019ea4   0x0000003c   Code   RO           61    i.EepromFile_checkThisPageWhetherOk  eepromfilesystem.o
    0x08019ee0   0x000000ae   Code   RO           62    i.EepromFile_read   eepromfilesystem.o
    0x08019f8e   0x00000024   Code   RO           63    i.EepromFile_readFileCurrentPage  eepromfilesystem.o
    0x08019fb2   0x00000014   Code   RO           64    i.EepromFile_readPage  eepromfilesystem.o
    0x08019fc6   0x00000002   PAD
    0x08019fc8   0x0000006c   Code   RO          370    i.EraseEepromPage   selftest.o
    0x0801a034   0x00000054   Code   RO          371    i.EraseEepromPage0_30  selftest.o
    0x0801a088   0x00000098   Code   RO          372    i.EraseFlashPage    selftest.o
    0x0801a120   0x00000034   Code   RO          200    i.EventFunction     main.o
    0x0801a154   0x00000190   Code   RO          373    i.ExternalSerail1_GSMModule  selftest.o
    0x0801a2e4   0x00000014   Code   RO          763    i.FLASH_SetLatency  stm32f10x_flash.o
    0x0801a2f8   0x00000832   Code   RO          126    i.FormInput         forminput.o
    0x0801ab2a   0x00000002   PAD
    0x0801ab2c   0x00000078   Code   RO          127    i.Form_ClearDisplayErea  forminput.o
    0x0801aba4   0x00000046   Code   RO          128    i.Form_display      forminput.o
    0x0801abea   0x00000032   Code   RO          129    i.Form_text_out     forminput.o
    0x0801ac1c   0x00000128   Code   RO          437    i.FormatEEPROM      setting.o
    0x0801ad44   0x00000254   Code   RO          375    i.FromInput_Test    selftest.o
    0x0801af98   0x0000003c   Code   RO          791    i.GPIO_EXTILineConfig  stm32f10x_gpio.o
    0x0801afd4   0x00000110   Code   RO          794    i.GPIO_Init         stm32f10x_gpio.o
    0x0801b0e4   0x0000008c   Code   RO          796    i.GPIO_PinRemapConfig  stm32f10x_gpio.o
    0x0801b170   0x00000012   Code   RO          798    i.GPIO_ReadInputDataBit  stm32f10x_gpio.o
    0x0801b182   0x00000004   Code   RO          801    i.GPIO_ResetBits    stm32f10x_gpio.o
    0x0801b186   0x00000004   Code   RO          802    i.GPIO_SetBits      stm32f10x_gpio.o
    0x0801b18a   0x0000000a   Code   RO          805    i.GPIO_WriteBit     stm32f10x_gpio.o
    0x0801b194   0x000013a0   Code   RO           91    i.GPRS_Thread       foodorder.o
    0x0801c534   0x000001e0   Code   RO          438    i.GatewaySet        setting.o
    0x0801c714   0x00000030   Code   RO          439    i.GetBitOfDecimal   setting.o
    0x0801c744   0x00000080   Code   RO          136    i.GetCCID           gprs.o
    0x0801c7c4   0x0000005c   Code   RO           92    i.GetCountOfOrders  foodorder.o
    0x0801c820   0x000001b0   Code   RO           93    i.GetHttpCallbackString  foodorder.o
    0x0801c9d0   0x00000154   Code   RO           94    i.GetHttpGETString  foodorder.o
    0x0801cb24   0x0000008c   Code   RO          137    i.GetIMEI           gprs.o
    0x0801cbb0   0x00000042   Code   RO          220    i.GetKeyNumVal      menuoperate.o
    0x0801cbf2   0x00000002   PAD
    0x0801cbf4   0x000000d4   Code   RO          248    i.GetMessageNode    message.o
    0x0801ccc8   0x00000088   Code   RO          249    i.GetMessageTotalAndCapacity  message.o
    0x0801cd50   0x00000100   Code   RO          250    i.GetMessage_state_number_datetime  message.o
    0x0801ce50   0x00000078   Code   RO          201    i.GetNetName        main.o
    0x0801cec8   0x000006c4   Code   RO           96    i.GetOneOrder       foodorder.o
    0x0801d58c   0x000000b4   Code   RO           97    i.GetRejectReason   foodorder.o
    0x0801d640   0x00000574   Code   RO          508    i.GetRejectReasonAndInput  shurufa.o
    0x0801dbb4   0x00000534   Code   RO           98    i.GetSelectItemOfMenus  foodorder.o
    0x0801e0e8   0x00000058   Code   RO          509    i.GetSrfString      shurufa.o
    0x0801e140   0x00000038   Code   RO          510    i.GetString_123TimeInput  shurufa.o
    0x0801e178   0x0000002c   Code   RO          512    i.GetString_abcABC123PYWuBi2  shurufa.o
    0x0801e1a4   0x0000003a   Code   RO          513    i.GetString_abcABC123PYWuBi_Language2  shurufa.o
    0x0801e1de   0x0000001c   Code   RO          440    i.GetSum            setting.o
    0x0801e1fa   0x00000002   PAD
    0x0801e1fc   0x00000068   Code   RO          101    i.GetTcpConnectATString  foodorder.o
    0x0801e264   0x000000e0   Code   RO          102    i.GetUPgradeGETString  foodorder.o
    0x0801e344   0x0000006c   Code   RO          202    i.GetWiFiStatus     main.o
    0x0801e3b0   0x00000058   Code   RO          130    i.GetinputModeString  forminput.o
    0x0801e408   0x000000b8   Code   RO          138    i.Gprs_SendDataLen  gprs.o
    0x0801e4c0   0x00000018   Code   RO          593    i.HardFault_Handler  stm32f10x_it.o
    0x0801e4d8   0x00000118   Code   RO          103    i.HaveReceiveOrder  foodorder.o
    0x0801e5f0   0x000000ac   Code   RO          104    i.HaveUpgrade       foodorder.o
    0x0801e69c   0x00000040   Code   RO          105    i.InitOrder         foodorder.o
    0x0801e6dc   0x00000070   Code   RO          441    i.InitParameterSet  setting.o
    0x0801e74c   0x00000038   Code   RO          106    i.InputDeliveryTime  foodorder.o
    0x0801e784   0x0000014c   Code   RO          442    i.IpAddSet          setting.o
    0x0801e8d0   0x00000024   Code   RO          156    i.KeyEventPost      key.o
    0x0801e8f4   0x00000002   Code   RO          158    i.KeyIsResponse     key.o
    0x0801e8f6   0x00000002   PAD
    0x0801e8f8   0x00000120   Code   RO          444    i.LanguageSet       setting.o
    0x0801ea18   0x0000004c   Code   RO          445    i.LanguageSet_Chinese  setting.o
    0x0801ea64   0x0000004c   Code   RO          446    i.LanguageSet_English  setting.o
    0x0801eab0   0x00000220   Code   RO          107    i.Latest_Orders     foodorder.o
    0x0801ecd0   0x000001d8   Code   RO          447    i.LoclaIPSet        setting.o
    0x0801eea8   0x000000a4   Code   RO          448    i.LoginPassword_set  setting.o
    0x0801ef4c   0x000000a4   Code   RO          449    i.LoginUsername_set  setting.o
    0x0801eff0   0x00000080   Code   RO          203    i.MainMenuScreen    main.o
    0x0801f070   0x00000070   Code   RO          253    i.MainMenuScreen_Message_ColorMessage  message.o
    0x0801f0e0   0x00000070   Code   RO          254    i.MainMenuScreen_Message_ShortMessage  message.o
    0x0801f150   0x00000070   Code   RO          255    i.MainMenuScreen_Message_VoiceMailbox  message.o
    0x0801f1c0   0x00000070   Code   RO          256    i.MainMenuScreen_Message_XiaoquGuanbo  message.o
    0x0801f230   0x00000080   Code   RO          450    i.MainMenuScreen_Settings  setting.o
    0x0801f2b0   0x000001e8   Code   RO          451    i.MaskSet           setting.o
    0x0801f498   0x00000018   Code   RO          594    i.MemManage_Handler  stm32f10x_it.o
    0x0801f4b0   0x00000330   Code   RO          224    i.MenuHandler_Language2  menuoperate.o
    0x0801f7e0   0x000003f8   Code   RO          225    i.MenuHandler_Language2_Pic  menuoperate.o
    0x0801fbd8   0x00000316   Code   RO          226    i.MenuHandler_Orders  menuoperate.o
    0x0801feee   0x0000004e   Code   RO          290    i.MenuOperate_response_keyDown  my_menuop.o
    0x0801ff3c   0x0000003c   Code   RO          291    i.MenuOperate_response_keyLeft  my_menuop.o
    0x0801ff78   0x00000052   Code   RO          292    i.MenuOperate_response_keyRight  my_menuop.o
    0x0801ffca   0x00000052   Code   RO          293    i.MenuOperate_response_keyUp  my_menuop.o
    0x0802001c   0x0000000c   Code   RO          257    i.MessageCapacity   message.o
    0x08020028   0x00000054   Code   RO          258    i.MessageDelete     message.o
    0x0802007c   0x00000108   Code   RO          259    i.MessageDisplayContext  message.o
    0x08020184   0x0000000c   Code   RO          260    i.MessageSet        message.o
    0x08020190   0x00000068   Code   RO          261    i.Message_delete_all  message.o
    0x080201f8   0x00000068   Code   RO          262    i.Message_delete_this  message.o
    0x08020260   0x0000000c   Code   RO          263    i.MobileQQ          message.o
    0x0802026c   0x00000002   Code   RO          595    i.NMI_Handler       stm32f10x_it.o
    0x0802026e   0x00000002   PAD
    0x08020270   0x000000d0   Code   RO          452    i.NT_MakeParameter  setting.o
    0x08020340   0x00000148   Code   RO          453    i.NT_StoreParam     setting.o
    0x08020488   0x00000048   Code   RO          454    i.NT_itoa           setting.o
    0x080204d0   0x00000084   Code   RO          609    i.NVIC_Init         misc.o
    0x08020554   0x00000014   Code   RO          610    i.NVIC_PriorityGroupConfig  misc.o
    0x08020568   0x0000002c   Code   RO          204    i.NVIC_SystemReset  main.o
    0x08020594   0x000000e0   Code   RO          455    i.NetCloseTime_set  setting.o
    0x08020674   0x000000dc   Code   RO          456    i.NetOpenTime_set   setting.o
    0x08020750   0x00000120   Code   RO          457    i.NetworkONOFF_set  setting.o
    0x08020870   0x0000014c   Code   RO          458    i.NetworkSet        setting.o
    0x080209bc   0x0000004c   Code   RO          459    i.NetworkSet_GPRS   setting.o
    0x08020a08   0x0000004c   Code   RO          460    i.NetworkSet_WiFi   setting.o
    0x08020a54   0x00000048   Code   RO          461    i.Network_Close     setting.o
    0x08020a9c   0x00000048   Code   RO          462    i.Network_Open      setting.o
    0x08020ae4   0x00000168   Code   RO          463    i.OpPsword          setting.o
    0x08020c4c   0x000000a4   Code   RO          464    i.OrderURL_set      setting.o
    0x08020cf0   0x00000006   Code   RO          465    i.PIN_Change        setting.o
    0x08020cf6   0x00000006   Code   RO          466    i.PIN_OpenClose     setting.o
    0x08020cfc   0x00000198   Code   RO          467    i.PIN_Store         setting.o
    0x08020e94   0x0000000c   Code   RO          845    i.PWR_BackupAccessCmd  stm32f10x_pwr.o
    0x08020ea0   0x00000016   Code   RO          847    i.PWR_DeInit        stm32f10x_pwr.o
    0x08020eb6   0x00000002   PAD
    0x08020eb8   0x00000044   Code   RO          849    i.PWR_EnterSTOPMode  stm32f10x_pwr.o
    0x08020efc   0x00000038   Code   RO          514    i.PassWordArgDeInit  shurufa.o
    0x08020f34   0x00000044   Code   RO          516    i.PassWordInput2    shurufa.o
    0x08020f78   0x0000002c   Code   RO          517    i.PassWordInput_MiddledDisplay  shurufa.o
    0x08020fa4   0x00000002   Code   RO          596    i.PendSV_Handler    stm32f10x_it.o
    0x08020fa6   0x00000002   PAD
    0x08020fa8   0x000000cc   Code   RO          468    i.PinSet            setting.o
    0x08021074   0x0000004c   Code   RO          469    i.Polish_Display_Keytone_Close  setting.o
    0x080210c0   0x0000004c   Code   RO          470    i.Polish_Display_Keytone_Open  setting.o
    0x0802110c   0x0000000c   Code   RO          159    i.PostKey           key.o
    0x08021118   0x00000138   Code   RO          471    i.PowerOffScreenTime  setting.o
    0x08021250   0x0000017c   Code   RO          109    i.PrintAcceptOrReject  foodorder.o
    0x080213cc   0x000001d4   Code   RO          473    i.PrintDensitySet   setting.o
    0x080215a0   0x000000fc   Code   RO          474    i.PrintLogo         setting.o
    0x0802169c   0x00000648   Code   RO          110    i.PrintOrder        foodorder.o
    0x08021ce4   0x000000a0   Code   RO          476    i.PrintPageFooter_set  setting.o
    0x08021d84   0x000000a0   Code   RO          477    i.PrintPageHeader_set  setting.o
    0x08021e24   0x00000218   Code   RO          205    i.ProcStandbyKey    main.o
    0x0802203c   0x00000014   Code   RO          854    i.RCC_ADCCLKConfig  stm32f10x_rcc.o
    0x08022050   0x00000020   Code   RO          856    i.RCC_APB1PeriphClockCmd  stm32f10x_rcc.o
    0x08022070   0x00000020   Code   RO          857    i.RCC_APB1PeriphResetCmd  stm32f10x_rcc.o
    0x08022090   0x00000020   Code   RO          858    i.RCC_APB2PeriphClockCmd  stm32f10x_rcc.o
    0x080220b0   0x00000020   Code   RO          859    i.RCC_APB2PeriphResetCmd  stm32f10x_rcc.o
    0x080220d0   0x0000004c   Code   RO          865    i.RCC_DeInit        stm32f10x_rcc.o
    0x0802211c   0x000000d4   Code   RO          866    i.RCC_GetClocksFreq  stm32f10x_rcc.o
    0x080221f0   0x0000003c   Code   RO          867    i.RCC_GetFlagStatus  stm32f10x_rcc.o
    0x0802222c   0x00000010   Code   RO          869    i.RCC_GetSYSCLKSource  stm32f10x_rcc.o
    0x0802223c   0x00000014   Code   RO          870    i.RCC_HCLKConfig    stm32f10x_rcc.o
    0x08022250   0x0000004c   Code   RO          871    i.RCC_HSEConfig     stm32f10x_rcc.o
    0x0802229c   0x00000034   Code   RO          874    i.RCC_LSEConfig     stm32f10x_rcc.o
    0x080222d0   0x00000014   Code   RO          877    i.RCC_PCLK1Config   stm32f10x_rcc.o
    0x080222e4   0x00000018   Code   RO          878    i.RCC_PCLK2Config   stm32f10x_rcc.o
    0x080222fc   0x0000000c   Code   RO          879    i.RCC_PLLCmd        stm32f10x_rcc.o
    0x08022308   0x0000001c   Code   RO          880    i.RCC_PLLConfig     stm32f10x_rcc.o
    0x08022324   0x0000000c   Code   RO          881    i.RCC_RTCCLKCmd     stm32f10x_rcc.o
    0x08022330   0x00000010   Code   RO          882    i.RCC_RTCCLKConfig  stm32f10x_rcc.o
    0x08022340   0x00000014   Code   RO          883    i.RCC_SYSCLKConfig  stm32f10x_rcc.o
    0x08022354   0x00000030   Code   RO          885    i.RCC_WaitForHSEStartUp  stm32f10x_rcc.o
    0x08022384   0x00000018   Code   RO          889    i.RTC_EnterConfigMode  stm32f10x_rtc.o
    0x0802239c   0x0000001c   Code   RO          890    i.RTC_ExitConfigMode  stm32f10x_rtc.o
    0x080223b8   0x0000001c   Code   RO          891    i.RTC_GetCounter    stm32f10x_rtc.o
    0x080223d4   0x00000030   Code   RO          895    i.RTC_ITConfig      stm32f10x_rtc.o
    0x08022404   0x00000024   Code   RO          897    i.RTC_SetCounter    stm32f10x_rtc.o
    0x08022428   0x00000024   Code   RO          898    i.RTC_SetPrescaler  stm32f10x_rtc.o
    0x0802244c   0x00000014   Code   RO          899    i.RTC_WaitForLastTask  stm32f10x_rtc.o
    0x08022460   0x00000028   Code   RO          900    i.RTC_WaitForSynchro  stm32f10x_rtc.o
    0x08022488   0x00000090   Code   RO          140    i.ReadDatasFromSIM300_OKstr  gprs.o
    0x08022518   0x0000003a   Code   RO          141    i.ReadDatasFromtty  gprs.o
    0x08022552   0x00000002   PAD
    0x08022554   0x00000098   Code   RO          385    i.ReadEepromPage    selftest.o
    0x080225ec   0x000000a4   Code   RO          386    i.ReadFlashPage     selftest.o
    0x08022690   0x00000190   Code   RO          112    i.ReadOutOrders     foodorder.o
    0x08022820   0x00000070   Code   RO          480    i.ReadSomeMessage   setting.o
    0x08022890   0x000005e4   Code   RO          266    i.ReceiveMailBox    message.o
    0x08022e74   0x00000450   Code   RO          113    i.RejectOrder       foodorder.o
    0x080232c4   0x00000070   Code   RO          481    i.RejectReason_set  setting.o
    0x08023334   0x00000298   Code   RO          114    i.Reject_Orders     foodorder.o
    0x080235cc   0x000000d4   Code   RO          575    i.Reset_WiFi        wifi.o
    0x080236a0   0x000000a0   Code   RO          482    i.RestaurantID_set  setting.o
    0x08023740   0x00000170   Code   RO          483    i.RestoreChuChangSet  setting.o
    0x080238b0   0x00000108   Code   RO          484    i.RestoreConfigFile  setting.o
    0x080239b8   0x000001b4   Code   RO          485    i.RestoreGlobalVariable  setting.o
    0x08023b6c   0x00000018   Code   RO          936    i.SPI_Cmd           stm32f10x_spi.o
    0x08023b84   0x00000012   Code   RO          944    i.SPI_I2S_GetFlagStatus  stm32f10x_spi.o
    0x08023b96   0x00000006   Code   RO          947    i.SPI_I2S_ReceiveData  stm32f10x_spi.o
    0x08023b9c   0x00000004   Code   RO          948    i.SPI_I2S_SendData  stm32f10x_spi.o
    0x08023ba0   0x0000003c   Code   RO          949    i.SPI_Init          stm32f10x_spi.o
    0x08023bdc   0x00000018   Code   RO          951    i.SPI_SSOutputCmd   stm32f10x_spi.o
    0x08023bf4   0x00000002   Code   RO          597    i.SVC_Handler       stm32f10x_it.o
    0x08023bf6   0x00000002   PAD
    0x08023bf8   0x00000280   Code   RO          576    i.Search_Wifi       wifi.o
    0x08023e78   0x0000008c   Code   RO          387    i.SelfTest          selftest.o
    0x08023f04   0x00000084   Code   RO          388    i.SelfTest_BatVoltage  selftest.o
    0x08023f88   0x00000050   Code   RO          389    i.SelfTest_DisplayFont  selftest.o
    0x08023fd8   0x000002dc   Code   RO          390    i.SelfTest_ICTest   selftest.o
    0x080242b4   0x00000314   Code   RO          391    i.SelfTest_Key      selftest.o
    0x080245c8   0x000000ec   Code   RO          392    i.SelfTest_LED      selftest.o
    0x080246b4   0x0000013c   Code   RO          393    i.SelfTest_MagCard  selftest.o
    0x080247f0   0x000001fc   Code   RO          394    i.SelfTest_MakeCall  selftest.o
    0x080249ec   0x000002d8   Code   RO          395    i.SelfTest_PSAM1Test  selftest.o
    0x08024cc4   0x000002d8   Code   RO          396    i.SelfTest_PSAM2Test  selftest.o
    0x08024f9c   0x00000510   Code   RO          397    i.SelfTest_Printer  selftest.o
    0x080254ac   0x00000120   Code   RO          398    i.SelfTest_PrinterFont  selftest.o
    0x080255cc   0x0000008c   Code   RO          400    i.SelfTest_ReadEepromPage0_30  selftest.o
    0x08025658   0x00000290   Code   RO          401    i.SelfTest_ReceiveMessage  selftest.o
    0x080258e8   0x000001d8   Code   RO          402    i.SelfTest_SendSMS  selftest.o
    0x08025ac0   0x00000098   Code   RO          403    i.SelfTest_Soft     selftest.o
    0x08025b58   0x0000008c   Code   RO          143    i.SendAtCommand_UntillSuccess  gprs.o
    0x08025be4   0x000000b4   Code   RO          550    i.SendMessage_TextMode  sim900b.o
    0x08025c98   0x0000000c   Code   RO          267    i.SendedBox         message.o
    0x08025ca4   0x0000000c   Code   RO          268    i.SendedMessage     message.o
    0x08025cb0   0x00000054   Code   RO          115    i.SeperateIpAndPort  foodorder.o
    0x08025d04   0x0000000c   Code   RO          160    i.SetAutoExitTime   key.o
    0x08025d10   0x0000000c   Code   RO          161    i.SetBLOverTime     key.o
    0x08025d1c   0x00000036   Code   RO          486    i.SetBitOfDecimal   setting.o
    0x08025d52   0x00000008   Code   RO          600    i.SetSysClock       system_stm32f10x.o
    0x08025d5a   0x00000002   PAD
    0x08025d5c   0x000000c8   Code   RO          601    i.SetSysClockTo72   system_stm32f10x.o
    0x08025e24   0x0000011c   Code   RO          269    i.Sim900B_init      message.o
    0x08025f40   0x00000078   Code   RO          405    i.SoftWare_Debug    selftest.o
    0x08025fb8   0x000000a8   Code   RO          206    i.StandbyResponseUserMenu  main.o
    0x08026060   0x000000f0   Code   RO          487    i.StorageVariable   setting.o
    0x08026150   0x0000020c   Code   RO          116    i.StoreAnOrder      foodorder.o
    0x0802635c   0x000000f6   Code   RO          519    i.SwitchSrf         shurufa.o
    0x08026452   0x000000f6   Code   RO          131    i.Switch_InputMode  forminput.o
    0x08026548   0x00000002   Code   RO          598    i.SysTick_Handler   stm32f10x_it.o
    0x0802654a   0x00000002   PAD
    0x0802654c   0x00000060   Code   RO          603    i.SystemInit        system_stm32f10x.o
    0x080265ac   0x00000006   Code   RO          965    i.TIM_ClearITPendingBit  stm32f10x_tim.o
    0x080265b2   0x00000018   Code   RO          970    i.TIM_Cmd           stm32f10x_tim.o
    0x080265ca   0x00000002   PAD
    0x080265cc   0x000001e8   Code   RO          975    i.TIM_DeInit        stm32f10x_tim.o
    0x080267b4   0x00000022   Code   RO          991    i.TIM_GetITStatus   stm32f10x_tim.o
    0x080267d6   0x00000018   Code   RO          995    i.TIM_ITConfig      stm32f10x_tim.o
    0x080267ee   0x00000002   PAD
    0x080267f0   0x000000a4   Code   RO         1041    i.TIM_TimeBaseInit  stm32f10x_tim.o
    0x08026894   0x00000060   Code   RO          406    i.TemporaryNotProvideThisFunction  selftest.o
    0x080268f4   0x0000018c   Code   RO          488    i.TerminalIDSet     setting.o
    0x08026a80   0x0000018c   Code   RO          489    i.TerminalPasswordSet  setting.o
    0x08026c0c   0x0000046c   Code   RO          490    i.TimeDateSet       setting.o
    0x08027078   0x00000104   Code   RO          491    i.TimeZoneSet       setting.o
    0x0802717c   0x00000048   Code   RO          492    i.TranslateKeyToDecimal  setting.o
    0x080271c4   0x00000058   Code   RO          270    i.UCS2to8bit        message.o
    0x0802721c   0x0000001e   Code   RO         1046    i.USART_ClearITPendingBit  stm32f10x_usart.o
    0x0802723a   0x00000020   Code   RO         1047    i.USART_ClockInit   stm32f10x_usart.o
    0x0802725a   0x00000018   Code   RO         1049    i.USART_Cmd         stm32f10x_usart.o
    0x08027272   0x00000018   Code   RO         1050    i.USART_DMACmd      stm32f10x_usart.o
    0x0802728a   0x0000001a   Code   RO         1052    i.USART_GetFlagStatus  stm32f10x_usart.o
    0x080272a4   0x00000054   Code   RO         1053    i.USART_GetITStatus  stm32f10x_usart.o
    0x080272f8   0x00000048   Code   RO         1055    i.USART_ITConfig    stm32f10x_usart.o
    0x08027340   0x000000d8   Code   RO         1056    i.USART_Init        stm32f10x_usart.o
    0x08027418   0x0000000a   Code   RO         1063    i.USART_ReceiveData  stm32f10x_usart.o
    0x08027422   0x00000008   Code   RO         1066    i.USART_SendData    stm32f10x_usart.o
    0x0802742a   0x00000010   Code   RO         1068    i.USART_SetGuardTime  stm32f10x_usart.o
    0x0802743a   0x00000010   Code   RO         1069    i.USART_SetPrescaler  stm32f10x_usart.o
    0x0802744a   0x00000018   Code   RO         1070    i.USART_SmartCardCmd  stm32f10x_usart.o
    0x08027462   0x00000018   Code   RO         1071    i.USART_SmartCardNACKCmd  stm32f10x_usart.o
    0x0802747a   0x00000002   PAD
    0x0802747c   0x00000338   Code   RO          493    i.UpdateParameter   setting.o
    0x080277b4   0x000000d8   Code   RO          207    i.UpgradeCSPN       main.o
    0x0802788c   0x0000031c   Code   RO          408    i.UpgradeChinese    selftest.o
    0x08027ba8   0x000000fc   Code   RO          208    i.UpgradeElectricity  main.o
    0x08027ca4   0x0000005c   Code   RO          209    i.UpgradeNetworkState  main.o
    0x08027d00   0x0000007c   Code   RO          210    i.UpgradeSignalQuality  main.o
    0x08027d7c   0x000000a8   Code   RO          494    i.UpgradeURL_Set    setting.o
    0x08027e24   0x000000f4   Code   RO          211    i.UpgradeWiFiSignal  main.o
    0x08027f18   0x0000001c   Code   RO          599    i.UsageFault_Handler  stm32f10x_it.o
    0x08027f34   0x000000a8   Code   RO          495    i.VersionURL_Set    setting.o
    0x08027fdc   0x0000000c   Code   RO          271    i.VoiceBoxNumberSet  message.o
    0x08027fe8   0x0000000c   Code   RO          272    i.VoiceBoxReceive   message.o
    0x08027ff4   0x00000068   Code   RO          496    i.WANSet            setting.o
    0x0802805c   0x0000004c   Code   RO          497    i.WIFIParStore      setting.o
    0x080280a8   0x00000068   Code   RO          498    i.WIFIParmeterSet   setting.o
    0x08028110   0x000000c8   Code   RO          499    i.WIFISet           setting.o
    0x080281d8   0x00000178   Code   RO          577    i.WPManage          wifi.o
    0x08028350   0x00000010   Code   RO          162    i.WaitKeyRelease    key.o
    0x08028360   0x00000050   Code   RO          163    i.WaitkeyAndAutoExit  key.o
    0x080283b0   0x00000048   Code   RO          578    i.WiFi_Close        wifi.o
    0x080283f8   0x00000280   Code   RO          579    i.WiFi_Connect      wifi.o
    0x08028678   0x000000b4   Code   RO          580    i.WiFi_Receive      wifi.o
    0x0802872c   0x00000028   Code   RO          581    i.WiFi_Send         wifi.o
    0x08028754   0x000000d4   Code   RO          409    i.WriteFlashPage    selftest.o
    0x08028828   0x0000000c   Code   RO          273    i.WriteMessage      message.o
    0x08028834   0x0000005c   Code   RO          132    i._123ReadCode      forminput.o
    0x08028890   0x00000088   Code   RO          520    i._123ReadCode      shurufa.o
    0x08028918   0x00000088   Code   RO          521    i._123TimeInput     shurufa.o
    0x080289a0   0x000002cc   Code   RO          522    i._GetString_123TimeInput  shurufa.o
    0x08028c6c   0x0000033c   Code   RO          523    i._GetString_abcABC123PYWuBi  shurufa.o
    0x08028fa8   0x0000023e   Code   RO          524    i._PassWordInput_MiddledDisplay  shurufa.o
    0x080291e6   0x0000024c   Code   RO          525    i._PassWordInput_XposStartDisplay  shurufa.o
    0x08029432   0x00000002   PAD
    0x08029434   0x00000020   Code   RO         1280    i.__0printf         printfa.o(mc_w.l)
    0x08029454   0x00000028   Code   RO         1282    i.__0sprintf        printfa.o(mc_w.l)
    0x0802947c   0x00000016   Code   RO           65    i.__EepromFile_Delete  eepromfilesystem.o
    0x08029492   0x00000002   PAD
    0x08029494   0x00000008   Code   RO         1333    i.__aeabi_errno_addr  errno.o(mc_w.l)
    0x0802949c   0x0000000e   Code   RO         1371    i.__scatterload_copy  handlers.o(mc_w.l)
    0x080294aa   0x00000002   Code   RO         1372    i.__scatterload_null  handlers.o(mc_w.l)
    0x080294ac   0x0000000e   Code   RO         1373    i.__scatterload_zeroinit  handlers.o(mc_w.l)
    0x080294ba   0x00000002   PAD
    0x080294bc   0x000001a0   Code   RO         1287    i._fp_digits        printfa.o(mc_w.l)
    0x0802965c   0x00000128   Code   RO          278    i._my_DisplayBuff   my_library.o
    0x08029784   0x00000720   Code   RO         1288    i._printf_core      printfa.o(mc_w.l)
    0x08029ea4   0x00000026   Code   RO         1289    i._printf_post_padding  printfa.o(mc_w.l)
    0x08029eca   0x0000002e   Code   RO         1290    i._printf_pre_padding  printfa.o(mc_w.l)
    0x08029ef8   0x0000000a   Code   RO         1292    i._sputc            printfa.o(mc_w.l)
    0x08029f02   0x00000002   PAD
    0x08029f04   0x00000180   Code   RO          144    i._tcp_Connect      gprs.o
    0x0802a084   0x00000030   Code   RO          526    i.abcABC123PYWuBiArgDeInit  shurufa.o
    0x0802a0b4   0x000001bc   Code   RO          133    i.abcReadCode       forminput.o
    0x0802a270   0x00000214   Code   RO          527    i.abcReadCode       shurufa.o
    0x0802a484   0x00000060   Code   RO          410    i.abeyant           selftest.o
    0x0802a4e4   0x000000b8   Code   RO          582    i.auto_connect_to_wifi  wifi.o
    0x0802a59c   0x00000024   Code   RO          171    i.clear_area        lcd.o
    0x0802a5c0   0x0000002a   Code   RO          172    i.clear_area_to_row  lcd.o
    0x0802a5ea   0x00000020   Code   RO          173    i.draw_line         lcd.o
    0x0802a60a   0x00000026   Code   RO          175    i.draw_pic          lcd.o
    0x0802a630   0x0000002c   Code   RO          176    i.draw_rect         lcd.o
    0x0802a65c   0x0000002c   Code   RO          177    i.fill_rect         lcd.o
    0x0802a688   0x00000014   Code   RO          528    i.flashcursor       shurufa.o
    0x0802a69c   0x00000016   Code   RO          529    i.flashguangbiao_to_row  shurufa.o
    0x0802a6b2   0x00000002   PAD
    0x0802a6b4   0x0000003c   Code   RO          530    i.flightcursor      shurufa.o
    0x0802a6f0   0x00000024   Code   RO          279    i.fputc             my_library.o
    0x0802a714   0x00000050   Code   RO         1294    i.free              malloc.o(mc_w.l)
    0x0802a764   0x00000078   Code   RO          567    i.get_ucs2_offset   ucs2_to_gb2312.o
    0x0802a7dc   0x00000020   Code   RO          118    i.kmy_EnableDisableTime3  foodorder.o
    0x0802a7fc   0x0000020c   Code   RO          119    i.kmy_NetStateSet   foodorder.o
    0x0802aa08   0x00000068   Code   RO          212    i.kmy_OneMiliSecondCallThread  main.o
    0x0802aa70   0x0000001c   Code   RO          213    i.kmy_TIM3Init      main.o
    0x0802aa8c   0x00000074   Code   RO          583    i.kmy_WifiInit      wifi.o
    0x0802ab00   0x00000030   Code   RO          214    i.main              main.o
    0x0802ab30   0x0000006c   Code   RO         1295    i.malloc            malloc.o(mc_w.l)
    0x0802ab9c   0x000001fc   Code   RO          531    i.my_ABCReadCode    shurufa.o
    0x0802ad98   0x00000188   Code   RO          532    i.my_AccordPointInsertEdit  shurufa.o
    0x0802af20   0x00000022   Code   RO          300    i.my_AsciiToOctor   mypure_library.o
    0x0802af42   0x00000104   Code   RO          280    i.my_DisplayBuff    my_library.o
    0x0802b046   0x000000e6   Code   RO          294    i.my_DisplayMenuPercent  my_menuop.o
    0x0802b12c   0x00000008   Code   RO          281    i.my_GetCurrentMs   my_library.o
    0x0802b134   0x00000018   Code   RO          308    i.my_MovePointToHex  mypure_library.o
    0x0802b14c   0x00000030   Code   RO          314    i.my_TwoAscciiToOneHex  mypure_library.o
    0x0802b17c   0x000001fc   Code   RO          533    i.my_abcReadCode    shurufa.o
    0x0802b378   0x0000003c   Code   RO          317    i.my_buff_TwoAscciiToOneHex  mypure_library.o
    0x0802b3b4   0x00000054   Code   RO          285    i.my_charhexprintf_buff  my_library.o
    0x0802b408   0x0000003c   Code   RO          318    i.my_itoa           mypure_library.o
    0x0802b444   0x0000004a   Code   RO          286    i.my_movePointToNextLine  my_library.o
    0x0802b48e   0x0000002c   Code   RO          287    i.my_movePointToPrevLine  my_library.o
    0x0802b4ba   0x0000005a   Code   RO          288    i.my_strcat_insert  my_library.o
    0x0802b514   0x00000026   Code   RO          326    i.my_strcpy_DeleteTailByte  mypure_library.o
    0x0802b53a   0x00000024   Code   RO          327    i.my_strcpy_EncounterHexEnd  mypure_library.o
    0x0802b55e   0x00000030   Code   RO          178    i.my_strcpy_fillspace  lcd.o
    0x0802b58e   0x00000036   Code   RO          179    i.my_strcpy_fillspace_bytes  lcd.o
    0x0802b5c4   0x00000020   Code   RO          329    i.my_strdel         mypure_library.o
    0x0802b5e4   0x0000004c   Code   RO          334    i.my_string_insert  mypure_library.o
    0x0802b630   0x00000018   Code   RO          335    i.my_string_replace  mypure_library.o
    0x0802b648   0x00000068   Code   RO          584    i.rak_asciiDotAddressTouint32  wifi.o
    0x0802b6b0   0x00000248   Code   RO          585    i.rak_init_struct   wifi.o
    0x0802b8f8   0x00000024   Code   RO          180    i.reverse_area      lcd.o
    0x0802b91c   0x0000002e   Code   RO          181    i.reverse_area_to_row  lcd.o
    0x0802b94a   0x00000002   PAD
    0x0802b94c   0x00000038   Code   RO          500    i.searchPosInItems  setting.o
    0x0802b984   0x00000028   Code   RO          145    i.send_at_cmd       gprs.o
    0x0802b9ac   0x000000cc   Code   RO          146    i.send_at_cmd_and_receive  gprs.o
    0x0802ba78   0x000000b0   Code   RO          147    i.send_at_cmd_and_return  gprs.o
    0x0802bb28   0x000000fc   Code   RO          148    i.send_at_cmd_and_return_3errs  gprs.o
    0x0802bc24   0x00000114   Code   RO          150    i.set_apn           gprs.o
    0x0802bd38   0x00000016   Code   RO          182    i.set_contrast      lcd.o
    0x0802bd4e   0x0000004e   Code   RO          534    i.srf_strcat_insert  shurufa.o
    0x0802bd9c   0x0000002e   Code   RO          183    i.steaddraw_pic_to_row_x  lcd.o
    0x0802bdca   0x00000002   PAD
    0x0802bdcc   0x000000c4   Code   RO          151    i.tcp_Connect       gprs.o
    0x0802be90   0x000000a0   Code   RO          153    i.tcp_receive       gprs.o
    0x0802bf30   0x000000cc   Code   RO          154    i.tcp_send          gprs.o
    0x0802bffc   0x00000030   Code   RO          184    i.text_out_length   lcd.o
    0x0802c02c   0x00000030   Code   RO          185    i.text_out_to_row   lcd.o
    0x0802c05c   0x0000002c   Code   RO          186    i.text_out_to_row_Language2  lcd.o
    0x0802c088   0x0000003c   Code   RO          187    i.text_out_to_row_fillSpace  lcd.o
    0x0802c0c4   0x0000001c   Code   RO          188    i.text_out_to_row_x  lcd.o
    0x0802c0e0   0x00000038   Code   RO          189    i.text_out_to_row_x_Language2  lcd.o
    0x0802c118   0x00000290   Code   RO          569    i.ucs2str_to_gb2312str  ucs2_to_gb2312.o
    0x0802c3a8   0x00000080   Data   RO           67    .constdata          eepromfilesystem.o
    0x0802c428   0x000008a3   Data   RO          122    .constdata          foodorder.o
    0x0802cccb   0x00000001   PAD
    0x0802cccc   0x00000050   Data   RO          134    .constdata          forminput.o
    0x0802cd1c   0x00000658   Data   RO          216    .constdata          main.o
    0x0802d374   0x0000008c   Data   RO          275    .constdata          message.o
    0x0802d400   0x00000110   Data   RO          337    .constdata          mypure_library.o
    0x0802d510   0x0000566f   Data   RO          411    .constdata          selftest.o
    0x08032b7f   0x00000001   PAD
    0x08032b80   0x000002ac   Data   RO          502    .constdata          setting.o
    0x08032e2c   0x000000a0   Data   RO          535    .constdata          shurufa.o
    0x08032ecc   0x000042a8   Data   RO          570    .constdata          ucs2_to_gb2312.o
    0x08037174   0x00000021   Data   RO          572    .constdata          version.o
    0x08037195   0x00000003   PAD
    0x08037198   0x000000cc   Data   RO          587    .constdata          wifi.o
    0x08037264   0x00000c00   Data   RO         1091    .constdata          kmy_lcddrv.o(kmy_Drv_Vector.lib)
    0x08037e64   0x00002a80   Data   RO         1095    .constdata          kmy_printerdrv.o(kmy_Drv_Vector.lib)
    0x0803a8e4   0x0000000f   Data   RO         1099    .constdata          kmy_psamdrv.o(kmy_Drv_Vector.lib)
    0x0803a8f3   0x00000001   PAD
    0x0803a8f4   0x0000004c   Data   RO         1104    .constdata          kmy_time.o(kmy_Drv_Vector.lib)
    0x0803a940   0x00000014   Data   RO         1108    .constdata          kmy_usart1drv.o(kmy_Drv_Vector.lib)
    0x0803a954   0x00000081   Data   RO         1347    .constdata          ctype_o.o(mc_w.l)
    0x0803a9d5   0x00000003   PAD
    0x0803a9d8   0x00000004   Data   RO         1348    .constdata          ctype_o.o(mc_w.l)
    0x0803a9dc   0x0000001c   Data   RO          123    .conststring        foodorder.o
    0x0803a9f8   0x00000079   Data   RO          135    .conststring        forminput.o
    0x0803aa71   0x00000041   Data   RO          217    .conststring        main.o
    0x0803aab2   0x000001c5   Data   RO          276    .conststring        message.o
    0x0803ac77   0x00000355   Data   RO          412    .conststring        selftest.o
    0x0803afcc   0x000009ad   Data   RO          503    .conststring        setting.o
    0x0803b979   0x00000022   Data   RO          536    .conststring        shurufa.o
    0x0803b99b   0x00000001   PAD
    0x0803b99c   0x00000020   Data   RO         1369    Region$$Table       anon$$obj.o


    Execution Region RW_IRAM1 (Base: 0x20000000, Size: 0x00009570, Max: 0x00010000, ABSOLUTE, COMPRESSED[0x000007c0])

    Base Addr    Size         Type   Attr      Idx    E Section Name        Object

    0x20000000   0x00000018   Data   RW           19    .data               cursor.o
    0x20000018   0x00000002   Data   RW           68    .data               eepromfilesystem.o
    0x2000001a   0x00000002   PAD
    0x2000001c   0x00000022   Data   RW          124    .data               foodorder.o
    0x2000003e   0x00000002   Data   RW          191    .data               lcd.o
    0x20000040   0x0000003a   Data   RW          218    .data               main.o
    0x2000007a   0x00000002   PAD
    0x2000007c   0x00000151   Data   RW          277    .data               message.o
    0x200001cd   0x00000003   PAD
    0x200001d0   0x0000018c   Data   RW          413    .data               selftest.o
    0x2000035c   0x000006c6   Data   RW          504    .data               setting.o
    0x20000a22   0x00000002   PAD
    0x20000a24   0x0000000c   Data   RW          537    .data               shurufa.o
    0x20000a30   0x0000000a   Data   RW          588    .data               wifi.o
    0x20000a3a   0x00000014   Data   RW          886    .data               stm32f10x_rcc.o
    0x20000a4e   0x00000002   PAD
    0x20000a50   0x0000000c   Data   RW         1088    .data               kmy_keydrv.o(kmy_Drv_Vector.lib)
    0x20000a5c   0x00000120   Data   RW         1096    .data               kmy_printerdrv.o(kmy_Drv_Vector.lib)
    0x20000b7c   0x00000064   Data   RW         1100    .data               kmy_psamdrv.o(kmy_Drv_Vector.lib)
    0x20000be0   0x00000004   Data   RW         1105    .data               kmy_time.o(kmy_Drv_Vector.lib)
    0x20000be4   0x00000008   Data   RW         1109    .data               kmy_usart1drv.o(kmy_Drv_Vector.lib)
    0x20000bec   0x00000008   Data   RW         1112    .data               kmy_usart2drv.o(kmy_Drv_Vector.lib)
    0x20000bf4   0x00000008   Data   RW         1115    .data               kmy_usart3drv.o(kmy_Drv_Vector.lib)
    0x20000bfc   0x00000024   Data   RW         1118    .data               kmy_magcardpadrv.o(kmy_Drv_Vector.lib)
    0x20000c20   0x0000000f   Data   RW         1121    .data               kmy_wifi.o(kmy_Drv_Vector.lib)
    0x20000c2f   0x00000001   PAD
    0x20000c30   0x00000004   Data   RW         1148    .data               stdout.o(mc_w.l)
    0x20000c34   0x00000004   Data   RW         1151    .data               rand.o(mc_w.l)
    0x20000c38   0x00000004   Data   RW         1331    .data               mvars.o(mc_w.l)
    0x20000c3c   0x00000004   Data   RW         1332    .data               mvars.o(mc_w.l)
    0x20000c40   0x00000004   Data   RW         1336    .data               errno.o(mc_w.l)
    0x20000c44   0x00000040   Zero   RW           66    .bss                eepromfilesystem.o
    0x20000c84   0x00000d64   Zero   RW          121    .bss                foodorder.o
    0x200019e8   0x00000021   Zero   RW          215    .bss                main.o
    0x20001a09   0x00000003   PAD
    0x20001a0c   0x0000058c   Zero   RW          274    .bss                message.o
    0x20001f98   0x00000dda   Zero   RW          501    .bss                setting.o
    0x20002d72   0x00000002   PAD
    0x20002d74   0x000000a0   Zero   RW          586    .bss                wifi.o
    0x20002e14   0x00000400   Zero   RW         1090    .bss                kmy_lcddrv.o(kmy_Drv_Vector.lib)
    0x20003214   0x00000084   Zero   RW         1098    .bss                kmy_psamdrv.o(kmy_Drv_Vector.lib)
    0x20003298   0x00000c00   Zero   RW         1107    .bss                kmy_usart1drv.o(kmy_Drv_Vector.lib)
    0x20003e98   0x00000c00   Zero   RW         1111    .bss                kmy_usart2drv.o(kmy_Drv_Vector.lib)
    0x20004a98   0x000000c8   Zero   RW         1114    .bss                kmy_usart3drv.o(kmy_Drv_Vector.lib)
    0x20004b60   0x0000080c   Zero   RW         1120    .bss                kmy_wifi.o(kmy_Drv_Vector.lib)
    0x2000536c   0x00000004   PAD
    0x20005370   0x00000200   Zero   RW          606    HEAP                startup_stm32f10x_hd.o
    0x20005570   0x00004000   Zero   RW          605    STACK               startup_stm32f10x_hd.o


==============================================================================

Image component sizes


      Code (inc. data)   RO Data    RW Data    ZI Data      Debug   Object Name

       424         22          0         24          0          0   cursor.o
      2596        302        128          2         64          0   eepromfilesystem.o
     18858       4758       2239         34       3428          0   foodorder.o
      3652        138        201          0          0          0   forminput.o
      2686        586          0          0          0          0   gprs.o
       188          4          0          0          0          0   key.o
       936         22          0          2          0          0   lcd.o
      3532        888       1689         58         33          0   main.o
      2918         56          0          0          0          0   menuoperate.o
      4684       1196        593        337       1420          0   message.o
       152         24          0          0          0          0   misc.o
       892         32          0          0          0          0   my_library.o
       532          0          0          0          0          0   my_menuop.o
       432          6        272          0          0          0   mypure_library.o
     10368       3680      22980        396          0          0   selftest.o
     18786       6442       3161       1734       3546          0   setting.o
      7866        358        194         12          0          0   shurufa.o
       180         60          0          0          0          0   sim900b.o
        36          8        304          0      16896          0   startup_stm32f10x_hd.o
       478         22          0          0          0          0   stm32f10x_adc.o
        92         36          0          0          0          0   stm32f10x_bkp.o
       228         28          0          0          0          0   stm32f10x_exti.o
        20          4          0          0          0          0   stm32f10x_flash.o
       508          8          0          0          0          0   stm32f10x_gpio.o
       110         52          0          0          0          0   stm32f10x_it.o
       102         14          0          0          0          0   stm32f10x_pwr.o
       840        122          0         20          0          0   stm32f10x_rcc.o
       260         66          0          0          0          0   stm32f10x_rtc.o
       136          0          0          0          0          0   stm32f10x_spi.o
       740        106          0          0          0          0   stm32f10x_tim.o
       606          6          0          0          0          0   stm32f10x_usart.o
       304         28          0          0          0          0   system_stm32f10x.o
       776         48      17064          0          0          0   ucs2_to_gb2312.o
       196        110         33          0          0          0   version.o
      3568       1062        204         10        160          0   wifi.o

    ----------------------------------------------------------------------
     88736      20294      49100       2640      25552          0   Object Totals
         0          0         32          0          0          0   (incl. Generated)
        54          0          6         11          5          0   (incl. Padding)

    ----------------------------------------------------------------------

      Code (inc. data)   RO Data    RW Data    ZI Data      Debug   Library Member Name

        94          0          0          0          0          0   __dczerorl2.o
        32          0          0          0          0          0   _chval.o
       152          0          0          0          0          0   _strtoul.o
        26          0          0          0          0          0   atoi.o
        76          2          0          0          0          0   cdrcmple.o
         8          4        133          0          0          0   ctype_o.o
        64          0          0          0          0          0   d2f.o
       350          0          0          0          0          0   dadd.o
       280          0          0          0          0          0   ddiv.o
       234          0          0          0          0          0   depilogue.o
        50          0          0          0          0          0   dfixul.o
       240          0          0          0          0          0   dmul.o
         0          0          0          0          0          0   entry.o
         8          4          0          0          0          0   entry2.o
         4          0          0          0          0          0   entry5.o
         8          4          0          0          0          0   entry7.o
         8          4          0          4          0          0   errno.o
        36          0          0          0          0          0   f2d.o
       110          0          0          0          0          0   fepilogue.o
        50          0          0          0          0          0   ffixi.o
        10          0          0          0          0          0   ffltui.o
       106          0          0          0          0          0   fmul.o
        30          0          0          0          0          0   handlers.o
        36          8          0          0          0          0   init.o
         0          0          0          0          0          0   iusefp.o
       392         36          0          0          0          0   kmy_adc.o
       124          8          0          0          0          0   kmy_battarydrv.o
        64          4          0          0          0          0   kmy_beepdrv.o
      2012         66          0          0          0          0   kmy_eepromdrv.o
       960         10          0          0          0          0   kmy_flashdrv.o
       140          6          0          0          0          0   kmy_gprsdrv.o
      2660         50          0         12          0          0   kmy_keydrv.o
      2540         62       3072          0       1024          0   kmy_lcddrv.o
        92          4          0          0          0          0   kmy_leddrv.o
      3996        286          0         36          0          0   kmy_magcardpadrv.o
       196         24          0          0          0          0   kmy_misc.o
     13176        646      10880        288          0          0   kmy_printerdrv.o
      3100        132         15        100        132          0   kmy_psamdrv.o
        88          0          0          0          0          0   kmy_tamperdrv.o
      1624         34         76          4          0          0   kmy_time.o
       572         88         20          8       3072          0   kmy_usart1drv.o
       800         60          0          8       3072          0   kmy_usart2drv.o
       524         52          0          8        200          0   kmy_usart3drv.o
      3856        740          0         15       2060          0   kmy_wifi.o
       768         54          0          0          0          0   kmy_wifi_spi.o
        32          0          0          0          0          0   llshl.o
        34          0          0          0          0          0   llsshr.o
        30          0          0          0          0          0   llushr.o
       188         22          0          0          0          0   malloc.o
        36          0          0          0          0          0   memcpya.o
        38          0          0          0          0          0   memseta.o
         0          0          0          8          0          0   mvars.o
      2406        112          0          0          0          0   printfa.o
        36         10          0          4          0          0   rand.o
         0          0          0          4          0          0   stdout.o
        28          0          0          0          0          0   strcat.o
        18          0          0          0          0          0   strchr.o
        28          0          0          0          0          0   strcmp.o
        18          0          0          0          0          0   strcpy.o
        16          0          0          0          0          0   strlen.o
        40          0          0          0          0          0   strncat.o
        24          0          0          0          0          0   strncpy.o
        44          0          0          0          0          0   strstr.o
       112          0          0          0          0          0   strtol.o
        44          0          0          0          0          0   uidiv.o
        90          0          0          0          0          0   uldiv.o

    ----------------------------------------------------------------------
     42968       2532      14200        500       9564          0   Library Totals
        10          0          4          1          4          0   (incl. Padding)

    ----------------------------------------------------------------------

      Code (inc. data)   RO Data    RW Data    ZI Data      Debug   Library Name

     37684       2362      14063        479       9560          0   kmy_Drv_Vector.lib
      3668        168        133         20          0          0   mc_w.l
      1606          2          0          0          0          0   mf_w.l

    ----------------------------------------------------------------------
     42968       2532      14200        500       9564          0   Library Totals

    ----------------------------------------------------------------------

==============================================================================


      Code (inc. data)   RO Data    RW Data    ZI Data      Debug   

    131704      22826      63300       3140      35116          0   Grand Totals
    131704      22826      63300       1984      35116          0   ELF Image Totals (compressed)
    131704      22826      63300       1984          0          0   ROM Totals

==============================================================================

    Total RO  Size (Code + RO Data)               195004 ( 190.43kB)
    Total RW  Size (RW Data + ZI Data)             38256 (  37.36kB)
    Total ROM Size (Code + RO Data + RW Data)     196988 ( 192.37kB)

==============================================================================

