<html>
<body>
<pre>
<h1>µVision Build Log</h1>
<h2>Project:</h2>
E:\coolbear\github\kmy_company-xiaoyang_xionghao\KMY801D3_Application\MDKproject\Main.uvproj
Project File Date:  08/18/2015

<h2>Output:</h2>
Build target 'Target 1'
compiling base64.c...
compiling CallRecord.c...
compiling Cursor.c...
compiling des.c...
compiling EepromFileSystem.c...
compiling FileOperate.c...
compiling FoodOrder.c...
..\Application\src\FoodOrder.c(75): warning:  #177-D: variable "SyncTimeFlag" was declared but never referenced
compiling FormInput.c...
compiling gprs.c...
compiling key.c...
compiling lcd.c...
compiling main.c...
compiling MenuOperate.c...
compiling message.c...
compiling my_library.c...
compiling my_menuop.c...
compiling mypure_library.c...
compiling PhoneBook.c...
compiling SelfTest.c...
compiling setting.c...
..\Application\src\setting.c(1986): warning:  #167-D: argument of type "char **" is incompatible with parameter of type "unsigned char **"
compiling ShuRuFa.c...
compiling sim900B.c...
compiling Tool.c...
compiling ucs2_to_GB2312.c...
compiling Version.c...
compiling Wifi.c...
compiling SyncTime.c...
compiling core_cm3.c...
compiling stm32f10x_it.c...
compiling system_stm32f10x.c...
assembling startup_stm32f10x_hd.s...
compiling misc.c...
compiling stm32f10x_adc.c...
compiling stm32f10x_bkp.c...
compiling stm32f10x_can.c...
compiling stm32f10x_cec.c...
compiling stm32f10x_crc.c...
compiling stm32f10x_dac.c...
compiling stm32f10x_dbgmcu.c...
compiling stm32f10x_dma.c...
compiling stm32f10x_exti.c...
compiling stm32f10x_flash.c...
compiling stm32f10x_fsmc.c...
compiling stm32f10x_gpio.c...
compiling stm32f10x_i2c.c...
compiling stm32f10x_iwdg.c...
compiling stm32f10x_pwr.c...
compiling stm32f10x_rcc.c...
compiling stm32f10x_rtc.c...
compiling stm32f10x_sdio.c...
compiling stm32f10x_spi.c...
compiling stm32f10x_tim.c...
compiling stm32f10x_usart.c...
compiling stm32f10x_wwdg.c...
linking...
Program Size: Code=131704 RO-data=63300 RW-data=3140 ZI-data=35116  
User command #1: E:\coolbear\software installation\keil\ARM\BIN40\fromelf.exe --bin -o Output\Main.bin CompileOutput\Main.axf
".\CompileOutput\Main.axf" - 0 Error(s), 2 Warning(s).
Load "E:\\coolbear\\github\\kmy_company-xiaoyang_xionghao\\KMY801D3_Application\\MDKproject\\CompileOutput\\Main.AXF" 

JLink info:
-----------
DLL: V4.11i, compiled Jan 28 2010 19:55:25
Firmware: J-Link ARM V8 compiled Dec  6 2011 18:57:44
Hardware: V8.00
S/N : 99999994 
Feature(s) : RDI,FlashDL,FlashBP,JFlash,GDBFULL 
---
* JLink Info: Found SWD-DP with ID 0x1BA01477
* JLink Info: TPIU fitted.
* JLink Info: ETM fitted.
* JLink Info:   FPUnit: 6 code (BP) slots and 2 literal slots
* JLink Info: Found SWD-DP with ID 0x1BA01477
* JLink Info: TPIU fitted.
* JLink Info: ETM fitted.
* JLink Info:   FPUnit: 6 code (BP) slots and 2 literal slots

Target info:
------------
Device: STM32F103VE
VTarget = 3.209V
State of Pins: 
TCK: 0, TDI: 0, TDO: 0, TMS: 0, TRES: 1, TRST: 1
* JLink Info: Found SWD-DP with ID 0x1BA01477
* JLink Info: TPIU fitted.
* JLink Info: ETM fitted.
* JLink Info:   FPUnit: 6 code (BP) slots and 2 literal slots
Hardware-Breakpoints: 6
Software-Breakpoints: 2048
Watchpoints:          4
JTAG speed: 500 kHz
---
* JLink Info: Found SWD-DP with ID 0x1BA01477
* JLink Info: TPIU fitted.
* JLink Info: ETM fitted.
* JLink Info:   FPUnit: 6 code (BP) slots and 2 literal slots
Erase Done.
Programming Done.
Verify OK.
* JLink Info: Found SWD-DP with ID 0x1BA01477
* JLink Info: TPIU fitted.
* JLink Info: ETM fitted.
* JLink Info:   FPUnit: 6 code (BP) slots and 2 literal slots
Application running ...
Build target 'Target 1'
compiling base64.c...
compiling CallRecord.c...
compiling Cursor.c...
compiling des.c...
compiling EepromFileSystem.c...
compiling FileOperate.c...
compiling FoodOrder.c...
..\Application\src\FoodOrder.c(75): warning:  #177-D: variable "SyncTimeFlag" was declared but never referenced
compiling FormInput.c...
compiling gprs.c...
compiling key.c...
compiling lcd.c...
compiling main.c...
compiling MenuOperate.c...
compiling message.c...
compiling my_library.c...
compiling my_menuop.c...
compiling mypure_library.c...
compiling PhoneBook.c...
compiling SelfTest.c...
compiling setting.c...
..\Application\src\setting.c(1986): warning:  #167-D: argument of type "char **" is incompatible with parameter of type "unsigned char **"
compiling ShuRuFa.c...
compiling sim900B.c...
compiling Tool.c...
compiling ucs2_to_GB2312.c...
compiling Version.c...
compiling Wifi.c...
compiling SyncTime.c...
compiling core_cm3.c...
compiling stm32f10x_it.c...
compiling system_stm32f10x.c...
assembling startup_stm32f10x_hd.s...
compiling misc.c...
compiling stm32f10x_adc.c...
compiling stm32f10x_bkp.c...
compiling stm32f10x_can.c...
compiling stm32f10x_cec.c...
compiling stm32f10x_crc.c...
compiling stm32f10x_dac.c...
compiling stm32f10x_dbgmcu.c...
compiling stm32f10x_dma.c...
compiling stm32f10x_exti.c...
compiling stm32f10x_flash.c...
compiling stm32f10x_fsmc.c...
compiling stm32f10x_gpio.c...
compiling stm32f10x_i2c.c...
compiling stm32f10x_iwdg.c...
compiling stm32f10x_pwr.c...
compiling stm32f10x_rcc.c...
compiling stm32f10x_rtc.c...
compiling stm32f10x_sdio.c...
compiling stm32f10x_spi.c...
compiling stm32f10x_tim.c...
compiling stm32f10x_usart.c...
compiling stm32f10x_wwdg.c...
linking...
Program Size: Code=131704 RO-data=63300 RW-data=3140 ZI-data=35116  
User command #1: E:\coolbear\software installation\keil\ARM\BIN40\fromelf.exe --bin -o Output\Main.bin CompileOutput\Main.axf
".\CompileOutput\Main.axf" - 0 Error(s), 2 Warning(s).
Load "E:\\coolbear\\github\\kmy_company-xiaoyang_xionghao\\KMY801D3_Application\\MDKproject\\CompileOutput\\Main.AXF" 

JLink info:
-----------
DLL: V4.11i, compiled Jan 28 2010 19:55:25
Firmware: J-Link ARM V8 compiled Dec  6 2011 18:57:44
Hardware: V8.00
S/N : 99999994 
Feature(s) : RDI,FlashDL,FlashBP,JFlash,GDBFULL 
---
* JLink Info: Found SWD-DP with ID 0x1BA01477
* JLink Info: TPIU fitted.
* JLink Info: ETM fitted.
* JLink Info:   FPUnit: 6 code (BP) slots and 2 literal slots
* JLink Info: Found SWD-DP with ID 0x1BA01477
* JLink Info: TPIU fitted.
* JLink Info: ETM fitted.
* JLink Info:   FPUnit: 6 code (BP) slots and 2 literal slots

Target info:
------------
Device: STM32F103VE
VTarget = 3.209V
State of Pins: 
TCK: 0, TDI: 0, TDO: 0, TMS: 0, TRES: 1, TRST: 1
* JLink Info: Found SWD-DP with ID 0x1BA01477
* JLink Info: TPIU fitted.
* JLink Info: ETM fitted.
* JLink Info:   FPUnit: 6 code (BP) slots and 2 literal slots
Hardware-Breakpoints: 6
Software-Breakpoints: 2048
Watchpoints:          4
JTAG speed: 500 kHz
---
* JLink Info: Found SWD-DP with ID 0x1BA01477
* JLink Info: TPIU fitted.
* JLink Info: ETM fitted.
* JLink Info:   FPUnit: 6 code (BP) slots and 2 literal slots
Erase Done.
Programming Done.
Verify OK.
* JLink Info: Found SWD-DP with ID 0x1BA01477
* JLink Info: TPIU fitted.
* JLink Info: ETM fitted.
* JLink Info:   FPUnit: 6 code (BP) slots and 2 literal slots
Application running ...
